******************************************************************************
                  TI ARM Linker PC v20.2.5                     
******************************************************************************
>> Linked Wed Nov 17 13:40:45 2021

OUTPUT FILE NAME:   <Mechagodzilla.out>
ENTRY POINT SYMBOL: "_c_int00"  address: 00003e99


MEMORY CONFIGURATION

         name            origin    length      used     unused   attr    fill
----------------------  --------  ---------  --------  --------  ----  --------
  FLASH                 00000000   00040000  0000790c  000386f4  R  X
  SRAM                  20000000   00008000  000015ba  00006a46  RW X


SEGMENT ALLOCATION MAP

run origin  load origin   length   init length attrs members
----------  ----------- ---------- ----------- ----- -------
00000000    00000000    00007918   00007918    r-x
  00000000    00000000    0000003c   0000003c    r-- .resetVecs
  00000040    00000040    000057ea   000057ea    r-x .text
  0000582c    0000582c    00001ec6   00001ec6    r-- .const
  000076f8    000076f8    00000220   00000220    r-- .cinit
20000000    20000000    000015c0   00000000    rw-
  20000000    20000000    00000360   00000000    rw- .vecs
  20000360    20000360    00000b56   00000000    rw- .bss
  20000eb8    20000eb8    00000404   00000000    rw- .data
  200012c0    200012c0    00000300   00000000    rw- .stack


SECTION ALLOCATION MAP

 output                                  attributes/
section   page    origin      length       input sections
--------  ----  ----------  ----------   ----------------
.text      0    00000040    000057ea     
                  00000040    00000430     sysbios.aem4f : BIOS.obj (.text:ti_sysbios_family_arm_m3_Hwi_excDumpRegs__I)
                  00000470    0000034c     ti.targets.arm.rtsarm.aem4f : System.oem4f (.text:xdc_runtime_System_doPrint__I)
                  000007bc    00000004     driverlib.lib : timer.obj (.text:TimerIntClear)
                  000007c0    000002d0     sysbios.aem4f : BIOS.obj (.text:ti_sysbios_knl_Semaphore_pend__E)
                  00000a90    0000026c                   : BIOS.obj (.text:ti_sysbios_heaps_HeapMem_free__E)
                  00000cfc    00000004     driverlib.lib : uart.obj (.text:UARTIntClear)
                  00000d00    00000250     sysbios.aem4f : BIOS.obj (.text:ti_sysbios_heaps_HeapMem_alloc__E)
                  00000f50    000001f4                   : BIOS.obj (.text:ti_sysbios_family_arm_m3_Hwi_excHandlerMax__I)
                  00001144    000001bc     sensing.obj (.text:PID)
                  00001300    000001b6     rtsv7M4_T_le_v4SPD16_eabi.lib : fd_add_t2.asm.obj (.text)
                  000014b6    00000002                                   : _lock.c.obj (.text:_nop)
                  000014b8    00000174     sysbios.aem4f : BIOS.obj (.text:ti_sysbios_family_arm_m3_Hwi_excBusFault__I)
                  0000162c    00000004     rtsv7M4_T_le_v4SPD16_eabi.lib : exit.c.obj (.text:abort:abort)
                  00001630    00000164     sysbios.aem4f : BIOS.obj (.text:ti_sysbios_family_arm_m3_Hwi_excUsageFault__I)
                  00001794    00000004     empty_pem4f.oem4f (.text:ti_sysbios_BIOS_RtsGateProxy_enter__E)
                  00001798    00000148     sysbios.aem4f : BIOS.obj (.text:ti_sysbios_family_arm_m3_Hwi_excMemFault__I)
                  000018e0    0000013c                   : BIOS.obj (.text:ti_sysbios_heaps_HeapMem_Instance_init__E)
                  00001a1c    00000136     rtsv7M4_T_le_v4SPD16_eabi.lib : fd_div_t2.asm.obj (.text)
                  00001b52    00000130     driverlib.lib : gpio.obj (.text:GPIOPadConfigSet)
                  00001c82    00000002     main.obj (.text:dist)
                  00001c84    00000118     ti.targets.arm.rtsarm.aem4f : Error.oem4f (.text:xdc_runtime_Error_policyDefault__E)
                  00001d9c    0000010c     driverlib.lib : sysctl.obj (.text:SysCtlClockGet)
                  00001ea8    00000100     Boot.aem4f : Boot_sysctl.oem4f (.text:ti_catalog_arm_cortexm4_tiva_ce_Boot_sysCtlClockSetI__I)
                  00001fa8    00000100     ti.targets.arm.rtsarm.aem4f : Core-mem.oem4f (.text:xdc_runtime_Core_createObject__I)
                  000020a8    000000fc     rtsv7M4_T_le_v4SPD16_eabi.lib : fd_mul_t2.asm.obj (.text)
                  000021a4    000000f8     ti.targets.arm.rtsarm.aem4f : Startup.oem4f (.text:xdc_runtime_Startup_startMods__I)
                  0000229c    000000f8     empty_pem4f.oem4f (.text:xdc_runtime_System_printfExtend__I)
                  00002394    000000f4     sysbios.aem4f : m3_Hwi_asm.obj (.text:ti_sysbios_family_arm_m3_Hwi_dispatch__I)
                  00002488    000000f0     driverlib.lib : sysctl.obj (.text:SysCtlClockSet)
                  00002578    000000ec     sysbios.aem4f : BIOS.obj (.text:ti_sysbios_knl_Semaphore_post__E)
                  00002664    000000e8     movement.obj (.text:CalculateSpeed)
                  0000274c    000000d4     sensing.obj (.text:IRDistanceDisplay)
                  00002820    000000cc     ti.targets.arm.rtsarm.aem4f : Core-smem.oem4f (.text:xdc_runtime_Core_constructObject__I)
                  000028ec    000000c0     LightTimer.obj (.text:identify_color)
                  000029ac    00000004     empty_pem4f.oem4f (.text:ti_sysbios_BIOS_RtsGateProxy_leave__E)
                  000029b0    000000bc     sysbios.aem4f : BIOS.obj (.text:ti_sysbios_family_arm_m3_Hwi_excDebugMon__I)
                  00002a6c    00000004     empty_pem4f.oem4f (.text:ti_sysbios_family_arm_m3_TaskSupport_Module__startupDone__S)
                  00002a70    000000bc     sysbios.aem4f : BIOS.obj (.text:ti_sysbios_family_arm_m3_Hwi_excHardFault__I)
                  00002b2c    00000004     empty_pem4f.oem4f (.text:ti_sysbios_hal_TimerNull_Module__startupDone__S)
                  00002b30    000000b4     sysbios.aem4f : BIOS.obj (.text:ti_sysbios_gates_GateMutex_enter__E)
                  00002be4    00000004     empty_pem4f.oem4f (.text:ti_sysbios_heaps_HeapMem_Module_GateProxy_enter__E)
                  00002be8    000000b4     sysbios.aem4f : BIOS.obj (.text:ti_sysbios_knl_Task_checkStacks__E)
                  00002c9c    00000004     empty_pem4f.oem4f (.text:ti_sysbios_heaps_HeapMem_Module_GateProxy_leave__E)
                  00002ca0    000000a8     sysbios.aem4f : BIOS.obj (.text:ti_sysbios_knl_Task_postInit__I)
                  00002d48    000000a0     auto_init.aem4f : auto_init.oem4f (.text)
                  00002de8    000000a0     ti.targets.arm.rtsarm.aem4f : Text.oem4f (.text:xdc_runtime_Text_putMod__E)
                  00002e88    0000009c     rtsv7M4_T_le_v4SPD16_eabi.lib : memcpy_t2.asm.obj (.text)
                  00002f24    00000004     empty_pem4f.oem4f (.text:ti_sysbios_knl_Queue_destruct)
                  00002f28    0000009c     sysbios.aem4f : BIOS.obj (.text:ti_sysbios_knl_Semaphore_Instance_init__E)
                  00002fc4    0000009a     ti.targets.arm.rtsarm.aem4f : Text.oem4f (.text:xdc_runtime_Text_putSite__E)
                  0000305e    00000002     rtsv7M4_T_le_v4SPD16_eabi.lib : div0.asm.obj (.text)
                  00003060    00000098     movement.obj (.text:Movement_Init)
                  000030f8    00000098     Boot.aem4f : Boot.oem4f (.text:ti_catalog_arm_cortexm4_tiva_ce_Boot_sysCtlClockSet__E)
                  00003190    00000094     sysbios.aem4f : BIOS.obj (.text:ti_sysbios_family_arm_m3_Hwi_initNVIC__E)
                  00003224    0000008c     sensing.obj (.text:Uturn)
                  000032b0    0000008c     sysbios.aem4f : m3_TaskSupport_asm.obj (.text:ti_sysbios_family_arm_m3_TaskSupport_buildTaskStack)
                  0000333c    00000086     rtsv7M4_T_le_v4SPD16_eabi.lib : fd_cmp_t2.asm.obj (.text:__aeabi_cdcmple)
                  000033c2    00000086                                   : fd_cmp_t2.asm.obj (.text:__aeabi_cdrcmple)
                  00003448    00000084     sensing.obj (.text:Sensing_Init)
                  000034cc    00000004     empty_pem4f.oem4f (.text:ti_sysbios_knl_Semaphore_destruct)
                  000034d0    00000084     sysbios.aem4f : BIOS.obj (.text:ti_sysbios_family_arm_m3_Hwi_postInit__I)
                  00003554    0000007a     driverlib.lib : adc.obj (.text:ADCSequenceStepConfigure)
                  000035ce    0000007a     rtsv7M4_T_le_v4SPD16_eabi.lib : memset_t2.asm.obj (.text)
                  00003648    00000070     sysbios.aem4f : BIOS.obj (.text:ti_sysbios_knl_Clock_workFunc__E)
                  000036b8    00000070                   : BIOS.obj (.text:ti_sysbios_knl_Task_exit__E)
                  00003728    0000006d     ti.targets.arm.rtsarm.aem4f : System.oem4f (.text:xdc_runtime_System_formatNum__I)
                  00003795    00000001     --HOLE-- [fill = 0]
                  00003796    00000002     main.obj (.text:set)
                  00003798    0000006c     sysbios.aem4f : BIOS.obj (.text:ti_sysbios_knl_Swi_restoreHwi__E)
                  00003804    0000006c     ti.targets.arm.rtsarm.aem4f : Error.oem4f (.text:xdc_runtime_Error_print__E)
                  00003870    0000006c                                 : Memory.oem4f (.text:xdc_runtime_Memory_alloc__E)
                  000038dc    00000068     main.obj (.text:Board_Init)
                  00003944    00000068     driverlib.lib : interrupt.obj (.text:IntEnable)
                  000039ac    00000068     rtsv7M4_T_le_v4SPD16_eabi.lib : copy_decompress_lzss.c.obj (.text:decompress:lzss:__TI_decompress_lzss)
                  00003a14    00000066     ti.targets.arm.rtsarm.aem4f : Core-mem.oem4f (.text:xdc_runtime_Core_deleteObject__I)
                  00003a7a    00000006     driverlib.lib : gpio.obj (.text:GPIOPinRead)
                  00003a80    00000064     sysbios.aem4f : BIOS.obj (.text:ti_sysbios_family_arm_m3_Hwi_dispatchC__I)
                  00003ae4    00000060     LightTimer.obj (.text:LightTimer_Init)
                  00003b44    00000060     driverlib.lib : timer.obj (.text:TimerConfigure)
                  00003ba4    00000004     ti.targets.arm.rtsarm.aem4f : Error.oem4f (.text:xdc_runtime_Error_getSite__E)
                  00003ba8    00000060     sysbios.aem4f : BIOS.obj (.text:ti_sysbios_knl_Task_schedule__I)
                  00003c08    0000005c     main.obj (.text:InputFunction)
                  00003c64    0000005c     uartRW.obj (.text:UART_Init)
                  00003cc0    0000005c     sysbios.aem4f : BIOS.obj (.text:ti_sysbios_knl_Swi_run__I)
                  00003d1c    00000004     empty_pem4f.oem4f (.text:xdc_runtime_System_Module_GateProxy_enter__E)
                  00003d20    0000005c     sysbios.aem4f : BIOS.obj (.text:ti_sysbios_knl_Swi_schedule__I)
                  00003d7c    00000004     empty_pem4f.oem4f (.text:xdc_runtime_System_Module_GateProxy_leave__E)
                  00003d80    0000005c     sysbios.aem4f : BIOS.obj (.text:ti_sysbios_knl_Task_Module_startup__E)
                  00003ddc    00000004     ti.targets.arm.rtsarm.aem4f : System.oem4f (.text:xdc_runtime_System_aprintf_va__F)
                  00003de0    0000005c     sysbios.aem4f : BIOS.obj (.text:ti_sysbios_knl_Task_startCore__E)
                  00003e3c    0000005b     ti.targets.arm.rtsarm.aem4f : Text.oem4f (.text:xdc_runtime_Text_putLab__E)
                  00003e97    00000001     --HOLE-- [fill = 0]
                  00003e98    00000058     boot.aem4f : boot.oem4f (.text)
                  00003ef0    00000058     rtsv7M4_T_le_v4SPD16_eabi.lib : hostwrite.c.obj (.text:HOSTwrite)
                  00003f48    00000058     sysbios.aem4f : m3_Hwi_asm_switch.obj (.text:ti_sysbios_family_arm_m3_Hwi_initStacks__E)
                  00003fa0    00000054     main.obj (.text:UART_Read)
                  00003ff4    00000054     ti.targets.arm.rtsarm.aem4f : Assert.oem4f (.text:xdc_runtime_Assert_raise__I)
                  00004048    00000050     sysbios.aem4f : BIOS.obj (.text:ti_sysbios_family_arm_m3_Hwi_Module_startup__E)
                  00004098    00000050     ti.targets.arm.rtsarm.aem4f : Startup.oem4f (.text:xdc_runtime_Startup_exec__E)
                  000040e8    00000050                                 : Text.oem4f (.text:xdc_runtime_Text_visitRope2__I)
                  00004138    0000004c     rtsv7M4_T_le_v4SPD16_eabi.lib : cpy_tbl.c.obj (.text:copy_in)
                  00004184    00000004     ti.targets.arm.rtsarm.aem4f : System.oem4f (.text:xdc_runtime_System_printf_va__F)
                  00004188    0000004c     sysbios.aem4f : BIOS.obj (.text:ti_sysbios_heaps_HeapMem_getStats__E)
                  000041d4    00000002     empty_pem4f.oem4f (.text:ti_sysbios_BIOS_nullFunc__I)
                  000041d6    00000002     empty_pem4f.oem4f (.text:xdc_runtime_Startup_reset__I)
                  000041d8    0000004c     sysbios.aem4f : BIOS.obj (.text:ti_sysbios_knl_Swi_runLoop__I)
                  00004224    00000004     --HOLE-- [fill = 0]
                  00004228    0000004c                   : BIOS.obj (.text:ti_sysbios_knl_Task_allBlockedFunction__I)
                  00004274    00000048     driverlib.lib : gpio.obj (.text:GPIOPinConfigure)
                  000042bc    00000048     rtsv7M4_T_le_v4SPD16_eabi.lib : fd_toi_t2.asm.obj (.text)
                  00004304    00000004     --HOLE-- [fill = 0]
                  00004308    00000048     sysbios.aem4f : BIOS.obj (.text:ti_sysbios_family_arm_m3_Hwi_enableInterrupt__E)
                  00004350    00000048                   : BIOS.obj (.text:ti_sysbios_family_arm_m3_Hwi_excReserved__I)
                  00004398    00000046     ti.targets.arm.rtsarm.aem4f : Core-params.oem4f (.text:xdc_runtime_Core_assignParams__I)
                  000043de    00000002     --HOLE-- [fill = 0]
                  000043e0    00000044     sysbios.aem4f : BIOS.obj (.text:ti_sysbios_family_arm_m3_Hwi_getStackInfo__E)
                  00004424    00000044     ti.targets.arm.rtsarm.aem4f : Error.oem4f (.text:xdc_runtime_Error_setX__E)
                  00004468    00000044                                 : SysMin.oem4f (.text:xdc_runtime_SysMin_flush__E)
                  000044ac    00000044                                 : Text.oem4f (.text:xdc_runtime_Text_xprintf__I)
                  000044f0    00000042     driverlib.lib : uart.obj (.text:UARTConfigSetExpClk)
                  00004532    00000040     rtsv7M4_T_le_v4SPD16_eabi.lib : u_divt2.asm.obj (.text)
                  00004572    0000003e     driverlib.lib : adc.obj (.text:ADCSequenceConfigure)
                  000045b0    0000003c     movement.obj (.text:setSpeed)
                  000045ec    00000004     --HOLE-- [fill = 0]
                  000045f0    0000003c     sysbios.aem4f : BIOS.obj (.text:ti_sysbios_family_arm_m3_Hwi_excSvCall__I)
                  0000462c    00000004     --HOLE-- [fill = 0]
                  00004630    0000003c                   : BIOS.obj (.text:ti_sysbios_heaps_HeapMem_init__I)
                  0000466c    00000004     --HOLE-- [fill = 0]
                  00004670    0000003c                   : BIOS.obj (.text:ti_sysbios_knl_Swi_restore__E)
                  000046ac    00000038     driverlib.lib : sysctl.obj (.text:SysCtlPeripheralReady)
                  000046e4    00000038     rtsv7M4_T_le_v4SPD16_eabi.lib : trgmsg.c.obj (.text:__TI_writemsg)
                  0000471c    00000004     --HOLE-- [fill = 0]
                  00004720    00000038     sysbios.aem4f : BIOS.obj (.text:ti_sysbios_family_arm_m3_Hwi_excNoIsr__I)
                  00004758    00000038                   : BIOS.obj (.text:ti_sysbios_knl_Task_processVitalTaskFlag__I)
                  00004790    00000038     ti.targets.arm.rtsarm.aem4f : SysMin.oem4f (.text:xdc_runtime_SysMin_putch__E)
                  000047c8    00000038                                 : System.oem4f (.text:xdc_runtime_System_atexit__E)
                  00004800    00000034     LightTimer.obj (.text:LightTimerReload)
                  00004834    00000034     driverlib.lib : sysctl.obj (.text:SysCtlPeripheralEnable)
                  00004868    00000034     rtsv7M4_T_le_v4SPD16_eabi.lib : trgmsg.c.obj (.text:__TI_readmsg)
                  0000489c    00000034     movement.obj (.text:stop)
                  000048d0    00000034     sysbios.aem4f : BIOS.obj (.text:ti_sysbios_family_arm_m3_Hwi_excNmi__I)
                  00004904    00000004     --HOLE-- [fill = 0]
                  00004908    00000034                   : BIOS.obj (.text:ti_sysbios_hal_Hwi_checkStack)
                  0000493c    00000034     ti.targets.arm.rtsarm.aem4f : Core-label.oem4f (.text:xdc_runtime_Core_assignLabel__I)
                  00004970    00000033                                 : Text.oem4f (.text:xdc_runtime_Text_printVisFxn__I)
                  000049a3    00000005     --HOLE-- [fill = 0]
                  000049a8    00000032     sysbios.aem4f : BIOS.obj (.text:ti_sysbios_hal_Hwi_initStack)
                  000049da    00000002     --HOLE-- [fill = 0]
                  000049dc    00000030     empty_pem4f.oem4f (.text:ti_sysbios_BIOS_atExitFunc__I)
                  00004a0c    00000004     --HOLE-- [fill = 0]
                  00004a10    00000030     sysbios.aem4f : BIOS.obj (.text:ti_sysbios_family_arm_m3_TaskSupport_start__E)
                  00004a40    00000030     empty_pem4f.oem4f (.text:ti_sysbios_gates_GateHwi_Object__create__S)
                  00004a70    00000030     empty_pem4f.oem4f (.text:ti_sysbios_gates_GateMutex_Object__create__S)
                  00004aa0    00000030     empty_pem4f.oem4f (.text:ti_sysbios_heaps_HeapMem_Object__create__S)
                  00004ad0    00000030     empty_pem4f.oem4f (.text:ti_sysbios_knl_Semaphore_construct)
                  00004b00    00000030     sysbios.aem4f : BIOS.obj (.text:ti_sysbios_knl_Semaphore_pendTimeout__I)
                  00004b30    00000030                   : BIOS.obj (.text:ti_sysbios_knl_Task_unblockI__E)
                  00004b60    00000030     ti.targets.arm.rtsarm.aem4f : SysMin.oem4f (.text:xdc_runtime_SysMin_abort__E)
                  00004b90    00000030                                 : System.oem4f (.text:xdc_runtime_System_processAtExit__E)
                  00004bc0    0000002e     rtsv7M4_T_le_v4SPD16_eabi.lib : i_tofd_t2.asm.obj (.text)
                  00004bee    00000002     --HOLE-- [fill = 0]
                  00004bf0    0000002c     empty_pem4f.oem4f (.text:ti_sysbios_knl_Queue_construct)
                  00004c1c    00000004     --HOLE-- [fill = 0]
                  00004c20    0000002c     sysbios.aem4f : BIOS.obj (.text:ti_sysbios_knl_Task_restore__E)
                  00004c4c    0000002c     ti.targets.arm.rtsarm.aem4f : Text.oem4f (.text:xdc_runtime_Text_cordText__E)
                  00004c78    0000002a     driverlib.lib : gpio.obj (.text:GPIODirModeSet)
                  00004ca2    0000002a     ti.targets.arm.rtsarm.aem4f : System.oem4f (.text:xdc_runtime_System_putchar__I)
                  00004ccc    00000028     controlLED.obj (.text:LED_Init)
                  00004cf4    00000028     movement.obj (.text:goForward)
                  00004d1c    00000004     --HOLE-- [fill = 0]
                  00004d20    00000028     sysbios.aem4f : BIOS.obj (.text:ti_sysbios_knl_Swi_Module_startup__E)
                  00004d48    00000026                   : m3_Hwi_asm.obj (.text:ti_sysbios_family_arm_m3_Hwi_pendSV__I)
                  00004d6e    00000026     ti.targets.arm.rtsarm.aem4f : System.oem4f (.text:xdc_runtime_System_avprintf__E)
                  00004d94    00000024     main.obj (.text:Timeout_50MS)
                  00004db8    00000024     empty_pem4f.oem4f (.text:ti_sysbios_BIOS_errorRaiseHook__I)
                  00004ddc    00000024     empty_pem4f.oem4f (.text:ti_sysbios_BIOS_registerRTSLock__I)
                  00004e00    00000024     empty_pem4f.oem4f (.text:ti_sysbios_BIOS_removeRTSLock__I)
                  00004e24    00000004     --HOLE-- [fill = 0]
                  00004e28    00000024     sysbios.aem4f : BIOS.obj (.text:ti_sysbios_family_arm_m3_Hwi_doTaskRestore__I)
                  00004e4c    00000024     empty_pem4f.oem4f (.text:ti_sysbios_gates_GateMutex_Object__delete__S)
                  00004e70    00000024     ti.targets.arm.rtsarm.aem4f : System.oem4f (.text:xdc_runtime_System_vprintf__E)
                  00004e94    00000022     driverlib.lib : pwm.obj (.text:PWMGenConfigure)
                  00004eb6    00000022     empty_pem4f.oem4f (.text:xdc_runtime_SysMin_output__I)
                  00004ed8    00000020     sensing.obj (.text:IRDistanceCollect)
                  00004ef8    00000020     empty_pem4f.oem4f (.text:ti_sysbios_BIOS_rtsLock__I)
                  00004f18    00000020     empty_pem4f.oem4f (.text:ti_sysbios_BIOS_startFunc__I)
                  00004f38    00000020     sysbios.aem4f : m3_Hwi_asm.obj (.text:ti_sysbios_family_arm_m3_Hwi_excHandlerAsm__I)
                  00004f58    00000020                   : BIOS.obj (.text:ti_sysbios_family_arm_m3_Hwi_excHandler__I)
                  00004f78    00000020     empty_pem4f.oem4f (.text:ti_sysbios_gates_GateHwi_Object__delete__S)
                  00004f98    00000020     empty_pem4f.oem4f (.text:ti_sysbios_heaps_HeapMem_Object__delete__S)
                  00004fb8    00000020     sysbios.aem4f : BIOS.obj (.text:ti_sysbios_knl_Idle_run__E)
                  00004fd8    00000020     empty_pem4f.oem4f (.text:ti_sysbios_knl_Semaphore_Object__destruct__S)
                  00004ff8    00000020     ti.targets.arm.rtsarm.aem4f : Registry.oem4f (.text:xdc_runtime_Registry_findById__E)
                  00005018    00000020                                 : SysMin.oem4f (.text:xdc_runtime_SysMin_Module_startup__E)
                  00005038    0000001e     driverlib.lib : adc.obj (.text:ADCSequenceDataGet)
                  00005056    0000001e                   : pwm.obj (.text:PWMPulseWidthSet)
                  00005074    0000001e     sysbios.aem4f : m3_Hwi_asm_switch.obj (.text:ti_sysbios_family_xxx_Hwi_switchAndRunFunc)
                  00005092    00000002     --HOLE-- [fill = 0]
                  00005094    0000001c     driverlib.lib : uart.obj (.text:UARTDisable)
                  000050b0    0000001c     sysbios.aem4f : BIOS.obj (.text:ti_sysbios_gates_GateMutex_Instance_init__E)
                  000050cc    0000001c     empty_pem4f.oem4f (.text:ti_sysbios_knl_Queue_Object__destruct__S)
                  000050e8    0000001c     sysbios.aem4f : BIOS.obj (.text:ti_sysbios_knl_Task_enter__I)
                  00005104    0000001c     movement.obj (.text:turnRight)
                  00005120    0000001c     ti.targets.arm.rtsarm.aem4f : Error.oem4f (.text:xdc_runtime_Error_raiseX__E)
                  0000513c    0000001c                                 : Memory.oem4f (.text:xdc_runtime_Memory_valloc__E)
                  00005158    0000001c                                 : SysMin.oem4f (.text:xdc_runtime_SysMin_exit__E)
                  00005174    0000001c                                 : System.oem4f (.text:xdc_runtime_System_abort__E)
                  00005190    0000001a     empty_pem4f.oem4f (.text:ti_sysbios_family_arm_m3_Hwi_Handle__label__S)
                  000051aa    0000001a     empty_pem4f.oem4f (.text:ti_sysbios_gates_GateHwi_Handle__label__S)
                  000051c4    0000001a     empty_pem4f.oem4f (.text:ti_sysbios_gates_GateMutex_Handle__label__S)
                  000051de    0000001a     empty_pem4f.oem4f (.text:ti_sysbios_heaps_HeapMem_Handle__label__S)
                  000051f8    0000001a     empty_pem4f.oem4f (.text:ti_sysbios_knl_Swi_Handle__label__S)
                  00005212    0000001a     empty_pem4f.oem4f (.text:ti_sysbios_knl_Task_Handle__label__S)
                  0000522c    0000001a     empty_pem4f.oem4f (.text:xdc_runtime_System_aprintf__E)
                  00005246    0000001a     empty_pem4f.oem4f (.text:xdc_runtime_System_printf__E)
                  00005260    00000018     driverlib.lib : adc.obj (.text:ADCProcessorTrigger)
                  00005278    00000018                   : gpio.obj (.text:GPIOPinTypeGPIOOutput)
                  00005290    00000018     rtsv7M4_T_le_v4SPD16_eabi.lib : args_main.c.obj (.text:_args_main)
                  000052a8    00000018     empty_pem4f.oem4f (.text:ti_sysbios_BIOS_rtsUnlock__I)
                  000052c0    00000018     empty_pem4f.oem4f (.text:ti_sysbios_family_arm_m3_Hwi_Module__startupDone__F)
                  000052d8    00000018     sysbios.aem4f : m3_TaskSupport_asm.obj (.text:ti_sysbios_family_arm_m3_TaskSupport_swap__E)
                  000052f0    00000018                   : BIOS.obj (.text:ti_sysbios_gates_GateMutex_leave__E)
                  00005308    00000018     ti.targets.arm.rtsarm.aem4f : Error.oem4f (.text:xdc_runtime_Error_check__E)
                  00005320    00000018                                 : System.oem4f (.text:xdc_runtime_System_exit__E)
                  00005338    00000018                                 : Text.oem4f (.text:xdc_runtime_Text_ropeText__E)
                  00005350    00000016     empty_pem4f.oem4f (.text:ti_sysbios_BIOS_exitFunc__I)
                  00005366    00000002     --HOLE-- [fill = 0]
                  00005368    00000014     driverlib.lib : timer.obj (.text:TimerDisable)
                  0000537c    00000014                   : uart.obj (.text:UARTEnable)
                  00005390    00000014     controlLED.obj (.text:bLED)
                  000053a4    00000014     controlLED.obj (.text:dataCollect)
                  000053b8    00000014     controlLED.obj (.text:endCollect)
                  000053cc    00000014     controlLED.obj (.text:endSend)
                  000053e0    00000014     controlLED.obj (.text:gLED)
                  000053f4    00000014     controlLED.obj (.text:offLED)
                  00005408    00000014     controlLED.obj (.text:rLED)
                  0000541c    00000014     controlLED.obj (.text:sendData)
                  00005430    00000014     rtsv7M4_T_le_v4SPD16_eabi.lib : strlen.c.obj (.text:strlen)
                  00005444    00000014     empty_pem4f.oem4f (.text:ti_sysbios_family_arm_m3_Hwi_Object__get__S)
                  00005458    00000014     sysbios.aem4f : BIOS.obj (.text:ti_sysbios_family_arm_m3_Hwi_switchFromBootStack__E)
                  0000546c    00000014     empty_pem4f.oem4f (.text:ti_sysbios_heaps_HeapMem_Object__get__S)
                  00005480    00000014     empty_pem4f.oem4f (.text:ti_sysbios_knl_Swi_Object__get__S)
                  00005494    00000014     controlLED.obj (.text:wLED)
                  000054a8    00000012     driverlib.lib : gpio.obj (.text:GPIOPinTypeADC)
                  000054ba    00000012                   : gpio.obj (.text:GPIOPinTypeGPIOInput)
                  000054cc    00000012                   : gpio.obj (.text:GPIOPinTypePWM)
                  000054de    00000012                   : gpio.obj (.text:GPIOPinTypeUART)
                  000054f0    00000012                   : pwm.obj (.text:PWMOutputState)
                  00005502    00000012                   : timer.obj (.text:TimerLoadSet)
                  00005514    00000004     --HOLE-- [fill = 0]
                  00005518    00000012     sysbios.aem4f : BIOS.obj (.text:ti_sysbios_hal_Hwi_Module_startup__E)
                  0000552a    00000006     driverlib.lib : gpio.obj (.text:GPIOPinWrite)
                  00005530    00000012     sysbios.aem4f : BIOS.obj (.text:ti_sysbios_knl_Clock_Module_startup__E)
                  00005542    00000012     empty_pem4f.oem4f (.text:xdc_runtime_Startup_exec__I)
                  00005554    00000010     driverlib.lib : pwm.obj (.text:PWMGenPeriodSet)
                  00005564    00000010     sensing.obj (.text:frontDistPrnt)
                  00005574    00000010     sensing.obj (.text:rightDistPrnt)
                  00005584    00000004     --HOLE-- [fill = 0]
                  00005588    00000010     sysbios.aem4f : BIOS.obj (.text:ti_sysbios_BIOS_setThreadType__E)
                  00005598    00000010                   : BIOS.obj (.text:ti_sysbios_BIOS_start__E)
                  000055a8    00000010                   : m3_TaskSupport_asm.obj (.text:ti_sysbios_family_arm_m3_TaskSupport_glue)
                  000055b8    00000010                   : BIOS.obj (.text:ti_sysbios_gates_GateMutex_Instance_finalize__E)
                  000055c8    00000010                   : BIOS.obj (.text:ti_sysbios_knl_Semaphore_Instance_finalize__E)
                  000055d8    00000010                   : BIOS.obj (.text:ti_sysbios_knl_Swi_disable__E)
                  000055e8    00000010     empty_pem4f.oem4f (.text:ti_sysbios_knl_Task_Object__get__S)
                  000055f8    00000010     sysbios.aem4f : BIOS.obj (.text:ti_sysbios_knl_Task_disable__E)
                  00005608    00000010     ti.targets.arm.rtsarm.aem4f : Gate.oem4f (.text:xdc_runtime_Gate_leaveSystem__E)
                  00005618    00000010                                 : Memory.oem4f (.text:xdc_runtime_Memory_free__E)
                  00005628    00000010                                 : SysMin.oem4f (.text:xdc_runtime_SysMin_ready__E)
                  00005638    00000010                                 : System.oem4f (.text:xdc_runtime_System_vsnprintf__E)
                  00005648    00000010     empty_pem4f.oem4f (.text:xdc_runtime_Text_visitRope__I)
                  00005658    0000000e     driverlib.lib : adc.obj (.text:ADCSequenceDisable)
                  00005666    0000000e                   : adc.obj (.text:ADCSequenceEnable)
                  00005674    0000000e                   : timer.obj (.text:TimerEnable)
                  00005682    0000000e                   : uart.obj (.text:UARTCharPutNonBlocking)
                  00005690    0000000e     rtsv7M4_T_le_v4SPD16_eabi.lib : copy_decompress_none.c.obj (.text:decompress:none:__TI_decompress_none)
                  0000569e    0000000e     main.obj (.text:main)
                  000056ac    00000004     --HOLE-- [fill = 0]
                  000056b0    0000000e     sysbios.aem4f : BIOS.obj (.text:ti_sysbios_knl_Idle_loop__E)
                  000056be    00000002     --HOLE-- [fill = 0]
                  000056c0    0000000c     empty_pem4f.oem4f (.text:.bootCodeSection:ti_catalog_arm_cortexm4_tiva_ce_Boot_init__I)
                  000056cc    0000000c     driverlib.lib : pwm.obj (.text:PWMGenEnable)
                  000056d8    0000000c     rtsv7M4_T_le_v4SPD16_eabi.lib : _lock.c.obj (.text:_register_lock)
                  000056e4    0000000c                                   : _lock.c.obj (.text:_register_unlock)
                  000056f0    0000000c                                   : copy_zero_init.c.obj (.text:decompress:ZI:__TI_zero_init)
                  000056fc    00000004     --HOLE-- [fill = 0]
                  00005700    0000000c     sysbios.aem4f : BIOS.obj (.text:ti_sysbios_family_arm_m3_TaskSupport_checkStack__E)
                  0000570c    00000004     --HOLE-- [fill = 0]
                  00005710    0000000c                   : BIOS.obj (.text:ti_sysbios_gates_GateHwi_enter__E)
                  0000571c    0000000c     empty_pem4f.oem4f (.text:ti_sysbios_knl_Queue_Object__get__S)
                  00005728    0000000c     ti.targets.arm.rtsarm.aem4f : Error.oem4f (.text:xdc_runtime_Error_init__E)
                  00005734    0000000c                                 : Gate.oem4f (.text:xdc_runtime_Gate_enterSystem__E)
                  00005740    0000000c                                 : Memory.oem4f (.text:xdc_runtime_Memory_calloc__E)
                  0000574c    0000000c                                 : Memory.oem4f (.text:xdc_runtime_Memory_getMaxDefaultTypeAlign__E)
                  00005758    0000000a     driverlib.lib : timer.obj (.text:TimerValueGet)
                  00005762    0000000a                   : uart.obj (.text:UARTCharGet)
                  0000576c    0000000a                   : uart.obj (.text:UARTCharPut)
                  00005776    0000000a                   : uart.obj (.text:UARTIntStatus)
                  00005780    0000000a     movement.obj (.text:fastSpeed)
                  0000578a    0000000a     movement.obj (.text:mediumSpeed)
                  00005794    0000000a     movement.obj (.text:slowSpeed)
                  0000579e    0000000a     empty_pem4f.oem4f (.text:xdc_runtime_IHeap_alloc)
                  000057a8    0000000a     empty_pem4f.oem4f (.text:xdc_runtime_IHeap_free)
                  000057b2    00000008     driverlib.lib : timer.obj (.text:TimerIntEnable)
                  000057ba    00000008                   : uart.obj (.text:UARTIntEnable)
                  000057c2    00000006                   : sysctl.obj (.text:SysCtlDelay)
                  000057c8    00000008     sysbios.aem4f : BIOS.obj (.text:ti_sysbios_family_arm_m3_Hwi_doSwiRestore__I)
                  000057d0    00000008                   : BIOS.obj (.text:ti_sysbios_family_arm_m3_Hwi_startup__E)
                  000057d8    00000008     movement.obj (.text:uturn)
                  000057e0    00000006     Boot.aem4f : Boot_sysctl.oem4f (.text:ti_catalog_arm_cortexm4_tiva_ce_Boot_sysCtlDelayI__I)
                  000057e6    00000002     --HOLE-- [fill = 0]
                  000057e8    00000006     sysbios.aem4f : BIOS.obj (.text:ti_sysbios_gates_GateHwi_leave__E)
                  000057ee    00000002     --HOLE-- [fill = 0]
                  000057f0    00000006                   : BIOS.obj (.text:ti_sysbios_heaps_HeapMem_isBlocking__E)
                  000057f6    00000002     --HOLE-- [fill = 0]
                  000057f8    00000006                   : BIOS.obj (.text:ti_sysbios_knl_Queue_Instance_init__E)
                  000057fe    00000002     --HOLE-- [fill = 0]
                  00005800    00000006                   : BIOS.obj (.text:ti_sysbios_knl_Swi_startup__E)
                  00005806    00000006     ti.targets.arm.rtsarm.aem4f : System.oem4f (.text:xdc_runtime_System_Module_startup__E)
                  0000580c    00000004     --HOLE-- [fill = 0]
                  00005810    00000004     sysbios.aem4f : BIOS.obj (.text:ti_sysbios_gates_GateHwi_query__E)
                  00005814    00000004     --HOLE-- [fill = 0]
                  00005818    00000004                   : BIOS.obj (.text:ti_sysbios_gates_GateMutex_query__E)
                  0000581c    00000004     --HOLE-- [fill = 0]
                  00005820    00000004                   : BIOS.obj (.text:ti_sysbios_knl_Task_startup__E)
                  00005824    00000004     --HOLE-- [fill = 0]
                  00005828    00000002                   : BIOS.obj (.text:ti_sysbios_gates_GateHwi_Instance_init__E)

.const     0    0000582c    00001ec6     
                  0000582c    00001894     empty_pem4f.oem4f (.const:xdc_runtime_Text_charTab__A)
                  000070c0    000000b8     empty_pem4f.oem4f (.const:xdc_runtime_Text_nodeTab__A)
                  00007178    00000090     driverlib.lib : gpio.obj (.const:g_pui32GPIOBaseAddrs)
                  00007208    00000070                   : interrupt.obj (.const)
                  00007278    0000006c                   : sysctl.obj (.const:g_pui32Xtals)
                  000072e4    00000048     empty_pem4f.oem4f (.const:.string)
                  0000732c    00000040     main.obj (.const:.string)
                  0000736c    00000028     empty_pem4f.oem4f (.const:ti_sysbios_heaps_HeapMem_Module__FXNS__C)
                  00007394    00000024     empty_pem4f.oem4f (.const:ti_sysbios_gates_GateHwi_Module__FXNS__C)
                  000073b8    00000024     empty_pem4f.oem4f (.const:ti_sysbios_gates_GateMutex_Module__FXNS__C)
                  000073dc    00000024     empty_pem4f.oem4f (.const:ti_sysbios_heaps_HeapMem_Object__PARAMS__C)
                  00007400    00000024     empty_pem4f.oem4f (.const:ti_sysbios_knl_Semaphore_Object__PARAMS__C)
                  00007424    00000020     empty_pem4f.oem4f (.const:ti_sysbios_gates_GateHwi_Object__DESC__C)
                  00007444    00000020     empty_pem4f.oem4f (.const:ti_sysbios_gates_GateMutex_Object__DESC__C)
                  00007464    00000020     empty_pem4f.oem4f (.const:ti_sysbios_heaps_HeapMem_Object__DESC__C)
                  00007484    00000020     empty_pem4f.oem4f (.const:ti_sysbios_knl_Queue_Object__DESC__C)
                  000074a4    00000020     empty_pem4f.oem4f (.const:ti_sysbios_knl_Semaphore_Object__DESC__C)
                  000074c4    0000001c     empty_pem4f.oem4f (.const:xdc_runtime_Startup_sfxnTab__A)
                  000074e0    00000018     empty_pem4f.oem4f (.const:ti_sysbios_gates_GateHwi_Object__PARAMS__C)
                  000074f8    00000018     empty_pem4f.oem4f (.const:ti_sysbios_gates_GateMutex_Object__PARAMS__C)
                  00007510    00000018     empty_pem4f.oem4f (.const:ti_sysbios_knl_Queue_Object__PARAMS__C)
                  00007528    00000010     empty_pem4f.oem4f (.const:xdc_runtime_Startup_firstFxns__A)
                  00007538    0000000e     empty_pem4f.oem4f (.const:xdc_runtime_Startup_sfxnRts__A)
                  00007546    00000002     empty_pem4f.oem4f (.const:ti_catalog_arm_cortexm4_tiva_ce_Boot_Module__id__C)
                  00007548    00000008     empty_pem4f.oem4f (.const:ti_sysbios_family_arm_m3_Hwi_excHookFuncs__A)
                  00007550    00000008     empty_pem4f.oem4f (.const:ti_sysbios_knl_Idle_funcList__C)
                  00007558    00000008     empty_pem4f.oem4f (.const:xdc_runtime_Startup_firstFxns__C)
                  00007560    00000008     empty_pem4f.oem4f (.const:xdc_runtime_Startup_lastFxns__C)
                  00007568    00000004     sensing.obj (.const:.string:$P$T1$2)
                  0000756c    00000004     empty_pem4f.oem4f (.const:ti_catalog_arm_cortexm4_tiva_ce_Boot_A_mustUseEnhancedClockMode__C)
                  00007570    00000004     empty_pem4f.oem4f (.const:ti_catalog_arm_cortexm4_tiva_ce_Boot_Module__diagsEnabled__C)
                  00007574    00000004     empty_pem4f.oem4f (.const:ti_catalog_arm_cortexm4_tiva_ce_Boot_Module__diagsIncluded__C)
                  00007578    00000004     empty_pem4f.oem4f (.const:ti_catalog_arm_cortexm4_tiva_ce_Boot_Module__diagsMask__C)
                  0000757c    00000004     empty_pem4f.oem4f (.const:ti_sysbios_family_arm_m3_Hwi_E_NMI__C)
                  00007580    00000004     empty_pem4f.oem4f (.const:ti_sysbios_family_arm_m3_Hwi_E_busFault__C)
                  00007584    00000004     empty_pem4f.oem4f (.const:ti_sysbios_family_arm_m3_Hwi_E_debugMon__C)
                  00007588    00000004     empty_pem4f.oem4f (.const:ti_sysbios_family_arm_m3_Hwi_E_hardFault__C)
                  0000758c    00000004     empty_pem4f.oem4f (.const:ti_sysbios_family_arm_m3_Hwi_E_memFault__C)
                  00007590    00000004     empty_pem4f.oem4f (.const:ti_sysbios_family_arm_m3_Hwi_E_noIsr__C)
                  00007594    00000004     empty_pem4f.oem4f (.const:ti_sysbios_family_arm_m3_Hwi_E_reserved__C)
                  00007598    00000004     empty_pem4f.oem4f (.const:ti_sysbios_family_arm_m3_Hwi_E_svCall__C)
                  0000759c    00000004     empty_pem4f.oem4f (.const:ti_sysbios_family_arm_m3_Hwi_E_usageFault__C)
                  000075a0    00000004     empty_pem4f.oem4f (.const:ti_sysbios_family_arm_m3_Hwi_NUM_INTERRUPTS__C)
                  000075a4    00000004     empty_pem4f.oem4f (.const:ti_sysbios_family_arm_m3_Hwi_Object__count__C)
                  000075a8    00000004     empty_pem4f.oem4f (.const:ti_sysbios_family_arm_m3_Hwi_ccr__C)
                  000075ac    00000004     empty_pem4f.oem4f (.const:ti_sysbios_family_arm_m3_Hwi_excHandlerFunc__C)
                  000075b0    00000004     empty_pem4f.oem4f (.const:ti_sysbios_family_arm_m3_Hwi_excHookFuncs__C)
                  000075b4    00000004     empty_pem4f.oem4f (.const:ti_sysbios_family_arm_m3_Hwi_nullIsrFunc__C)
                  000075b8    00000004     empty_pem4f.oem4f (.const:ti_sysbios_family_arm_m3_Hwi_priGroup__C)
                  000075bc    00000004     empty_pem4f.oem4f (.const:ti_sysbios_gates_GateMutex_A_badContext__C)
                  000075c0    00000004     empty_pem4f.oem4f (.const:ti_sysbios_gates_GateMutex_Instance_State_sem__O)
                  000075c4    00000004     empty_pem4f.oem4f (.const:ti_sysbios_gates_GateMutex_Module__diagsEnabled__C)
                  000075c8    00000004     empty_pem4f.oem4f (.const:ti_sysbios_gates_GateMutex_Module__diagsIncluded__C)
                  000075cc    00000004     empty_pem4f.oem4f (.const:ti_sysbios_gates_GateMutex_Module__diagsMask__C)
                  000075d0    00000004     empty_pem4f.oem4f (.const:ti_sysbios_hal_Hwi_E_stackOverflow__C)
                  000075d4    00000004     empty_pem4f.oem4f (.const:ti_sysbios_heaps_HeapMem_A_align__C)
                  000075d8    00000004     empty_pem4f.oem4f (.const:ti_sysbios_heaps_HeapMem_A_heapSize__C)
                  000075dc    00000004     empty_pem4f.oem4f (.const:ti_sysbios_heaps_HeapMem_A_invalidFree__C)
                  000075e0    00000004     empty_pem4f.oem4f (.const:ti_sysbios_heaps_HeapMem_A_zeroBlock__C)
                  000075e4    00000004     empty_pem4f.oem4f (.const:ti_sysbios_heaps_HeapMem_E_memory__C)
                  000075e8    00000004     empty_pem4f.oem4f (.const:ti_sysbios_heaps_HeapMem_Module__diagsEnabled__C)
                  000075ec    00000004     empty_pem4f.oem4f (.const:ti_sysbios_heaps_HeapMem_Module__diagsIncluded__C)
                  000075f0    00000004     empty_pem4f.oem4f (.const:ti_sysbios_heaps_HeapMem_Module__diagsMask__C)
                  000075f4    00000004     empty_pem4f.oem4f (.const:ti_sysbios_heaps_HeapMem_Module__gateObj__C)
                  000075f8    00000004     empty_pem4f.oem4f (.const:ti_sysbios_heaps_HeapMem_Object__count__C)
                  000075fc    00000004     empty_pem4f.oem4f (.const:ti_sysbios_heaps_HeapMem_reqAlign__C)
                  00007600    00000004     empty_pem4f.oem4f (.const:ti_sysbios_knl_Clock_Module_State_clockQ__O)
                  00007604    00000004     empty_pem4f.oem4f (.const:ti_sysbios_knl_Idle_funcList__A)
                  00007608    00000004     empty_pem4f.oem4f (.const:ti_sysbios_knl_Semaphore_A_badContext__C)
                  0000760c    00000004     empty_pem4f.oem4f (.const:ti_sysbios_knl_Semaphore_A_noEvents__C)
                  00007610    00000004     empty_pem4f.oem4f (.const:ti_sysbios_knl_Semaphore_A_overflow__C)
                  00007614    00000004     empty_pem4f.oem4f (.const:ti_sysbios_knl_Semaphore_A_pendTaskDisabled__C)
                  00007618    00000004     empty_pem4f.oem4f (.const:ti_sysbios_knl_Semaphore_Instance_State_pendQ__O)
                  0000761c    00000004     empty_pem4f.oem4f (.const:ti_sysbios_knl_Semaphore_Module__diagsEnabled__C)
                  00007620    00000004     empty_pem4f.oem4f (.const:ti_sysbios_knl_Semaphore_Module__diagsIncluded__C)
                  00007624    00000004     empty_pem4f.oem4f (.const:ti_sysbios_knl_Semaphore_Module__diagsMask__C)
                  00007628    00000004     empty_pem4f.oem4f (.const:ti_sysbios_knl_Swi_Object__count__C)
                  0000762c    00000004     empty_pem4f.oem4f (.const:ti_sysbios_knl_Task_E_spOutOfBounds__C)
                  00007630    00000004     empty_pem4f.oem4f (.const:ti_sysbios_knl_Task_E_stackOverflow__C)
                  00007634    00000004     empty_pem4f.oem4f (.const:ti_sysbios_knl_Task_Module_State_inactiveQ__O)
                  00007638    00000004     empty_pem4f.oem4f (.const:ti_sysbios_knl_Task_Object__count__C)
                  0000763c    00000004     empty_pem4f.oem4f (.const:ti_sysbios_knl_Task_allBlockedFunc__C)
                  00007640    00000004     empty_pem4f.oem4f (.const:ti_sysbios_knl_Task_numConstructedTasks__C)
                  00007644    00000004     empty_pem4f.oem4f (.const:xdc_runtime_Assert_E_assertFailed__C)
                  00007648    00000004     empty_pem4f.oem4f (.const:xdc_runtime_Core_A_initializedParams__C)
                  0000764c    00000004     empty_pem4f.oem4f (.const:xdc_runtime_Core_Module__diagsEnabled__C)
                  00007650    00000004     empty_pem4f.oem4f (.const:xdc_runtime_Core_Module__diagsIncluded__C)
                  00007654    00000004     empty_pem4f.oem4f (.const:xdc_runtime_Core_Module__diagsMask__C)
                  00007658    00000004     empty_pem4f.oem4f (.const:xdc_runtime_Error_E_memory__C)
                  0000765c    00000004     empty_pem4f.oem4f (.const:xdc_runtime_Error_Module__diagsEnabled__C)
                  00007660    00000004     empty_pem4f.oem4f (.const:xdc_runtime_Error_Module__diagsIncluded__C)
                  00007664    00000004     empty_pem4f.oem4f (.const:xdc_runtime_Error_Module__diagsMask__C)
                  00007668    00000004     empty_pem4f.oem4f (.const:xdc_runtime_Error_Module__loggerFxn8__C)
                  0000766c    00000004     empty_pem4f.oem4f (.const:xdc_runtime_Error_Module__loggerObj__C)
                  00007670    00000004     empty_pem4f.oem4f (.const:xdc_runtime_Error_policyFxn__C)
                  00007674    00000004     empty_pem4f.oem4f (.const:xdc_runtime_Error_raiseHook__C)
                  00007678    00000004     empty_pem4f.oem4f (.const:xdc_runtime_IGateProvider_Interface__BASE__C)
                  0000767c    00000004     empty_pem4f.oem4f (.const:xdc_runtime_IHeap_Interface__BASE__C)
                  00007680    00000004     empty_pem4f.oem4f (.const:xdc_runtime_IModule_Interface__BASE__C)
                  00007684    00000004     empty_pem4f.oem4f (.const:xdc_runtime_Log_L_error__C)
                  00007688    00000004     empty_pem4f.oem4f (.const:xdc_runtime_Memory_defaultHeapInstance__C)
                  0000768c    00000004     empty_pem4f.oem4f (.const:xdc_runtime_Startup_execImpl__C)
                  00007690    00000004     empty_pem4f.oem4f (.const:xdc_runtime_Startup_maxPasses__C)
                  00007694    00000004     empty_pem4f.oem4f (.const:xdc_runtime_Startup_sfxnRts__C)
                  00007698    00000004     empty_pem4f.oem4f (.const:xdc_runtime_Startup_sfxnTab__C)
                  0000769c    00000004     empty_pem4f.oem4f (.const:xdc_runtime_SysMin_bufSize__C)
                  000076a0    00000004     empty_pem4f.oem4f (.const:xdc_runtime_SysMin_outputFunc__C)
                  000076a4    00000004     empty_pem4f.oem4f (.const:xdc_runtime_System_Module__gateObj__C)
                  000076a8    00000004     empty_pem4f.oem4f (.const:xdc_runtime_System_abortFxn__C)
                  000076ac    00000004     empty_pem4f.oem4f (.const:xdc_runtime_System_exitFxn__C)
                  000076b0    00000004     empty_pem4f.oem4f (.const:xdc_runtime_System_extendFxn__C)
                  000076b4    00000004     empty_pem4f.oem4f (.const:xdc_runtime_System_maxAtexitHandlers__C)
                  000076b8    00000004     empty_pem4f.oem4f (.const:xdc_runtime_Text_charTab__C)
                  000076bc    00000004     empty_pem4f.oem4f (.const:xdc_runtime_Text_nameEmpty__C)
                  000076c0    00000004     empty_pem4f.oem4f (.const:xdc_runtime_Text_nameStatic__C)
                  000076c4    00000004     empty_pem4f.oem4f (.const:xdc_runtime_Text_nameUnknown__C)
                  000076c8    00000004     empty_pem4f.oem4f (.const:xdc_runtime_Text_nodeTab__C)
                  000076cc    00000004     empty_pem4f.oem4f (.const:xdc_runtime_Text_visitRopeFxn__C)
                  000076d0    00000003     sensing.obj (.const:.string:$P$T0$1)
                  000076d3    00000001     empty_pem4f.oem4f (.const:xdc_runtime_Error_policy__C)
                  000076d4    00000002     empty_pem4f.oem4f (.const:ti_sysbios_family_arm_m3_Hwi_Module__id__C)
                  000076d6    00000002     empty_pem4f.oem4f (.const:ti_sysbios_gates_GateMutex_Module__id__C)
                  000076d8    00000002     empty_pem4f.oem4f (.const:ti_sysbios_hal_Hwi_Module__id__C)
                  000076da    00000002     empty_pem4f.oem4f (.const:ti_sysbios_heaps_HeapMem_Module__id__C)
                  000076dc    00000002     empty_pem4f.oem4f (.const:ti_sysbios_knl_Semaphore_Module__id__C)
                  000076de    00000002     empty_pem4f.oem4f (.const:ti_sysbios_knl_Task_Module__id__C)
                  000076e0    00000002     empty_pem4f.oem4f (.const:xdc_runtime_Core_Module__id__C)
                  000076e2    00000002     empty_pem4f.oem4f (.const:xdc_runtime_Error_Module__loggerDefined__C)
                  000076e4    00000002     empty_pem4f.oem4f (.const:xdc_runtime_Error_maxDepth__C)
                  000076e6    00000002     empty_pem4f.oem4f (.const:xdc_runtime_Memory_Module__id__C)
                  000076e8    00000002     empty_pem4f.oem4f (.const:xdc_runtime_SysMin_flushAtExit__C)
                  000076ea    00000002     empty_pem4f.oem4f (.const:xdc_runtime_Text_charCnt__C)
                  000076ec    00000002     empty_pem4f.oem4f (.const:xdc_runtime_Text_isLoaded__C)
                  000076ee    00000002     empty_pem4f.oem4f (.const:xdc_runtime_Text_registryModsLastId__C)
                  000076f0    00000002     empty_pem4f.oem4f (.const:xdc_runtime_Text_unnamedModsLastId__C)

.cinit     0    000076f8    00000220     
                  000076f8    000001eb     (.cinit..data.load) [load image, compression = lzss]
                  000078e3    00000001     --HOLE-- [fill = 0]
                  000078e4    0000000c     (__TI_handler_table)
                  000078f0    00000008     (.cinit..bss.load) [load image, compression = zero_init]
                  000078f8    00000008     (.cinit..vecs.load) [load image, compression = zero_init]
                  00007900    00000018     (__TI_cinit_table)

.init_array 
*          0    00000000    00000000     UNINITIALIZED

.resetVecs 
*          0    00000000    0000003c     
                  00000000    0000003c     empty_pem4f.oem4f (.resetVecs)

.bss       0    20000360    00000b56     UNINITIALIZED
                  20000360    00000400     (.common:ti_sysbios_heaps_HeapMem_Instance_State_0_buf__A)
                  20000760    00000360     (.common:ti_sysbios_family_arm_m3_Hwi_dispatchTable)
                  20000ac0    00000200     empty_pem4f.oem4f (.bss:taskStackSection)
                  20000cc0    00000120     rtsv7M4_T_le_v4SPD16_eabi.lib : trgmsg.c.obj (.bss:_CIOBUF_)
                  20000de0    00000080     (.common:xdc_runtime_SysMin_Module_State_0_outbuf__A)
                  20000e60    00000014     (.common:ping)
                  20000e74    00000014     (.common:pong)
                  20000e88    00000008     (.common:parmbuf)
                  20000e90    00000004     (.common:adcVal)
                  20000e94    00000004     (.common:endTime)
                  20000e98    00000004     (.common:errorCurr)
                  20000e9c    00000004     (.common:instructions)
                  20000ea0    00000004     (.common:pinValue)
                  20000ea4    00000004     (.common:pwm_clk)
                  20000ea8    00000004     (.common:startTime)
                  20000eac    00000004     (.common:totalTime)
                  20000eb0    00000004     (.common:val_load)
                  20000eb4    00000002     (.common:diff)

.data      0    20000eb8    00000404     UNINITIALIZED
                  20000eb8    00000080     main.obj (.data:arr_cmd)
                  20000f38    00000080     empty_pem4f.oem4f (.data:ti_sysbios_knl_Swi_Module_State_0_readyQ__A)
                  20000fb8    00000080     empty_pem4f.oem4f (.data:ti_sysbios_knl_Task_Module_State_0_readyQ__A)
                  20001038    0000004c     empty_pem4f.oem4f (.data:ti_sysbios_knl_Task_Object__table__V)
                  20001084    00000048     empty_pem4f.oem4f (.data:ti_sysbios_family_arm_m3_Hwi_Object__table__V)
                  200010cc    00000044     empty_pem4f.oem4f (.data:ti_sysbios_knl_Task_Module__state__V)
                  20001110    00000038     empty_pem4f.oem4f (.data:ti_sysbios_gates_GateMutex_Object__table__V)
                  20001148    00000034     empty_pem4f.oem4f (.data:ti_sysbios_family_arm_m3_Hwi_Module__state__V)
                  2000117c    00000030     empty_pem4f.oem4f (.data:ti_sysbios_knl_Swi_Object__table__V)
                  200011ac    0000002c     empty_pem4f.oem4f (.data:ti_sysbios_knl_Clock_Module__state__V)
                  200011d8    00000024     empty_pem4f.oem4f (.data:ti_sysbios_BIOS_Module__state__V)
                  200011fc    0000001c     empty_pem4f.oem4f (.data:ti_sysbios_knl_Swi_Module__state__V)
                  20001218    00000018     empty_pem4f.oem4f (.data:ti_sysbios_heaps_HeapMem_Object__table__V)
                  20001230    0000000f     sensing.obj (.data)
                  2000123f    00000001     LightTimer.obj (.data)
                  20001240    0000000c     empty_pem4f.oem4f (.data:xdc_runtime_SysMin_Module__state__V)
                  2000124c    00000008     rtsv7M4_T_le_v4SPD16_eabi.lib : _lock.c.obj (.data:$O1$$)
                  20001254    00000008     empty_pem4f.oem4f (.data:ti_sysbios_gates_GateHwi_Module__root__V)
                  2000125c    00000008     empty_pem4f.oem4f (.data:ti_sysbios_gates_GateMutex_Module__root__V)
                  20001264    00000008     empty_pem4f.oem4f (.data:ti_sysbios_heaps_HeapMem_Module__root__V)
                  2000126c    00000008     empty_pem4f.oem4f (.data:ti_sysbios_knl_Queue_Module__root__V)
                  20001274    00000008     empty_pem4f.oem4f (.data:ti_sysbios_knl_Semaphore_Module__root__V)
                  2000127c    00000008     empty_pem4f.oem4f (.data:xdc_runtime_Registry_Module__state__V)
                  20001284    00000008     empty_pem4f.oem4f (.data:xdc_runtime_Startup_Module__state__V)
                  2000128c    00000008     empty_pem4f.oem4f (.data:xdc_runtime_System_Module_State_0_atexitHandlers__A)
                  20001294    00000008     empty_pem4f.oem4f (.data:xdc_runtime_System_Module__state__V)
                  2000129c    00000004     main.obj (.data)
                  200012a0    00000004     rtsv7M4_T_le_v4SPD16_eabi.lib : stkdepth_vars.c.obj (.data)
                  200012a4    00000004     empty_pem4f.oem4f (.data:ti_sysbios_family_arm_m3_Hwi_Module_State_0_excContext__A)
                  200012a8    00000004     empty_pem4f.oem4f (.data:ti_sysbios_family_arm_m3_Hwi_Module_State_0_excStack__A)
                  200012ac    00000004     empty_pem4f.oem4f (.data:ti_sysbios_gates_GateHwi_Object__table__V)
                  200012b0    00000004     empty_pem4f.oem4f (.data:ti_sysbios_knl_Task_Module_State_0_idleTask__A)
                  200012b4    00000004     empty_pem4f.oem4f (.data:xdc_runtime_Memory_Module__state__V)
                  200012b8    00000002     empty_pem4f.oem4f (.data:ti_sysbios_family_arm_m3_Hwi_Module_State_0_excActive__A)
                  200012ba    00000002     empty_pem4f.oem4f (.data:xdc_runtime_Error_Module__state__V)

.stack     0    200012c0    00000300     UNINITIALIZED
                  200012c0    00000300     --HOLE--

.bootVecs 
*          0    00000000    00000008     DSECT
                  00000000    00000008     boot.aem4f : boot.oem4f (.bootVecs)

.vecs      0    20000000    00000360     UNINITIALIZED
                  20000000    00000360     empty_pem4f.oem4f (.vecs)

xdc.meta   0    00000000    000000d9     COPY SECTION
                  00000000    000000d9     empty_pem4f.oem4f (xdc.meta)

__llvm_prf_cnts 
*          0    20000000    00000000     UNINITIALIZED

MODULE SUMMARY

       Module                       code    ro data   rw data
       ------                       ----    -------   -------
    .\
       sensing.obj                  992     7         59     
       movement.obj                 602     0         8      
       main.obj                     334     64        142    
       LightTimer.obj               340     0         17     
       controlLED.obj               220     0         0      
       uartRW.obj                   92      0         0      
    +--+----------------------------+-------+---------+---------+
       Total:                       2580    71        226    
                                                             
    C:\Users\colby\git\Mechagodzilla\Debug\configPkg\package\cfg\
       empty_pem4f.oem4f            1374    7503      4260   
    +--+----------------------------+-------+---------+---------+
       Total:                       1374    7503      4260   
                                                             
    C:/ti/tirtos_tivac_2_16_01_14/products/TivaWare_C_Series-2.1.1.71b/driverlib/ccs/Debug/driverlib.lib
       sysctl.obj                   622     108       0      
       gpio.obj                     526     144       0      
       adc.obj                      266     0         0      
       interrupt.obj                104     112       0      
       timer.obj                    170     0         0      
       uart.obj                     170     0         0      
       pwm.obj                      110     0         0      
    +--+----------------------------+-------+---------+---------+
       Total:                       1968    364       0      
                                                             
    C:\Users\colby\git\Mechagodzilla\src\sysbios\sysbios.aem4f
       BIOS.obj                     8966    0         0      
       m3_Hwi_asm.obj               314     0         0      
       m3_TaskSupport_asm.obj       180     0         0      
       m3_Hwi_asm_switch.obj        118     0         0      
    +--+----------------------------+-------+---------+---------+
       Total:                       9578    0         0      
                                                             
    C:\ti\ccs1040\ccs\tools\compiler\ti-cgt-arm_20.2.5.LTS\lib\rtsv7M4_T_le_v4SPD16_eabi.lib
       fd_add_t2.asm.obj            438     0         0      
       trgmsg.c.obj                 108     0         288    
       fd_div_t2.asm.obj            310     0         0      
       fd_cmp_t2.asm.obj            268     0         0      
       fd_mul_t2.asm.obj            252     0         0      
       memcpy_t2.asm.obj            156     0         0      
       memset_t2.asm.obj            122     0         0      
       copy_decompress_lzss.c.obj   104     0         0      
       hostwrite.c.obj              88      0         0      
       cpy_tbl.c.obj                76      0         0      
       fd_toi_t2.asm.obj            72      0         0      
       u_divt2.asm.obj              64      0         0      
       i_tofd_t2.asm.obj            46      0         0      
       _lock.c.obj                  26      0         8      
       args_main.c.obj              24      0         0      
       strlen.c.obj                 20      0         0      
       copy_decompress_none.c.obj   14      0         0      
       copy_zero_init.c.obj         12      0         0      
       hostopen.c.obj               0       0         8      
       exit.c.obj                   4       0         0      
       stkdepth_vars.c.obj          0       0         4      
       div0.asm.obj                 2       0         0      
    +--+----------------------------+-------+---------+---------+
       Total:                       2206    0         308    
                                                             
    C:\ti\tirtos_tivac_2_16_01_14\products\bios_6_45_02_31\packages\ti\catalog\arm\cortexm4\tiva\ce\lib\Boot.aem4f
       Boot_sysctl.oem4f            262     0         0      
       Boot.oem4f                   152     0         0      
    +--+----------------------------+-------+---------+---------+
       Total:                       414     0         0      
                                                             
    C:\ti\tirtos_tivac_2_16_01_14\products\bios_6_45_02_31\packages\ti\targets\arm\rtsarm\lib\auto_init.aem4f
       auto_init.oem4f              160     0         0      
    +--+----------------------------+-------+---------+---------+
       Total:                       160     0         0      
                                                             
    C:\ti\tirtos_tivac_2_16_01_14\products\bios_6_45_02_31\packages\ti\targets\arm\rtsarm\lib\boot.aem4f
       boot.oem4f                   88      0         0      
    +--+----------------------------+-------+---------+---------+
       Total:                       88      0         0      
                                                             
    C:\ti\tirtos_tivac_2_16_01_14\products\bios_6_45_02_31\packages\ti\targets\arm\rtsarm\lib\ti.targets.arm.rtsarm.aem4f
       System.oem4f                 1255    0         0      
       Text.oem4f                   672     0         0      
       Error.oem4f                  524     0         0      
       Core-mem.oem4f               358     0         0      
       Startup.oem4f                328     0         0      
       SysMin.oem4f                 248     0         0      
       Core-smem.oem4f              204     0         0      
       Memory.oem4f                 176     0         0      
       Assert.oem4f                 84      0         0      
       Core-params.oem4f            70      0         0      
       Core-label.oem4f             52      0         0      
       Registry.oem4f               32      0         0      
       Gate.oem4f                   28      0         0      
    +--+----------------------------+-------+---------+---------+
       Total:                       4031    0         0      
                                                             
       Stack:                       0       0         768    
       Linker Generated:            0       543       0      
    +--+----------------------------+-------+---------+---------+
       Grand Total:                 22399   8481      5562   


LINKER GENERATED COPY TABLES

__TI_cinit_table @ 00007900 records: 3, size/record: 8, table size: 24
	.data: load addr=000076f8, load size=000001eb bytes, run addr=20000eb8, run size=00000404 bytes, compression=lzss
	.bss: load addr=000078f0, load size=00000008 bytes, run addr=20000360, run size=00000b56 bytes, compression=zero_init
	.vecs: load addr=000078f8, load size=00000008 bytes, run addr=20000000, run size=00000360 bytes, compression=zero_init


LINKER GENERATED HANDLER TABLE

__TI_handler_table @ 000078e4 records: 3, size/record: 4, table size: 12
	index: 0, handler: __TI_decompress_lzss
	index: 1, handler: __TI_decompress_none
	index: 2, handler: __TI_zero_init


GLOBAL SYMBOLS: SORTED ALPHABETICALLY BY Name 

address   name                                                              
-------   ----                                                              
00005261  ADCProcessorTrigger                                               
00004573  ADCSequenceConfigure                                              
00005039  ADCSequenceDataGet                                                
00005659  ADCSequenceDisable                                                
00005667  ADCSequenceEnable                                                 
00003555  ADCSequenceStepConfigure                                          
000038dd  Board_Init                                                        
0000162d  C$$EXIT                                                           
00004713  C$$IO$$                                                           
00002665  CalculateSpeed                                                    
00004c79  GPIODirModeSet                                                    
00001b53  GPIOPadConfigSet                                                  
00004275  GPIOPinConfigure                                                  
00003a7b  GPIOPinRead                                                       
000054a9  GPIOPinTypeADC                                                    
000054bb  GPIOPinTypeGPIOInput                                              
00005279  GPIOPinTypeGPIOOutput                                             
000054cd  GPIOPinTypePWM                                                    
000054df  GPIOPinTypeUART                                                   
0000552b  GPIOPinWrite                                                      
00003ef1  HOSTwrite                                                         
00004ed9  IRDistanceCollect                                                 
0000274d  IRDistanceDisplay                                                 
00003c09  InputFunction                                                     
00003945  IntEnable                                                         
00004ccd  LED_Init                                                          
00004801  LightTimerReload                                                  
00003ae5  LightTimer_Init                                                   
00003061  Movement_Init                                                     
00001145  PID                                                               
00004e95  PWMGenConfigure                                                   
000056cd  PWMGenEnable                                                      
00005555  PWMGenPeriodSet                                                   
000054f1  PWMOutputState                                                    
00005057  PWMPulseWidthSet                                                  
UNDEFED   SHT$$INIT_ARRAY$$Base                                             
UNDEFED   SHT$$INIT_ARRAY$$Limit                                            
00003449  Sensing_Init                                                      
00001d9d  SysCtlClockGet                                                    
00002489  SysCtlClockSet                                                    
000057c3  SysCtlDelay                                                       
00004835  SysCtlPeripheralEnable                                            
000046ad  SysCtlPeripheralReady                                             
00004d95  Timeout_50MS                                                      
00003b45  TimerConfigure                                                    
00005369  TimerDisable                                                      
00005675  TimerEnable                                                       
000007bd  TimerIntClear                                                     
000057b3  TimerIntEnable                                                    
00005503  TimerLoadSet                                                      
00005759  TimerValueGet                                                     
00005763  UARTCharGet                                                       
0000576d  UARTCharPut                                                       
00005683  UARTCharPutNonBlocking                                            
000044f1  UARTConfigSetExpClk                                               
00005095  UARTDisable                                                       
0000537d  UARTEnable                                                        
00000cfd  UARTIntClear                                                      
000057bb  UARTIntEnable                                                     
00005777  UARTIntStatus                                                     
00003c65  UART_Init                                                         
00003fa1  UART_Read                                                         
00003225  Uturn                                                             
00000000  __ASM__                                                           
20000cc0  __CIOBUF_                                                         
00000057  __ISA__                                                           
0000006a  __PLAT__                                                          
200015c0  __STACK_END                                                       
00000300  __STACK_SIZE                                                      
0000008b  __TARG__                                                          
00007900  __TI_CINIT_Base                                                   
00007918  __TI_CINIT_Limit                                                  
000078e4  __TI_Handler_Table_Base                                           
000078f0  __TI_Handler_Table_Limit                                          
00002d49  __TI_auto_init                                                    
000039ad  __TI_decompress_lzss                                              
00005691  __TI_decompress_none                                              
ffffffff  __TI_pprof_out_hndl                                               
ffffffff  __TI_prof_data_size                                               
ffffffff  __TI_prof_data_start                                              
00004869  __TI_readmsg                                                      
000076f8  __TI_static_base__                                                
000046e5  __TI_writemsg                                                     
000056f1  __TI_zero_init                                                    
000000b1  __TRDR__                                                          
0000333d  __aeabi_cdcmpeq                                                   
0000333d  __aeabi_cdcmple                                                   
000033c3  __aeabi_cdrcmple                                                  
000042bd  __aeabi_d2iz                                                      
0000130b  __aeabi_dadd                                                      
00001a1d  __aeabi_ddiv                                                      
000020a9  __aeabi_dmul                                                      
00001301  __aeabi_dsub                                                      
00004bc1  __aeabi_i2d                                                       
0000305f  __aeabi_idiv0                                                     
0000305f  __aeabi_ldiv0                                                     
000035cf  __aeabi_memclr                                                    
000035cf  __aeabi_memclr4                                                   
000035cf  __aeabi_memclr8                                                   
00002e89  __aeabi_memcpy                                                    
00002e89  __aeabi_memcpy4                                                   
00002e89  __aeabi_memcpy8                                                   
000035d1  __aeabi_memset                                                    
000035d1  __aeabi_memset4                                                   
000035d1  __aeabi_memset8                                                   
00004533  __aeabi_uidiv                                                     
00004533  __aeabi_uidivmod                                                  
ffffffff  __binit__                                                         
ffffffff  __c_args__                                                        
200012c0  __stack                                                           
20000000  __start___llvm_prf_cnts                                           
20000000  __stop___llvm_prf_cnts                                            
00005291  _args_main                                                        
00003e99  _c_int00                                                          
2000124c  _lock                                                             
000014b7  _nop                                                              
000056d9  _register_lock                                                    
000056e5  _register_unlock                                                  
20001250  _unlock                                                           
0000162d  abort                                                             
20000e90  adcVal                                                            
20000eb8  arr_cmd                                                           
00005391  bLED                                                              
ffffffff  binit                                                             
00004139  copy_in                                                           
20001234  count                                                             
2000129c  countMain                                                         
20001238  counter                                                           
000053a5  dataCollect                                                       
20000eb4  diff                                                              
00001c83  dist                                                              
000053b9  endCollect                                                        
000053cd  endSend                                                           
20000e94  endTime                                                           
20000e98  errorCurr                                                         
20001230  errorPrev                                                         
2000123e  everyOther                                                        
00005781  fastSpeed                                                         
2000123c  firstFlag                                                         
00005565  frontDistPrnt                                                     
000053e1  gLED                                                              
00004cf5  goForward                                                         
000028ed  identify_color                                                    
20000e9c  instructions                                                      
0000569f  main                                                              
200012a0  main_func_sp                                                      
0000578b  mediumSpeed                                                       
00002e89  memcpy                                                            
000035d7  memset                                                            
000053f5  offLED                                                            
20000e88  parmbuf                                                           
20000ea0  pinValue                                                          
20000e60  ping                                                              
2000123d  pingPong                                                          
20000e74  pong                                                              
20000ea4  pwm_clk                                                           
00005409  rLED                                                              
00005575  rightDistPrnt                                                     
0000541d  sendData                                                          
00003797  set                                                               
000045b1  setSpeed                                                          
00005795  slowSpeed                                                         
2000123f  startCollecting                                                   
20000ea8  startTime                                                         
0000489d  stop                                                              
00005431  strlen                                                            
0000756c  ti_catalog_arm_cortexm4_tiva_ce_Boot_A_mustUseEnhancedClockMode__C
00007570  ti_catalog_arm_cortexm4_tiva_ce_Boot_Module__diagsEnabled__C      
00007574  ti_catalog_arm_cortexm4_tiva_ce_Boot_Module__diagsIncluded__C     
00007578  ti_catalog_arm_cortexm4_tiva_ce_Boot_Module__diagsMask__C         
00007546  ti_catalog_arm_cortexm4_tiva_ce_Boot_Module__id__C                
000056c1  ti_catalog_arm_cortexm4_tiva_ce_Boot_init__I                      
00001ea9  ti_catalog_arm_cortexm4_tiva_ce_Boot_sysCtlClockSetI__I           
000030f9  ti_catalog_arm_cortexm4_tiva_ce_Boot_sysCtlClockSet__E            
000057e1  ti_catalog_arm_cortexm4_tiva_ce_Boot_sysCtlDelayI__I              
200011d8  ti_sysbios_BIOS_Module__state__V                                  
000051c5  ti_sysbios_BIOS_RtsGateProxy_Handle__label__S                     
00004e4d  ti_sysbios_BIOS_RtsGateProxy_Object__delete__S                    
00001795  ti_sysbios_BIOS_RtsGateProxy_enter__E                             
000029ad  ti_sysbios_BIOS_RtsGateProxy_leave__E                             
00005819  ti_sysbios_BIOS_RtsGateProxy_query__E                             
000049dd  ti_sysbios_BIOS_atExitFunc__I                                     
00004db9  ti_sysbios_BIOS_errorRaiseHook__I                                 
00005351  ti_sysbios_BIOS_exitFunc__I                                       
000041d5  ti_sysbios_BIOS_nullFunc__I                                       
00004ddd  ti_sysbios_BIOS_registerRTSLock__I                                
00004e01  ti_sysbios_BIOS_removeRTSLock__I                                  
00004ef9  ti_sysbios_BIOS_rtsLock__I                                        
000052a9  ti_sysbios_BIOS_rtsUnlock__I                                      
00005589  ti_sysbios_BIOS_setThreadType__E                                  
00004f19  ti_sysbios_BIOS_startFunc__I                                      
00005599  ti_sysbios_BIOS_start__E                                          
0000757c  ti_sysbios_family_arm_m3_Hwi_E_NMI__C                             
00007580  ti_sysbios_family_arm_m3_Hwi_E_busFault__C                        
00007584  ti_sysbios_family_arm_m3_Hwi_E_debugMon__C                        
00007588  ti_sysbios_family_arm_m3_Hwi_E_hardFault__C                       
0000758c  ti_sysbios_family_arm_m3_Hwi_E_memFault__C                        
00007590  ti_sysbios_family_arm_m3_Hwi_E_noIsr__C                           
00007594  ti_sysbios_family_arm_m3_Hwi_E_reserved__C                        
00007598  ti_sysbios_family_arm_m3_Hwi_E_svCall__C                          
0000759c  ti_sysbios_family_arm_m3_Hwi_E_usageFault__C                      
00005191  ti_sysbios_family_arm_m3_Hwi_Handle__label__S                     
200012b8  ti_sysbios_family_arm_m3_Hwi_Module_State_0_excActive__A          
200012a4  ti_sysbios_family_arm_m3_Hwi_Module_State_0_excContext__A         
200012a8  ti_sysbios_family_arm_m3_Hwi_Module_State_0_excStack__A           
000076d4  ti_sysbios_family_arm_m3_Hwi_Module__id__C                        
000052c1  ti_sysbios_family_arm_m3_Hwi_Module__startupDone__F               
000052c1  ti_sysbios_family_arm_m3_Hwi_Module__startupDone__S               
20001148  ti_sysbios_family_arm_m3_Hwi_Module__state__V                     
00004049  ti_sysbios_family_arm_m3_Hwi_Module_startup__E                    
000075a0  ti_sysbios_family_arm_m3_Hwi_NUM_INTERRUPTS__C                    
000075a4  ti_sysbios_family_arm_m3_Hwi_Object__count__C                     
00005445  ti_sysbios_family_arm_m3_Hwi_Object__get__S                       
20001084  ti_sysbios_family_arm_m3_Hwi_Object__table__V                     
000075a8  ti_sysbios_family_arm_m3_Hwi_ccr__C                               
00003a81  ti_sysbios_family_arm_m3_Hwi_dispatchC__I                         
20000760  ti_sysbios_family_arm_m3_Hwi_dispatchTable                        
[...]
00005639  xdc_runtime_System_vsnprintf__E                                   
00005649  xdc_runtime_Text_visitRope__I                                     
00005659  ADCSequenceDisable                                                
00005667  ADCSequenceEnable                                                 
00005675  TimerEnable                                                       
00005683  UARTCharPutNonBlocking                                            
00005691  __TI_decompress_none                                              
0000569f  main                                                              
000056b1  ti_sysbios_knl_Idle_loop__E                                       
000056c1  ti_catalog_arm_cortexm4_tiva_ce_Boot_init__I                      
000056cd  PWMGenEnable                                                      
000056d9  _register_lock                                                    
000056e5  _register_unlock                                                  
000056f1  __TI_zero_init                                                    
00005701  ti_sysbios_family_arm_m3_TaskSupport_checkStack__E                
00005701  ti_sysbios_knl_Task_SupportProxy_checkStack__E                    
00005711  ti_sysbios_gates_GateHwi_enter__E                                 
0000571d  ti_sysbios_knl_Queue_Object__get__S                               
00005729  xdc_runtime_Error_init__E                                         
00005735  xdc_runtime_Gate_enterSystem__E                                   
00005741  xdc_runtime_Memory_calloc__E                                      
0000574d  xdc_runtime_Memory_getMaxDefaultTypeAlign__E                      
00005759  TimerValueGet                                                     
00005763  UARTCharGet                                                       
0000576d  UARTCharPut                                                       
00005777  UARTIntStatus                                                     
00005781  fastSpeed                                                         
0000578b  mediumSpeed                                                       
00005795  slowSpeed                                                         
0000579f  xdc_runtime_Memory_HeapProxy_alloc__E                             
000057a9  xdc_runtime_Memory_HeapProxy_free__E                              
000057b3  TimerIntEnable                                                    
000057bb  UARTIntEnable                                                     
000057c3  SysCtlDelay                                                       
000057c9  ti_sysbios_family_arm_m3_Hwi_doSwiRestore__I                      
000057d1  ti_sysbios_family_arm_m3_Hwi_startup__E                           
000057d1  ti_sysbios_hal_Hwi_HwiProxy_startup__E                            
000057d1  ti_sysbios_hal_Hwi_startup__E                                     
000057d9  uturn                                                             
000057e1  ti_catalog_arm_cortexm4_tiva_ce_Boot_sysCtlDelayI__I              
000057e9  ti_sysbios_gates_GateHwi_leave__E                                 
000057f1  ti_sysbios_heaps_HeapMem_isBlocking__E                            
000057f9  ti_sysbios_knl_Queue_Instance_init__E                             
00005801  ti_sysbios_knl_Swi_startup__E                                     
00005807  xdc_runtime_System_Module_startup__E                              
00005811  ti_sysbios_gates_GateHwi_query__E                                 
00005811  xdc_runtime_Main_Module_GateProxy_query__E                        
00005811  xdc_runtime_System_Module_GateProxy_query__E                      
00005819  ti_sysbios_BIOS_RtsGateProxy_query__E                             
00005819  ti_sysbios_gates_GateMutex_query__E                               
00005819  ti_sysbios_heaps_HeapMem_Module_GateProxy_query__E                
00005821  ti_sysbios_knl_Task_startup__E                                    
00005829  ti_sysbios_gates_GateHwi_Instance_init__E                         
0000582c  xdc_runtime_Text_charTab__A                                       
000070c0  xdc_runtime_Text_nodeTab__A                                       
0000736c  ti_sysbios_heaps_HeapMem_Module__FXNS__C                          
00007394  ti_sysbios_gates_GateHwi_Module__FXNS__C                          
000073b8  ti_sysbios_gates_GateMutex_Module__FXNS__C                        
000073dc  ti_sysbios_heaps_HeapMem_Object__PARAMS__C                        
00007400  ti_sysbios_knl_Semaphore_Object__PARAMS__C                        
00007424  ti_sysbios_gates_GateHwi_Object__DESC__C                          
00007444  ti_sysbios_gates_GateMutex_Object__DESC__C                        
00007464  ti_sysbios_heaps_HeapMem_Object__DESC__C                          
00007484  ti_sysbios_knl_Queue_Object__DESC__C                              
000074a4  ti_sysbios_knl_Semaphore_Object__DESC__C                          
000074c4  xdc_runtime_Startup_sfxnTab__A                                    
000074e0  ti_sysbios_gates_GateHwi_Object__PARAMS__C                        
000074f8  ti_sysbios_gates_GateMutex_Object__PARAMS__C                      
00007510  ti_sysbios_knl_Queue_Object__PARAMS__C                            
00007528  xdc_runtime_Startup_firstFxns__A                                  
00007538  xdc_runtime_Startup_sfxnRts__A                                    
00007546  ti_catalog_arm_cortexm4_tiva_ce_Boot_Module__id__C                
00007548  ti_sysbios_family_arm_m3_Hwi_excHookFuncs__A                      
00007550  ti_sysbios_knl_Idle_funcList__C                                   
00007558  xdc_runtime_Startup_firstFxns__C                                  
00007560  xdc_runtime_Startup_lastFxns__C                                   
0000756c  ti_catalog_arm_cortexm4_tiva_ce_Boot_A_mustUseEnhancedClockMode__C
00007570  ti_catalog_arm_cortexm4_tiva_ce_Boot_Module__diagsEnabled__C      
00007574  ti_catalog_arm_cortexm4_tiva_ce_Boot_Module__diagsIncluded__C     
00007578  ti_catalog_arm_cortexm4_tiva_ce_Boot_Module__diagsMask__C         
0000757c  ti_sysbios_family_arm_m3_Hwi_E_NMI__C                             
00007580  ti_sysbios_family_arm_m3_Hwi_E_busFault__C                        
00007584  ti_sysbios_family_arm_m3_Hwi_E_debugMon__C                        
00007588  ti_sysbios_family_arm_m3_Hwi_E_hardFault__C                       
0000758c  ti_sysbios_family_arm_m3_Hwi_E_memFault__C                        
00007590  ti_sysbios_family_arm_m3_Hwi_E_noIsr__C                           
00007594  ti_sysbios_family_arm_m3_Hwi_E_reserved__C                        
00007598  ti_sysbios_family_arm_m3_Hwi_E_svCall__C                          
0000759c  ti_sysbios_family_arm_m3_Hwi_E_usageFault__C                      
000075a0  ti_sysbios_family_arm_m3_Hwi_NUM_INTERRUPTS__C                    
000075a4  ti_sysbios_family_arm_m3_Hwi_Object__count__C                     
000075a8  ti_sysbios_family_arm_m3_Hwi_ccr__C                               
000075ac  ti_sysbios_family_arm_m3_Hwi_excHandlerFunc__C                    
000075b0  ti_sysbios_family_arm_m3_Hwi_excHookFuncs__C                      
000075b4  ti_sysbios_family_arm_m3_Hwi_nullIsrFunc__C                       
000075b8  ti_sysbios_family_arm_m3_Hwi_priGroup__C                          
000075bc  ti_sysbios_gates_GateMutex_A_badContext__C                        
000075c0  ti_sysbios_gates_GateMutex_Instance_State_sem__O                  
000075c4  ti_sysbios_gates_GateMutex_Module__diagsEnabled__C                
000075c8  ti_sysbios_gates_GateMutex_Module__diagsIncluded__C               
000075cc  ti_sysbios_gates_GateMutex_Module__diagsMask__C                   
000075d0  ti_sysbios_hal_Hwi_E_stackOverflow__C                             
000075d4  ti_sysbios_heaps_HeapMem_A_align__C                               
000075d8  ti_sysbios_heaps_HeapMem_A_heapSize__C                            
000075dc  ti_sysbios_heaps_HeapMem_A_invalidFree__C                         
000075e0  ti_sysbios_heaps_HeapMem_A_zeroBlock__C                           
000075e4  ti_sysbios_heaps_HeapMem_E_memory__C                              
000075e8  ti_sysbios_heaps_HeapMem_Module__diagsEnabled__C                  
000075ec  ti_sysbios_heaps_HeapMem_Module__diagsIncluded__C                 
000075f0  ti_sysbios_heaps_HeapMem_Module__diagsMask__C                     
000075f4  ti_sysbios_heaps_HeapMem_Module__gateObj__C                       
000075f8  ti_sysbios_heaps_HeapMem_Object__count__C                         
000075fc  ti_sysbios_heaps_HeapMem_reqAlign__C                              
00007600  ti_sysbios_knl_Clock_Module_State_clockQ__O                       
00007604  ti_sysbios_knl_Idle_funcList__A                                   
00007608  ti_sysbios_knl_Semaphore_A_badContext__C                          
0000760c  ti_sysbios_knl_Semaphore_A_noEvents__C                            
00007610  ti_sysbios_knl_Semaphore_A_overflow__C                            
00007614  ti_sysbios_knl_Semaphore_A_pendTaskDisabled__C                    
00007618  ti_sysbios_knl_Semaphore_Instance_State_pendQ__O                  
0000761c  ti_sysbios_knl_Semaphore_Module__diagsEnabled__C                  
00007620  ti_sysbios_knl_Semaphore_Module__diagsIncluded__C                 
00007624  ti_sysbios_knl_Semaphore_Module__diagsMask__C                     
00007628  ti_sysbios_knl_Swi_Object__count__C                               
0000762c  ti_sysbios_knl_Task_E_spOutOfBounds__C                            
00007630  ti_sysbios_knl_Task_E_stackOverflow__C                            
00007634  ti_sysbios_knl_Task_Module_State_inactiveQ__O                     
00007638  ti_sysbios_knl_Task_Object__count__C                              
0000763c  ti_sysbios_knl_Task_allBlockedFunc__C                             
00007640  ti_sysbios_knl_Task_numConstructedTasks__C                        
00007644  xdc_runtime_Assert_E_assertFailed__C                              
00007648  xdc_runtime_Core_A_initializedParams__C                           
0000764c  xdc_runtime_Core_Module__diagsEnabled__C                          
00007650  xdc_runtime_Core_Module__diagsIncluded__C                         
00007654  xdc_runtime_Core_Module__diagsMask__C                             
00007658  xdc_runtime_Error_E_memory__C                                     
0000765c  xdc_runtime_Error_Module__diagsEnabled__C                         
00007660  xdc_runtime_Error_Module__diagsIncluded__C                        
00007664  xdc_runtime_Error_Module__diagsMask__C                            
00007668  xdc_runtime_Error_Module__loggerFxn8__C                           
0000766c  xdc_runtime_Error_Module__loggerObj__C                            
00007670  xdc_runtime_Error_policyFxn__C                                    
00007674  xdc_runtime_Error_raiseHook__C                                    
00007678  xdc_runtime_IGateProvider_Interface__BASE__C                      
0000767c  xdc_runtime_IHeap_Interface__BASE__C                              
00007680  xdc_runtime_IModule_Interface__BASE__C                            
00007684  xdc_runtime_Log_L_error__C                                        
00007688  xdc_runtime_Memory_defaultHeapInstance__C                         
0000768c  xdc_runtime_Startup_execImpl__C                                   
00007690  xdc_runtime_Startup_maxPasses__C                                  
00007694  xdc_runtime_Startup_sfxnRts__C                                    
00007698  xdc_runtime_Startup_sfxnTab__C                                    
0000769c  xdc_runtime_SysMin_bufSize__C                                     
000076a0  xdc_runtime_SysMin_outputFunc__C                                  
000076a4  xdc_runtime_System_Module__gateObj__C                             
000076a8  xdc_runtime_System_abortFxn__C                                    
000076ac  xdc_runtime_System_exitFxn__C                                     
000076b0  xdc_runtime_System_extendFxn__C                                   
000076b4  xdc_runtime_System_maxAtexitHandlers__C                           
000076b8  xdc_runtime_Text_charTab__C                                       
000076bc  xdc_runtime_Text_nameEmpty__C                                     
000076c0  xdc_runtime_Text_nameStatic__C                                    
000076c4  xdc_runtime_Text_nameUnknown__C                                   
000076c8  xdc_runtime_Text_nodeTab__C                                       
000076cc  xdc_runtime_Text_visitRopeFxn__C                                  
000076d3  xdc_runtime_Error_policy__C                                       
000076d4  ti_sysbios_family_arm_m3_Hwi_Module__id__C                        
000076d6  ti_sysbios_gates_GateMutex_Module__id__C                          
000076d8  ti_sysbios_hal_Hwi_Module__id__C                                  
000076da  ti_sysbios_heaps_HeapMem_Module__id__C                            
000076dc  ti_sysbios_knl_Semaphore_Module__id__C                            
000076de  ti_sysbios_knl_Task_Module__id__C                                 
000076e0  xdc_runtime_Core_Module__id__C                                    
000076e2  xdc_runtime_Error_Module__loggerDefined__C                        
000076e4  xdc_runtime_Error_maxDepth__C                                     
000076e6  xdc_runtime_Memory_Module__id__C                                  
000076e8  xdc_runtime_SysMin_flushAtExit__C                                 
000076ea  xdc_runtime_Text_charCnt__C                                       
000076ec  xdc_runtime_Text_isLoaded__C                                      
000076ee  xdc_runtime_Text_registryModsLastId__C                            
000076f0  xdc_runtime_Text_unnamedModsLastId__C                             
000076f8  __TI_static_base__                                                
000078e4  __TI_Handler_Table_Base                                           
000078f0  __TI_Handler_Table_Limit                                          
00007900  __TI_CINIT_Base                                                   
00007918  __TI_CINIT_Limit                                                  
20000000  __start___llvm_prf_cnts                                           
20000000  __stop___llvm_prf_cnts                                            
20000000  ti_sysbios_family_arm_m3_Hwi_ramVectors                           
20000360  ti_sysbios_heaps_HeapMem_Instance_State_0_buf__A                  
20000760  ti_sysbios_family_arm_m3_Hwi_dispatchTable                        
20000ac0  ti_sysbios_knl_Task_Instance_State_0_stack__A                     
20000cc0  __CIOBUF_                                                         
20000de0  xdc_runtime_SysMin_Module_State_0_outbuf__A                       
20000e60  ping                                                              
20000e74  pong                                                              
20000e88  parmbuf                                                           
20000e90  adcVal                                                            
20000e94  endTime                                                           
20000e98  errorCurr                                                         
20000e9c  instructions                                                      
20000ea0  pinValue                                                          
20000ea4  pwm_clk                                                           
20000ea8  startTime                                                         
20000eac  totalTime                                                         
20000eb0  val_load                                                          
20000eb4  diff                                                              
20000eb8  arr_cmd                                                           
20000f38  ti_sysbios_knl_Swi_Module_State_0_readyQ__A                       
20000fb8  ti_sysbios_knl_Task_Module_State_0_readyQ__A                      
20001038  ti_sysbios_knl_Task_Object__table__V                              
20001084  ti_sysbios_family_arm_m3_Hwi_Object__table__V                     
200010cc  ti_sysbios_knl_Task_Module__state__V                              
20001110  ti_sysbios_gates_GateMutex_Object__table__V                       
20001148  ti_sysbios_family_arm_m3_Hwi_Module__state__V                     
2000117c  ti_sysbios_knl_Swi_Object__table__V                               
200011ac  ti_sysbios_knl_Clock_Module__state__V                             
200011d8  ti_sysbios_BIOS_Module__state__V                                  
200011fc  ti_sysbios_knl_Swi_Module__state__V                               
20001218  ti_sysbios_heaps_HeapMem_Object__table__V                         
20001230  errorPrev                                                         
20001234  count                                                             
20001238  counter                                                           
2000123c  firstFlag                                                         
2000123d  pingPong                                                          
2000123e  everyOther                                                        
2000123f  startCollecting                                                   
20001240  xdc_runtime_SysMin_Module__state__V                               
2000124c  _lock                                                             
20001250  _unlock                                                           
20001254  ti_sysbios_gates_GateHwi_Module__root__V                          
2000125c  ti_sysbios_gates_GateMutex_Module__root__V                        
20001264  ti_sysbios_heaps_HeapMem_Module__root__V                          
2000126c  ti_sysbios_knl_Queue_Module__root__V                              
20001274  ti_sysbios_knl_Semaphore_Module__root__V                          
2000127c  xdc_runtime_Registry_Module__state__V                             
20001284  xdc_runtime_Startup_Module__state__V                              
2000128c  xdc_runtime_System_Module_State_0_atexitHandlers__A               
20001294  xdc_runtime_System_Module__state__V                               
2000129c  countMain                                                         
200012a0  main_func_sp                                                      
200012a4  ti_sysbios_family_arm_m3_Hwi_Module_State_0_excContext__A         
200012a8  ti_sysbios_family_arm_m3_Hwi_Module_State_0_excStack__A           
200012ac  ti_sysbios_gates_GateHwi_Object__table__V                         
200012b0  ti_sysbios_knl_Task_Module_State_0_idleTask__A                    
200012b4  xdc_runtime_Memory_Module__state__V                               
200012b8  ti_sysbios_family_arm_m3_Hwi_Module_State_0_excActive__A          
200012ba  xdc_runtime_Error_Module__state__V                                
200012c0  __stack                                                           
200015c0  __STACK_END                                                       
e000e000  ti_sysbios_family_arm_m3_Hwi_nvic                                 
ffffffff  __TI_pprof_out_hndl                                               
ffffffff  __TI_prof_data_size                                               
ffffffff  __TI_prof_data_start                                              
ffffffff  __binit__                                                         
ffffffff  __c_args__                                                        
ffffffff  binit                                                             
UNDEFED   SHT$$INIT_ARRAY$$Base                                             
UNDEFED   SHT$$INIT_ARRAY$$Limit                                            

[564 symbols]
