******************************************************************************
                  TI ARM Linker PC v20.2.5                     
******************************************************************************
>> Linked Mon Nov  8 11:45:36 2021

OUTPUT FILE NAME:   <Mechagodzilla.out>
ENTRY POINT SYMBOL: "_c_int00"  address: 00005171


MEMORY CONFIGURATION

         name            origin    length      used     unused   attr    fill
----------------------  --------  ---------  --------  --------  ----  --------
  FLASH                 00000000   00040000  00008cde  00037322  R  X
  SRAM                  20000000   00008000  00001506  00006afa  RW X


SEGMENT ALLOCATION MAP

run origin  load origin   length   init length attrs members
----------  ----------- ---------- ----------- ----- -------
00000000    00000000    00008ce8   00008ce8    r-x
  00000000    00000000    0000003c   0000003c    r-- .resetVecs
  00000040    00000040    00006b72   00006b72    r-x .text
  00006bb4    00006bb4    00001f80   00001f80    r-- .const
  00008b38    00008b38    000001b0   000001b0    r-- .cinit
20000000    20000000    00001510   00000000    rw-
  20000000    20000000    00000360   00000000    rw- .vecs
  20000360    20000360    00000b2a   00000000    rw- .bss
  20000e90    20000e90    0000037c   00000000    rw- .data
  20001210    20001210    00000300   00000000    rw- .stack


SECTION ALLOCATION MAP

 output                                  attributes/
section   page    origin      length       input sections
--------  ----  ----------  ----------   ----------------
.text      0    00000040    00006b72     
                  00000040    00000a4e     rtsv7M4_T_le_v4SPD16_eabi.lib : _printfi.c.obj (.text:__TI_printfi)
                  00000a8e    00000002                                   : _lock.c.obj (.text:_nop)
                  00000a90    00000430     sysbios.aem4f : BIOS.obj (.text:ti_sysbios_family_arm_m3_Hwi_excDumpRegs__I)
                  00000ec0    0000034c     ti.targets.arm.rtsarm.aem4f : System.oem4f (.text:xdc_runtime_System_doPrint__I)
                  0000120c    00000004     driverlib.lib : timer.obj (.text:TimerIntClear)
                  00001210    000002d0     sysbios.aem4f : BIOS.obj (.text:ti_sysbios_knl_Semaphore_pend__E)
                  000014e0    00000270     rtsv7M4_T_le_v4SPD16_eabi.lib : _printfi.c.obj (.text:_pconv_a)
                  00001750    0000026c     sysbios.aem4f : BIOS.obj (.text:ti_sysbios_heaps_HeapMem_free__E)
                  000019bc    00000004     driverlib.lib : uart.obj (.text:UARTIntClear)
                  000019c0    00000250     sysbios.aem4f : BIOS.obj (.text:ti_sysbios_heaps_HeapMem_alloc__E)
                  00001c10    000001f4                   : BIOS.obj (.text:ti_sysbios_family_arm_m3_Hwi_excHandlerMax__I)
                  00001e04    000001d0     rtsv7M4_T_le_v4SPD16_eabi.lib : _printfi.c.obj (.text:_pconv_g)
                  00001fd4    000001b6                                   : fd_add_t2.asm.obj (.text)
                  0000218a    00000006     driverlib.lib : gpio.obj (.text:GPIOPinRead)
                  00002190    00000174     sysbios.aem4f : BIOS.obj (.text:ti_sysbios_family_arm_m3_Hwi_excBusFault__I)
                  00002304    00000004     rtsv7M4_T_le_v4SPD16_eabi.lib : exit.c.obj (.text:abort:abort)
                  00002308    00000164     sysbios.aem4f : BIOS.obj (.text:ti_sysbios_family_arm_m3_Hwi_excUsageFault__I)
                  0000246c    00000004     empty_pem4f.oem4f (.text:ti_sysbios_BIOS_RtsGateProxy_enter__E)
                  00002470    00000148     sysbios.aem4f : BIOS.obj (.text:ti_sysbios_family_arm_m3_Hwi_excMemFault__I)
                  000025b8    0000013c     sensing.obj (.text:PID)
                  000026f4    0000013c     rtsv7M4_T_le_v4SPD16_eabi.lib : _printfi.c.obj (.text:_pconv_e)
                  00002830    0000013c     sysbios.aem4f : BIOS.obj (.text:ti_sysbios_heaps_HeapMem_Instance_init__E)
                  0000296c    00000136     rtsv7M4_T_le_v4SPD16_eabi.lib : fd_div_t2.asm.obj (.text)
                  00002aa2    00000130     driverlib.lib : gpio.obj (.text:GPIOPadConfigSet)
                  00002bd2    00000002     rtsv7M4_T_le_v4SPD16_eabi.lib : div0.asm.obj (.text)
                  00002bd4    00000124                                   : _printfi.c.obj (.text:fcvt)
                  00002cf8    00000118     ti.targets.arm.rtsarm.aem4f : Error.oem4f (.text:xdc_runtime_Error_policyDefault__E)
                  00002e10    00000110     rtsv7M4_T_le_v4SPD16_eabi.lib : s_scalbn.c.obj (.text:scalbn)
                  00002f20    0000010c     driverlib.lib : sysctl.obj (.text:SysCtlClockGet)
                  0000302c    00000100     Boot.aem4f : Boot_sysctl.oem4f (.text:ti_catalog_arm_cortexm4_tiva_ce_Boot_sysCtlClockSetI__I)
                  0000312c    00000100     ti.targets.arm.rtsarm.aem4f : Core-mem.oem4f (.text:xdc_runtime_Core_createObject__I)
                  0000322c    000000fc     rtsv7M4_T_le_v4SPD16_eabi.lib : fd_mul_t2.asm.obj (.text)
                  00003328    000000f8     ti.targets.arm.rtsarm.aem4f : Startup.oem4f (.text:xdc_runtime_Startup_startMods__I)
                  00003420    000000f8     empty_pem4f.oem4f (.text:xdc_runtime_System_printfExtend__I)
                  00003518    000000f4     sysbios.aem4f : m3_Hwi_asm.obj (.text:ti_sysbios_family_arm_m3_Hwi_dispatch__I)
                  0000360c    000000f0     driverlib.lib : sysctl.obj (.text:SysCtlClockSet)
                  000036fc    00000004     empty_pem4f.oem4f (.text:ti_sysbios_BIOS_RtsGateProxy_leave__E)
                  00003700    000000ec     sysbios.aem4f : BIOS.obj (.text:ti_sysbios_knl_Semaphore_post__E)
                  000037ec    000000e8     movement.obj (.text:CalculateSpeed)
                  000038d4    000000cc     ti.targets.arm.rtsarm.aem4f : Core-smem.oem4f (.text:xdc_runtime_Core_constructObject__I)
                  000039a0    000000bc     sysbios.aem4f : BIOS.obj (.text:ti_sysbios_family_arm_m3_Hwi_excDebugMon__I)
                  00003a5c    00000004     empty_pem4f.oem4f (.text:ti_sysbios_family_arm_m3_TaskSupport_Module__startupDone__S)
                  00003a60    000000bc     sysbios.aem4f : BIOS.obj (.text:ti_sysbios_family_arm_m3_Hwi_excHardFault__I)
                  00003b1c    00000004     empty_pem4f.oem4f (.text:ti_sysbios_hal_TimerNull_Module__startupDone__S)
                  00003b20    000000b4     sysbios.aem4f : BIOS.obj (.text:ti_sysbios_gates_GateMutex_enter__E)
                  00003bd4    00000004     empty_pem4f.oem4f (.text:ti_sysbios_heaps_HeapMem_Module_GateProxy_enter__E)
                  00003bd8    000000b4     sysbios.aem4f : BIOS.obj (.text:ti_sysbios_knl_Task_checkStacks__E)
                  00003c8c    000000b1     rtsv7M4_T_le_v4SPD16_eabi.lib : _printfi.c.obj (.text:_ltostr)
                  00003d3d    00000001     --HOLE-- [fill = 0]
                  00003d3e    00000002     empty_pem4f.oem4f (.text:ti_sysbios_BIOS_nullFunc__I)
                  00003d40    000000a8     sysbios.aem4f : BIOS.obj (.text:ti_sysbios_knl_Task_postInit__I)
                  00003de8    000000a0     auto_init.aem4f : auto_init.oem4f (.text)
                  00003e88    000000a0     LightTimer.obj (.text:identify_color)
                  00003f28    000000a0     ti.targets.arm.rtsarm.aem4f : Text.oem4f (.text:xdc_runtime_Text_putMod__E)
                  00003fc8    0000009c     rtsv7M4_T_le_v4SPD16_eabi.lib : memcpy_t2.asm.obj (.text)
                  00004064    00000004     empty_pem4f.oem4f (.text:ti_sysbios_heaps_HeapMem_Module_GateProxy_leave__E)
                  00004068    0000009c     sysbios.aem4f : BIOS.obj (.text:ti_sysbios_knl_Semaphore_Instance_init__E)
                  00004104    0000009a     ti.targets.arm.rtsarm.aem4f : Text.oem4f (.text:xdc_runtime_Text_putSite__E)
                  0000419e    00000002     empty_pem4f.oem4f (.text:xdc_runtime_Startup_reset__I)
                  000041a0    00000098     movement.obj (.text:Movement_Init)
                  00004238    00000098     Boot.aem4f : Boot.oem4f (.text:ti_catalog_arm_cortexm4_tiva_ce_Boot_sysCtlClockSet__E)
                  000042d0    00000096     rtsv7M4_T_le_v4SPD16_eabi.lib : ull_div_t2.asm.obj (.text)
                  00004366    00000002     --HOLE-- [fill = 0]
                  00004368    00000094     sysbios.aem4f : BIOS.obj (.text:ti_sysbios_family_arm_m3_Hwi_initNVIC__E)
                  000043fc    0000008c                   : m3_TaskSupport_asm.obj (.text:ti_sysbios_family_arm_m3_TaskSupport_buildTaskStack)
                  00004488    00000088     sensing.obj (.text:Uturn)
                  00004510    00000086     rtsv7M4_T_le_v4SPD16_eabi.lib : fd_cmp_t2.asm.obj (.text:__aeabi_cdcmple)
                  00004596    00000086                                   : fd_cmp_t2.asm.obj (.text:__aeabi_cdrcmple)
                  0000461c    00000084     sensing.obj (.text:Sensing_Init)
                  000046a0    00000084     sysbios.aem4f : BIOS.obj (.text:ti_sysbios_family_arm_m3_Hwi_postInit__I)
                  00004724    0000007c     sensing.obj (.text:IRDistanceDisplay)
                  000047a0    0000007a     driverlib.lib : adc.obj (.text:ADCSequenceStepConfigure)
                  0000481a    0000007a     rtsv7M4_T_le_v4SPD16_eabi.lib : memset_t2.asm.obj (.text)
                  00004894    00000070     main.obj (.text:Board_Init)
                  00004904    00000004     empty_pem4f.oem4f (.text:ti_sysbios_knl_Queue_destruct)
                  00004908    00000070     sysbios.aem4f : BIOS.obj (.text:ti_sysbios_knl_Clock_workFunc__E)
                  00004978    00000070                   : BIOS.obj (.text:ti_sysbios_knl_Task_exit__E)
                  000049e8    0000006e     rtsv7M4_T_le_v4SPD16_eabi.lib : _printfi.c.obj (.text:_mcpy)
                  00004a56    00000002     --HOLE-- [fill = 0]
                  00004a58    0000006d     ti.targets.arm.rtsarm.aem4f : System.oem4f (.text:xdc_runtime_System_formatNum__I)
                  00004ac5    00000003     --HOLE-- [fill = 0]
                  00004ac8    0000006c     sysbios.aem4f : BIOS.obj (.text:ti_sysbios_knl_Swi_restoreHwi__E)
                  00004b34    0000006c     ti.targets.arm.rtsarm.aem4f : Error.oem4f (.text:xdc_runtime_Error_print__E)
                  00004ba0    0000006c                                 : Memory.oem4f (.text:xdc_runtime_Memory_alloc__E)
                  00004c0c    00000068     driverlib.lib : interrupt.obj (.text:IntEnable)
                  00004c74    00000068     rtsv7M4_T_le_v4SPD16_eabi.lib : copy_decompress_lzss.c.obj (.text:decompress:lzss:__TI_decompress_lzss)
                  00004cdc    00000066     ti.targets.arm.rtsarm.aem4f : Core-mem.oem4f (.text:xdc_runtime_Core_deleteObject__I)
                  00004d42    00000002     --HOLE-- [fill = 0]
                  00004d44    00000064     LightTimer.obj (.text:LightTimer_Init)
                  00004da8    00000064     rtsv7M4_T_le_v4SPD16_eabi.lib : s_frexp.c.obj (.text:frexp)
                  00004e0c    00000004     empty_pem4f.oem4f (.text:ti_sysbios_knl_Semaphore_destruct)
                  00004e10    00000064     sysbios.aem4f : BIOS.obj (.text:ti_sysbios_family_arm_m3_Hwi_dispatchC__I)
                  00004e74    00000060     driverlib.lib : timer.obj (.text:TimerConfigure)
                  00004ed4    00000004     ti.targets.arm.rtsarm.aem4f : Error.oem4f (.text:xdc_runtime_Error_getSite__E)
                  00004ed8    00000060     sysbios.aem4f : BIOS.obj (.text:ti_sysbios_knl_Task_schedule__I)
                  00004f38    0000005c     uartRW.obj (.text:UART_Init)
                  00004f94    00000004     empty_pem4f.oem4f (.text:xdc_runtime_System_Module_GateProxy_enter__E)
                  00004f98    0000005c     sysbios.aem4f : BIOS.obj (.text:ti_sysbios_knl_Swi_run__I)
                  00004ff4    00000004     empty_pem4f.oem4f (.text:xdc_runtime_System_Module_GateProxy_leave__E)
                  00004ff8    0000005c     sysbios.aem4f : BIOS.obj (.text:ti_sysbios_knl_Swi_schedule__I)
                  00005054    00000004     ti.targets.arm.rtsarm.aem4f : System.oem4f (.text:xdc_runtime_System_aprintf_va__F)
                  00005058    0000005c     sysbios.aem4f : BIOS.obj (.text:ti_sysbios_knl_Task_Module_startup__E)
                  000050b4    00000004     ti.targets.arm.rtsarm.aem4f : System.oem4f (.text:xdc_runtime_System_printf_va__F)
                  000050b8    0000005c     sysbios.aem4f : BIOS.obj (.text:ti_sysbios_knl_Task_startCore__E)
                  00005114    0000005b     ti.targets.arm.rtsarm.aem4f : Text.oem4f (.text:xdc_runtime_Text_putLab__E)
                  0000516f    00000001     --HOLE-- [fill = 0]
                  00005170    00000058     boot.aem4f : boot.oem4f (.text)
                  000051c8    00000058     rtsv7M4_T_le_v4SPD16_eabi.lib : hostwrite.c.obj (.text:HOSTwrite)
                  00005220    00000058     sysbios.aem4f : m3_Hwi_asm_switch.obj (.text:ti_sysbios_family_arm_m3_Hwi_initStacks__E)
                  00005278    00000056     rtsv7M4_T_le_v4SPD16_eabi.lib : _printfi.c.obj (.text:_pconv_f)
                  000052ce    00000054                                   : _ltoa.c.obj (.text:__TI_ltoa)
                  00005322    00000002     --HOLE-- [fill = 0]
                  00005324    00000054     ti.targets.arm.rtsarm.aem4f : Assert.oem4f (.text:xdc_runtime_Assert_raise__I)
                  00005378    00000052     rtsv7M4_T_le_v4SPD16_eabi.lib : _printfi.c.obj (.text:_ecpy)
                  000053ca    00000006     driverlib.lib : gpio.obj (.text:GPIOPinWrite)
                  000053d0    00000050     sysbios.aem4f : BIOS.obj (.text:ti_sysbios_family_arm_m3_Hwi_Module_startup__E)
                  00005420    00000050     ti.targets.arm.rtsarm.aem4f : Startup.oem4f (.text:xdc_runtime_Startup_exec__E)
                  00005470    00000050                                 : Text.oem4f (.text:xdc_runtime_Text_visitRope2__I)
                  000054c0    0000004c     rtsv7M4_T_le_v4SPD16_eabi.lib : atoi.c.obj (.text:atoi)
                  0000550c    0000004c                                   : cpy_tbl.c.obj (.text:copy_in)
                  00005558    0000004c     sysbios.aem4f : BIOS.obj (.text:ti_sysbios_heaps_HeapMem_getStats__E)
                  000055a4    00000004     --HOLE-- [fill = 0]
                  000055a8    0000004c                   : BIOS.obj (.text:ti_sysbios_knl_Swi_runLoop__I)
                  000055f4    00000004     --HOLE-- [fill = 0]
                  000055f8    0000004c                   : BIOS.obj (.text:ti_sysbios_knl_Task_allBlockedFunction__I)
                  00005644    00000048     driverlib.lib : gpio.obj (.text:GPIOPinConfigure)
                  0000568c    00000048     rtsv7M4_T_le_v4SPD16_eabi.lib : fd_toi_t2.asm.obj (.text)
                  000056d4    00000004     --HOLE-- [fill = 0]
                  000056d8    00000048     sysbios.aem4f : BIOS.obj (.text:ti_sysbios_family_arm_m3_Hwi_enableInterrupt__E)
                  00005720    00000048                   : BIOS.obj (.text:ti_sysbios_family_arm_m3_Hwi_excReserved__I)
                  00005768    00000046     ti.targets.arm.rtsarm.aem4f : Core-params.oem4f (.text:xdc_runtime_Core_assignParams__I)
                  000057ae    00000002     --HOLE-- [fill = 0]
                  000057b0    00000044     LightTimer.obj (.text:LightTimerReload)
                  000057f4    00000004     --HOLE-- [fill = 0]
                  000057f8    00000044     sysbios.aem4f : BIOS.obj (.text:ti_sysbios_family_arm_m3_Hwi_getStackInfo__E)
                  0000583c    00000044     ti.targets.arm.rtsarm.aem4f : Error.oem4f (.text:xdc_runtime_Error_setX__E)
                  00005880    00000044                                 : SysMin.oem4f (.text:xdc_runtime_SysMin_flush__E)
                  000058c4    00000044                                 : Text.oem4f (.text:xdc_runtime_Text_xprintf__I)
                  00005908    00000042     driverlib.lib : uart.obj (.text:UARTConfigSetExpClk)
                  0000594a    00000040     rtsv7M4_T_le_v4SPD16_eabi.lib : u_divt2.asm.obj (.text)
                  0000598a    00000002     --HOLE-- [fill = 0]
                  0000598c    00000040                                   : sprintf.c.obj (.text:sprintf)
                  000059cc    0000003e     driverlib.lib : adc.obj (.text:ADCSequenceConfigure)
                  00005a0a    0000003e     rtsv7M4_T_le_v4SPD16_eabi.lib : _printfi.c.obj (.text:_fcpy)
                  00005a48    0000003c     movement.obj (.text:setSpeed)
                  00005a84    00000004     --HOLE-- [fill = 0]
                  00005a88    0000003c     sysbios.aem4f : BIOS.obj (.text:ti_sysbios_family_arm_m3_Hwi_excSvCall__I)
                  00005ac4    00000004     --HOLE-- [fill = 0]
                  00005ac8    0000003c                   : BIOS.obj (.text:ti_sysbios_heaps_HeapMem_init__I)
                  00005b04    00000004     --HOLE-- [fill = 0]
                  00005b08    0000003c                   : BIOS.obj (.text:ti_sysbios_knl_Swi_restore__E)
                  00005b44    00000038     driverlib.lib : sysctl.obj (.text:SysCtlPeripheralReady)
                  00005b7c    00000038     rtsv7M4_T_le_v4SPD16_eabi.lib : trgmsg.c.obj (.text:__TI_writemsg)
                  00005bb4    00000004     --HOLE-- [fill = 0]
                  00005bb8    00000038     sysbios.aem4f : BIOS.obj (.text:ti_sysbios_family_arm_m3_Hwi_excNoIsr__I)
                  00005bf0    00000038                   : BIOS.obj (.text:ti_sysbios_knl_Task_processVitalTaskFlag__I)
                  00005c28    00000038     ti.targets.arm.rtsarm.aem4f : SysMin.oem4f (.text:xdc_runtime_SysMin_putch__E)
                  00005c60    00000038                                 : System.oem4f (.text:xdc_runtime_System_atexit__E)
                  00005c98    00000034     driverlib.lib : sysctl.obj (.text:SysCtlPeripheralEnable)
                  00005ccc    00000034     rtsv7M4_T_le_v4SPD16_eabi.lib : trgmsg.c.obj (.text:__TI_readmsg)
                  00005d00    00000034     sysbios.aem4f : BIOS.obj (.text:ti_sysbios_family_arm_m3_Hwi_excNmi__I)
                  00005d34    00000004     --HOLE-- [fill = 0]
                  00005d38    00000034                   : BIOS.obj (.text:ti_sysbios_hal_Hwi_checkStack)
                  00005d6c    00000034     ti.targets.arm.rtsarm.aem4f : Core-label.oem4f (.text:xdc_runtime_Core_assignLabel__I)
                  00005da0    00000033                                 : Text.oem4f (.text:xdc_runtime_Text_printVisFxn__I)
                  00005dd3    00000005     --HOLE-- [fill = 0]
                  00005dd8    00000032     sysbios.aem4f : BIOS.obj (.text:ti_sysbios_hal_Hwi_initStack)
                  00005e0a    00000002     --HOLE-- [fill = 0]
                  00005e0c    00000030     empty_pem4f.oem4f (.text:ti_sysbios_BIOS_atExitFunc__I)
                  00005e3c    00000004     --HOLE-- [fill = 0]
                  00005e40    00000030     sysbios.aem4f : BIOS.obj (.text:ti_sysbios_family_arm_m3_TaskSupport_start__E)
                  00005e70    00000030     empty_pem4f.oem4f (.text:ti_sysbios_gates_GateHwi_Object__create__S)
                  00005ea0    00000030     empty_pem4f.oem4f (.text:ti_sysbios_gates_GateMutex_Object__create__S)
                  00005ed0    00000030     empty_pem4f.oem4f (.text:ti_sysbios_heaps_HeapMem_Object__create__S)
                  00005f00    00000030     empty_pem4f.oem4f (.text:ti_sysbios_knl_Semaphore_construct)
                  00005f30    00000030     sysbios.aem4f : BIOS.obj (.text:ti_sysbios_knl_Semaphore_pendTimeout__I)
                  00005f60    00000030                   : BIOS.obj (.text:ti_sysbios_knl_Task_unblockI__E)
                  00005f90    00000030     ti.targets.arm.rtsarm.aem4f : SysMin.oem4f (.text:xdc_runtime_SysMin_abort__E)
                  00005fc0    00000030                                 : System.oem4f (.text:xdc_runtime_System_processAtExit__E)
                  00005ff0    0000002e     rtsv7M4_T_le_v4SPD16_eabi.lib : i_tofd_t2.asm.obj (.text)
                  0000601e    00000002     --HOLE-- [fill = 0]
                  00006020    0000002c     empty_pem4f.oem4f (.text:ti_sysbios_knl_Queue_construct)
                  0000604c    00000004     --HOLE-- [fill = 0]
                  00006050    0000002c     sysbios.aem4f : BIOS.obj (.text:ti_sysbios_knl_Task_restore__E)
                  0000607c    0000002c     ti.targets.arm.rtsarm.aem4f : Text.oem4f (.text:xdc_runtime_Text_cordText__E)
                  000060a8    0000002a     driverlib.lib : gpio.obj (.text:GPIODirModeSet)
                  000060d2    0000002a     ti.targets.arm.rtsarm.aem4f : System.oem4f (.text:xdc_runtime_System_putchar__I)
                  000060fc    00000004     --HOLE-- [fill = 0]
                  00006100    00000028     sysbios.aem4f : BIOS.obj (.text:ti_sysbios_knl_Swi_Module_startup__E)
                  00006128    00000026                   : m3_Hwi_asm.obj (.text:ti_sysbios_family_arm_m3_Hwi_pendSV__I)
                  0000614e    00000026     ti.targets.arm.rtsarm.aem4f : System.oem4f (.text:xdc_runtime_System_avprintf__E)
                  00006174    00000024     empty_pem4f.oem4f (.text:ti_sysbios_BIOS_errorRaiseHook__I)
                  00006198    00000024     empty_pem4f.oem4f (.text:ti_sysbios_BIOS_registerRTSLock__I)
                  000061bc    00000024     empty_pem4f.oem4f (.text:ti_sysbios_BIOS_removeRTSLock__I)
                  000061e0    00000024     sysbios.aem4f : BIOS.obj (.text:ti_sysbios_family_arm_m3_Hwi_doTaskRestore__I)
                  00006204    00000024     empty_pem4f.oem4f (.text:ti_sysbios_gates_GateMutex_Object__delete__S)
                  00006228    00000024     ti.targets.arm.rtsarm.aem4f : System.oem4f (.text:xdc_runtime_System_vprintf__E)
                  0000624c    00000022     driverlib.lib : pwm.obj (.text:PWMGenConfigure)
                  0000626e    00000022     empty_pem4f.oem4f (.text:xdc_runtime_SysMin_output__I)
                  00006290    00000020     sensing.obj (.text:IRDistanceCollect)
                  000062b0    00000020     empty_pem4f.oem4f (.text:ti_sysbios_BIOS_rtsLock__I)
                  000062d0    00000020     empty_pem4f.oem4f (.text:ti_sysbios_BIOS_startFunc__I)
                  000062f0    00000020     sysbios.aem4f : m3_Hwi_asm.obj (.text:ti_sysbios_family_arm_m3_Hwi_excHandlerAsm__I)
                  00006310    00000020                   : BIOS.obj (.text:ti_sysbios_family_arm_m3_Hwi_excHandler__I)
                  00006330    00000020     empty_pem4f.oem4f (.text:ti_sysbios_gates_GateHwi_Object__delete__S)
                  00006350    00000020     empty_pem4f.oem4f (.text:ti_sysbios_heaps_HeapMem_Object__delete__S)
                  00006370    00000020     sysbios.aem4f : BIOS.obj (.text:ti_sysbios_knl_Idle_run__E)
                  00006390    00000020     empty_pem4f.oem4f (.text:ti_sysbios_knl_Semaphore_Object__destruct__S)
                  000063b0    00000020     ti.targets.arm.rtsarm.aem4f : Registry.oem4f (.text:xdc_runtime_Registry_findById__E)
                  000063d0    00000020                                 : SysMin.oem4f (.text:xdc_runtime_SysMin_Module_startup__E)
                  000063f0    0000001e     driverlib.lib : adc.obj (.text:ADCSequenceDataGet)
                  0000640e    0000001e                   : pwm.obj (.text:PWMPulseWidthSet)
                  0000642c    0000001e     sysbios.aem4f : m3_Hwi_asm_switch.obj (.text:ti_sysbios_family_xxx_Hwi_switchAndRunFunc)
                  0000644a    00000002     --HOLE-- [fill = 0]
                  0000644c    0000001c     controlLED.obj (.text:LED_Init)
                  00006468    0000001c     driverlib.lib : uart.obj (.text:UARTDisable)
                  00006484    0000001c     rtsv7M4_T_le_v4SPD16_eabi.lib : memccpy.c.obj (.text:memccpy)
                  000064a0    0000001c     movement.obj (.text:stop)
                  000064bc    00000004     --HOLE-- [fill = 0]
                  000064c0    0000001c     sysbios.aem4f : BIOS.obj (.text:ti_sysbios_gates_GateMutex_Instance_init__E)
                  000064dc    0000001c     empty_pem4f.oem4f (.text:ti_sysbios_knl_Queue_Object__destruct__S)
                  000064f8    0000001c     sysbios.aem4f : BIOS.obj (.text:ti_sysbios_knl_Task_enter__I)
                  00006514    0000001c     ti.targets.arm.rtsarm.aem4f : Error.oem4f (.text:xdc_runtime_Error_raiseX__E)
                  00006530    0000001c                                 : Memory.oem4f (.text:xdc_runtime_Memory_valloc__E)
                  0000654c    0000001c                                 : SysMin.oem4f (.text:xdc_runtime_SysMin_exit__E)
                  00006568    0000001c                                 : System.oem4f (.text:xdc_runtime_System_abort__E)
                  00006584    0000001a     rtsv7M4_T_le_v4SPD16_eabi.lib : s_copysign.c.obj (.text:copysign)
                  0000659e    0000001a     empty_pem4f.oem4f (.text:ti_sysbios_family_arm_m3_Hwi_Handle__label__S)
                  000065b8    0000001a     empty_pem4f.oem4f (.text:ti_sysbios_gates_GateHwi_Handle__label__S)
                  000065d2    0000001a     empty_pem4f.oem4f (.text:ti_sysbios_gates_GateMutex_Handle__label__S)
                  000065ec    0000001a     empty_pem4f.oem4f (.text:ti_sysbios_heaps_HeapMem_Handle__label__S)
                  00006606    0000001a     empty_pem4f.oem4f (.text:ti_sysbios_knl_Swi_Handle__label__S)
                  00006620    0000001a     empty_pem4f.oem4f (.text:ti_sysbios_knl_Task_Handle__label__S)
                  0000663a    0000001a     empty_pem4f.oem4f (.text:xdc_runtime_System_aprintf__E)
                  00006654    0000001a     empty_pem4f.oem4f (.text:xdc_runtime_System_printf__E)
                  0000666e    00000018     driverlib.lib : adc.obj (.text:ADCProcessorTrigger)
                  00006686    00000018                   : gpio.obj (.text:GPIOPinTypeGPIOOutput)
                  0000669e    00000002     --HOLE-- [fill = 0]
                  000066a0    00000018     rtsv7M4_T_le_v4SPD16_eabi.lib : args_main.c.obj (.text:_args_main)
                  000066b8    00000018                                   : sprintf.c.obj (.text:_outs)
                  000066d0    00000018     empty_pem4f.oem4f (.text:ti_sysbios_BIOS_rtsUnlock__I)
                  000066e8    00000018     empty_pem4f.oem4f (.text:ti_sysbios_family_arm_m3_Hwi_Module__startupDone__F)
                  00006700    00000018     sysbios.aem4f : m3_TaskSupport_asm.obj (.text:ti_sysbios_family_arm_m3_TaskSupport_swap__E)
                  00006718    00000018                   : BIOS.obj (.text:ti_sysbios_gates_GateMutex_leave__E)
                  00006730    00000018     ti.targets.arm.rtsarm.aem4f : Error.oem4f (.text:xdc_runtime_Error_check__E)
                  00006748    00000018                                 : System.oem4f (.text:xdc_runtime_System_exit__E)
                  00006760    00000018                                 : Text.oem4f (.text:xdc_runtime_Text_ropeText__E)
                  00006778    00000016     rtsv7M4_T_le_v4SPD16_eabi.lib : strchr.c.obj (.text:strchr)
                  0000678e    00000016     empty_pem4f.oem4f (.text:ti_sysbios_BIOS_exitFunc__I)
                  000067a4    00000014     driverlib.lib : uart.obj (.text:UARTEnable)
                  000067b8    00000014     controlLED.obj (.text:gLED)
                  000067cc    00000014     controlLED.obj (.text:offLED)
                  000067e0    00000014     controlLED.obj (.text:rLED)
                  000067f4    00000014     rtsv7M4_T_le_v4SPD16_eabi.lib : strlen.c.obj (.text:strlen)
                  00006808    00000014     empty_pem4f.oem4f (.text:ti_sysbios_family_arm_m3_Hwi_Object__get__S)
                  0000681c    00000004     --HOLE-- [fill = 0]
                  00006820    00000014     sysbios.aem4f : BIOS.obj (.text:ti_sysbios_family_arm_m3_Hwi_switchFromBootStack__E)
                  00006834    00000014     empty_pem4f.oem4f (.text:ti_sysbios_heaps_HeapMem_Object__get__S)
                  00006848    00000014     empty_pem4f.oem4f (.text:ti_sysbios_knl_Swi_Object__get__S)
                  0000685c    00000012     driverlib.lib : gpio.obj (.text:GPIOPinTypeADC)
                  0000686e    00000012                   : gpio.obj (.text:GPIOPinTypeGPIOInput)
                  00006880    00000012                   : gpio.obj (.text:GPIOPinTypePWM)
                  00006892    00000012                   : gpio.obj (.text:GPIOPinTypeUART)
                  000068a4    00000012                   : pwm.obj (.text:PWMOutputState)
                  000068b6    00000012                   : timer.obj (.text:TimerLoadSet)
                  000068c8    00000012     sysbios.aem4f : BIOS.obj (.text:ti_sysbios_hal_Hwi_Module_startup__E)
                  000068da    00000006     driverlib.lib : sysctl.obj (.text:SysCtlDelay)
                  000068e0    00000012     sysbios.aem4f : BIOS.obj (.text:ti_sysbios_knl_Clock_Module_startup__E)
                  000068f2    00000012     rtsv7M4_T_le_v4SPD16_eabi.lib : wcslen.c.obj (.text:wcslen)
                  00006904    00000012     empty_pem4f.oem4f (.text:xdc_runtime_Startup_exec__I)
                  00006916    00000010     driverlib.lib : pwm.obj (.text:PWMGenPeriodSet)
                  00006926    00000002     --HOLE-- [fill = 0]
                  00006928    00000010     sysbios.aem4f : BIOS.obj (.text:ti_sysbios_BIOS_setThreadType__E)
                  00006938    00000010                   : BIOS.obj (.text:ti_sysbios_BIOS_start__E)
                  00006948    00000010                   : m3_TaskSupport_asm.obj (.text:ti_sysbios_family_arm_m3_TaskSupport_glue)
                  00006958    00000010                   : BIOS.obj (.text:ti_sysbios_gates_GateMutex_Instance_finalize__E)
                  00006968    00000010                   : BIOS.obj (.text:ti_sysbios_knl_Semaphore_Instance_finalize__E)
                  00006978    00000010                   : BIOS.obj (.text:ti_sysbios_knl_Swi_disable__E)
                  00006988    00000010     empty_pem4f.oem4f (.text:ti_sysbios_knl_Task_Object__get__S)
                  00006998    00000010     sysbios.aem4f : BIOS.obj (.text:ti_sysbios_knl_Task_disable__E)
                  000069a8    00000010     ti.targets.arm.rtsarm.aem4f : Gate.oem4f (.text:xdc_runtime_Gate_leaveSystem__E)
                  000069b8    00000010                                 : Memory.oem4f (.text:xdc_runtime_Memory_free__E)
                  000069c8    00000010                                 : SysMin.oem4f (.text:xdc_runtime_SysMin_ready__E)
                  000069d8    00000010                                 : System.oem4f (.text:xdc_runtime_System_vsnprintf__E)
                  000069e8    00000010     empty_pem4f.oem4f (.text:xdc_runtime_Text_visitRope__I)
                  000069f8    0000000e     driverlib.lib : adc.obj (.text:ADCSequenceDisable)
                  00006a06    0000000e                   : adc.obj (.text:ADCSequenceEnable)
                  00006a14    0000000e                   : timer.obj (.text:TimerEnable)
                  00006a22    0000000e                   : uart.obj (.text:UARTCharPutNonBlocking)
                  00006a30    0000000e     rtsv7M4_T_le_v4SPD16_eabi.lib : copy_decompress_none.c.obj (.text:decompress:none:__TI_decompress_none)
                  00006a3e    0000000e     main.obj (.text:main)
                  00006a4c    00000004     --HOLE-- [fill = 0]
                  00006a50    0000000e     sysbios.aem4f : BIOS.obj (.text:ti_sysbios_knl_Idle_loop__E)
                  00006a5e    00000002     --HOLE-- [fill = 0]
                  00006a60    0000000c     empty_pem4f.oem4f (.text:.bootCodeSection:ti_catalog_arm_cortexm4_tiva_ce_Boot_init__I)
                  00006a6c    0000000c     driverlib.lib : pwm.obj (.text:PWMGenEnable)
                  00006a78    0000000c     main.obj (.text:Timeout_50MS)
                  00006a84    0000000c     rtsv7M4_T_le_v4SPD16_eabi.lib : _lock.c.obj (.text:_register_lock)
                  00006a90    0000000c                                   : _lock.c.obj (.text:_register_unlock)
                  00006a9c    0000000c                                   : copy_zero_init.c.obj (.text:decompress:ZI:__TI_zero_init)
                  00006aa8    0000000c     sysbios.aem4f : BIOS.obj (.text:ti_sysbios_family_arm_m3_TaskSupport_checkStack__E)
                  00006ab4    00000004     --HOLE-- [fill = 0]
                  00006ab8    0000000c                   : BIOS.obj (.text:ti_sysbios_gates_GateHwi_enter__E)
                  00006ac4    0000000c     empty_pem4f.oem4f (.text:ti_sysbios_knl_Queue_Object__get__S)
                  00006ad0    0000000c     ti.targets.arm.rtsarm.aem4f : Error.oem4f (.text:xdc_runtime_Error_init__E)
                  00006adc    0000000c                                 : Gate.oem4f (.text:xdc_runtime_Gate_enterSystem__E)
                  00006ae8    0000000c                                 : Memory.oem4f (.text:xdc_runtime_Memory_calloc__E)
                  00006af4    0000000c                                 : Memory.oem4f (.text:xdc_runtime_Memory_getMaxDefaultTypeAlign__E)
                  00006b00    0000000a     driverlib.lib : timer.obj (.text:TimerValueGet)
                  00006b0a    0000000a                   : uart.obj (.text:UARTIntStatus)
                  00006b14    0000000a     rtsv7M4_T_le_v4SPD16_eabi.lib : sprintf.c.obj (.text:_outc)
                  00006b1e    0000000a     movement.obj (.text:fastSpeed)
                  00006b28    0000000a     empty_pem4f.oem4f (.text:xdc_runtime_IHeap_alloc)
                  00006b32    0000000a     empty_pem4f.oem4f (.text:xdc_runtime_IHeap_free)
                  00006b3c    00000008     driverlib.lib : timer.obj (.text:TimerIntEnable)
                  00006b44    00000008                   : uart.obj (.text:UARTIntEnable)
                  00006b4c    00000008     rtsv7M4_T_le_v4SPD16_eabi.lib : errno.c.obj (.text:__aeabi_errno_addr)
                  00006b54    00000004     --HOLE-- [fill = 0]
                  00006b58    00000008     sysbios.aem4f : BIOS.obj (.text:ti_sysbios_family_arm_m3_Hwi_doSwiRestore__I)
                  00006b60    00000008                   : BIOS.obj (.text:ti_sysbios_family_arm_m3_Hwi_startup__E)
                  00006b68    00000006     Boot.aem4f : Boot_sysctl.oem4f (.text:ti_catalog_arm_cortexm4_tiva_ce_Boot_sysCtlDelayI__I)
                  00006b6e    00000002     --HOLE-- [fill = 0]
                  00006b70    00000006     sysbios.aem4f : BIOS.obj (.text:ti_sysbios_gates_GateHwi_leave__E)
                  00006b76    00000002     --HOLE-- [fill = 0]
                  00006b78    00000006                   : BIOS.obj (.text:ti_sysbios_heaps_HeapMem_isBlocking__E)
                  00006b7e    00000002     --HOLE-- [fill = 0]
                  00006b80    00000006                   : BIOS.obj (.text:ti_sysbios_knl_Queue_Instance_init__E)
                  00006b86    00000002     --HOLE-- [fill = 0]
                  00006b88    00000006                   : BIOS.obj (.text:ti_sysbios_knl_Swi_startup__E)
                  00006b8e    00000006     ti.targets.arm.rtsarm.aem4f : System.oem4f (.text:xdc_runtime_System_Module_startup__E)
                  00006b94    00000004     --HOLE-- [fill = 0]
                  00006b98    00000004     sysbios.aem4f : BIOS.obj (.text:ti_sysbios_gates_GateHwi_query__E)
                  00006b9c    00000004     --HOLE-- [fill = 0]
                  00006ba0    00000004                   : BIOS.obj (.text:ti_sysbios_gates_GateMutex_query__E)
                  00006ba4    00000004     --HOLE-- [fill = 0]
                  00006ba8    00000004                   : BIOS.obj (.text:ti_sysbios_knl_Task_startup__E)
                  00006bac    00000004     --HOLE-- [fill = 0]
                  00006bb0    00000002                   : BIOS.obj (.text:ti_sysbios_gates_GateHwi_Instance_init__E)

.const     0    00006bb4    00001f80     
                  00006bb4    00001894     empty_pem4f.oem4f (.const:xdc_runtime_Text_charTab__A)
                  00008448    00000101     rtsv7M4_T_le_v4SPD16_eabi.lib : ctype.c.obj (.const:.string:_ctypes_)
                  00008549    00000001     empty_pem4f.oem4f (.const:xdc_runtime_Error_policy__C)
                  0000854a    000000b8     empty_pem4f.oem4f (.const:xdc_runtime_Text_nodeTab__A)
                  00008602    00000002     empty_pem4f.oem4f (.const:ti_catalog_arm_cortexm4_tiva_ce_Boot_Module__id__C)
                  00008604    00000090     driverlib.lib : gpio.obj (.const:g_pui32GPIOBaseAddrs)
                  00008694    00000070                   : interrupt.obj (.const)
                  00008704    0000006c                   : sysctl.obj (.const:g_pui32Xtals)
                  00008770    00000048     empty_pem4f.oem4f (.const:.string)
                  000087b8    00000028     empty_pem4f.oem4f (.const:ti_sysbios_heaps_HeapMem_Module__FXNS__C)
                  000087e0    00000024     empty_pem4f.oem4f (.const:ti_sysbios_gates_GateHwi_Module__FXNS__C)
                  00008804    00000024     empty_pem4f.oem4f (.const:ti_sysbios_gates_GateMutex_Module__FXNS__C)
                  00008828    00000024     empty_pem4f.oem4f (.const:ti_sysbios_heaps_HeapMem_Object__PARAMS__C)
                  0000884c    00000024     empty_pem4f.oem4f (.const:ti_sysbios_knl_Semaphore_Object__PARAMS__C)
                  00008870    00000020     empty_pem4f.oem4f (.const:ti_sysbios_gates_GateHwi_Object__DESC__C)
                  00008890    00000020     empty_pem4f.oem4f (.const:ti_sysbios_gates_GateMutex_Object__DESC__C)
                  000088b0    00000020     empty_pem4f.oem4f (.const:ti_sysbios_heaps_HeapMem_Object__DESC__C)
                  000088d0    00000020     empty_pem4f.oem4f (.const:ti_sysbios_knl_Queue_Object__DESC__C)
                  000088f0    00000020     empty_pem4f.oem4f (.const:ti_sysbios_knl_Semaphore_Object__DESC__C)
                  00008910    0000001c     empty_pem4f.oem4f (.const:xdc_runtime_Startup_sfxnTab__A)
                  0000892c    00000018     empty_pem4f.oem4f (.const:ti_sysbios_gates_GateHwi_Object__PARAMS__C)
                  00008944    00000018     empty_pem4f.oem4f (.const:ti_sysbios_gates_GateMutex_Object__PARAMS__C)
                  0000895c    00000018     empty_pem4f.oem4f (.const:ti_sysbios_knl_Queue_Object__PARAMS__C)
                  00008974    00000010     empty_pem4f.oem4f (.const:xdc_runtime_Startup_firstFxns__A)
                  00008984    0000000e     empty_pem4f.oem4f (.const:xdc_runtime_Startup_sfxnRts__A)
                  00008992    00000002     empty_pem4f.oem4f (.const:ti_sysbios_family_arm_m3_Hwi_Module__id__C)
                  00008994    00000008     empty_pem4f.oem4f (.const:ti_sysbios_family_arm_m3_Hwi_excHookFuncs__A)
                  0000899c    00000008     empty_pem4f.oem4f (.const:ti_sysbios_knl_Idle_funcList__C)
                  000089a4    00000008     empty_pem4f.oem4f (.const:xdc_runtime_Startup_firstFxns__C)
                  000089ac    00000008     empty_pem4f.oem4f (.const:xdc_runtime_Startup_lastFxns__C)
                  000089b4    00000004     empty_pem4f.oem4f (.const:ti_catalog_arm_cortexm4_tiva_ce_Boot_A_mustUseEnhancedClockMode__C)
                  000089b8    00000004     empty_pem4f.oem4f (.const:ti_catalog_arm_cortexm4_tiva_ce_Boot_Module__diagsEnabled__C)
                  000089bc    00000004     empty_pem4f.oem4f (.const:ti_catalog_arm_cortexm4_tiva_ce_Boot_Module__diagsIncluded__C)
                  000089c0    00000004     empty_pem4f.oem4f (.const:ti_catalog_arm_cortexm4_tiva_ce_Boot_Module__diagsMask__C)
                  000089c4    00000004     empty_pem4f.oem4f (.const:ti_sysbios_family_arm_m3_Hwi_E_NMI__C)
                  000089c8    00000004     empty_pem4f.oem4f (.const:ti_sysbios_family_arm_m3_Hwi_E_busFault__C)
                  000089cc    00000004     empty_pem4f.oem4f (.const:ti_sysbios_family_arm_m3_Hwi_E_debugMon__C)
                  000089d0    00000004     empty_pem4f.oem4f (.const:ti_sysbios_family_arm_m3_Hwi_E_hardFault__C)
                  000089d4    00000004     empty_pem4f.oem4f (.const:ti_sysbios_family_arm_m3_Hwi_E_memFault__C)
                  000089d8    00000004     empty_pem4f.oem4f (.const:ti_sysbios_family_arm_m3_Hwi_E_noIsr__C)
                  000089dc    00000004     empty_pem4f.oem4f (.const:ti_sysbios_family_arm_m3_Hwi_E_reserved__C)
                  000089e0    00000004     empty_pem4f.oem4f (.const:ti_sysbios_family_arm_m3_Hwi_E_svCall__C)
                  000089e4    00000004     empty_pem4f.oem4f (.const:ti_sysbios_family_arm_m3_Hwi_E_usageFault__C)
                  000089e8    00000004     empty_pem4f.oem4f (.const:ti_sysbios_family_arm_m3_Hwi_NUM_INTERRUPTS__C)
                  000089ec    00000004     empty_pem4f.oem4f (.const:ti_sysbios_family_arm_m3_Hwi_Object__count__C)
                  000089f0    00000004     empty_pem4f.oem4f (.const:ti_sysbios_family_arm_m3_Hwi_ccr__C)
                  000089f4    00000004     empty_pem4f.oem4f (.const:ti_sysbios_family_arm_m3_Hwi_excHandlerFunc__C)
                  000089f8    00000004     empty_pem4f.oem4f (.const:ti_sysbios_family_arm_m3_Hwi_excHookFuncs__C)
                  000089fc    00000004     empty_pem4f.oem4f (.const:ti_sysbios_family_arm_m3_Hwi_nullIsrFunc__C)
                  00008a00    00000004     empty_pem4f.oem4f (.const:ti_sysbios_family_arm_m3_Hwi_priGroup__C)
                  00008a04    00000004     empty_pem4f.oem4f (.const:ti_sysbios_gates_GateMutex_A_badContext__C)
                  00008a08    00000004     empty_pem4f.oem4f (.const:ti_sysbios_gates_GateMutex_Instance_State_sem__O)
                  00008a0c    00000004     empty_pem4f.oem4f (.const:ti_sysbios_gates_GateMutex_Module__diagsEnabled__C)
                  00008a10    00000004     empty_pem4f.oem4f (.const:ti_sysbios_gates_GateMutex_Module__diagsIncluded__C)
                  00008a14    00000004     empty_pem4f.oem4f (.const:ti_sysbios_gates_GateMutex_Module__diagsMask__C)
                  00008a18    00000004     empty_pem4f.oem4f (.const:ti_sysbios_hal_Hwi_E_stackOverflow__C)
                  00008a1c    00000004     empty_pem4f.oem4f (.const:ti_sysbios_heaps_HeapMem_A_align__C)
                  00008a20    00000004     empty_pem4f.oem4f (.const:ti_sysbios_heaps_HeapMem_A_heapSize__C)
                  00008a24    00000004     empty_pem4f.oem4f (.const:ti_sysbios_heaps_HeapMem_A_invalidFree__C)
                  00008a28    00000004     empty_pem4f.oem4f (.const:ti_sysbios_heaps_HeapMem_A_zeroBlock__C)
                  00008a2c    00000004     empty_pem4f.oem4f (.const:ti_sysbios_heaps_HeapMem_E_memory__C)
                  00008a30    00000004     empty_pem4f.oem4f (.const:ti_sysbios_heaps_HeapMem_Module__diagsEnabled__C)
                  00008a34    00000004     empty_pem4f.oem4f (.const:ti_sysbios_heaps_HeapMem_Module__diagsIncluded__C)
                  00008a38    00000004     empty_pem4f.oem4f (.const:ti_sysbios_heaps_HeapMem_Module__diagsMask__C)
                  00008a3c    00000004     empty_pem4f.oem4f (.const:ti_sysbios_heaps_HeapMem_Module__gateObj__C)
                  00008a40    00000004     empty_pem4f.oem4f (.const:ti_sysbios_heaps_HeapMem_Object__count__C)
                  00008a44    00000004     empty_pem4f.oem4f (.const:ti_sysbios_heaps_HeapMem_reqAlign__C)
                  00008a48    00000004     empty_pem4f.oem4f (.const:ti_sysbios_knl_Clock_Module_State_clockQ__O)
                  00008a4c    00000004     empty_pem4f.oem4f (.const:ti_sysbios_knl_Idle_funcList__A)
                  00008a50    00000004     empty_pem4f.oem4f (.const:ti_sysbios_knl_Semaphore_A_badContext__C)
                  00008a54    00000004     empty_pem4f.oem4f (.const:ti_sysbios_knl_Semaphore_A_noEvents__C)
                  00008a58    00000004     empty_pem4f.oem4f (.const:ti_sysbios_knl_Semaphore_A_overflow__C)
                  00008a5c    00000004     empty_pem4f.oem4f (.const:ti_sysbios_knl_Semaphore_A_pendTaskDisabled__C)
                  00008a60    00000004     empty_pem4f.oem4f (.const:ti_sysbios_knl_Semaphore_Instance_State_pendQ__O)
                  00008a64    00000004     empty_pem4f.oem4f (.const:ti_sysbios_knl_Semaphore_Module__diagsEnabled__C)
                  00008a68    00000004     empty_pem4f.oem4f (.const:ti_sysbios_knl_Semaphore_Module__diagsIncluded__C)
                  00008a6c    00000004     empty_pem4f.oem4f (.const:ti_sysbios_knl_Semaphore_Module__diagsMask__C)
                  00008a70    00000004     empty_pem4f.oem4f (.const:ti_sysbios_knl_Swi_Object__count__C)
                  00008a74    00000004     empty_pem4f.oem4f (.const:ti_sysbios_knl_Task_E_spOutOfBounds__C)
                  00008a78    00000004     empty_pem4f.oem4f (.const:ti_sysbios_knl_Task_E_stackOverflow__C)
                  00008a7c    00000004     empty_pem4f.oem4f (.const:ti_sysbios_knl_Task_Module_State_inactiveQ__O)
                  00008a80    00000004     empty_pem4f.oem4f (.const:ti_sysbios_knl_Task_Object__count__C)
                  00008a84    00000004     empty_pem4f.oem4f (.const:ti_sysbios_knl_Task_allBlockedFunc__C)
                  00008a88    00000004     empty_pem4f.oem4f (.const:ti_sysbios_knl_Task_numConstructedTasks__C)
                  00008a8c    00000004     empty_pem4f.oem4f (.const:xdc_runtime_Assert_E_assertFailed__C)
                  00008a90    00000004     empty_pem4f.oem4f (.const:xdc_runtime_Core_A_initializedParams__C)
                  00008a94    00000004     empty_pem4f.oem4f (.const:xdc_runtime_Core_Module__diagsEnabled__C)
                  00008a98    00000004     empty_pem4f.oem4f (.const:xdc_runtime_Core_Module__diagsIncluded__C)
                  00008a9c    00000004     empty_pem4f.oem4f (.const:xdc_runtime_Core_Module__diagsMask__C)
                  00008aa0    00000004     empty_pem4f.oem4f (.const:xdc_runtime_Error_E_memory__C)
                  00008aa4    00000004     empty_pem4f.oem4f (.const:xdc_runtime_Error_Module__diagsEnabled__C)
                  00008aa8    00000004     empty_pem4f.oem4f (.const:xdc_runtime_Error_Module__diagsIncluded__C)
                  00008aac    00000004     empty_pem4f.oem4f (.const:xdc_runtime_Error_Module__diagsMask__C)
                  00008ab0    00000004     empty_pem4f.oem4f (.const:xdc_runtime_Error_Module__loggerFxn8__C)
                  00008ab4    00000004     empty_pem4f.oem4f (.const:xdc_runtime_Error_Module__loggerObj__C)
                  00008ab8    00000004     empty_pem4f.oem4f (.const:xdc_runtime_Error_policyFxn__C)
                  00008abc    00000004     empty_pem4f.oem4f (.const:xdc_runtime_Error_raiseHook__C)
                  00008ac0    00000004     empty_pem4f.oem4f (.const:xdc_runtime_IGateProvider_Interface__BASE__C)
                  00008ac4    00000004     empty_pem4f.oem4f (.const:xdc_runtime_IHeap_Interface__BASE__C)
                  00008ac8    00000004     empty_pem4f.oem4f (.const:xdc_runtime_IModule_Interface__BASE__C)
                  00008acc    00000004     empty_pem4f.oem4f (.const:xdc_runtime_Log_L_error__C)
                  00008ad0    00000004     empty_pem4f.oem4f (.const:xdc_runtime_Memory_defaultHeapInstance__C)
                  00008ad4    00000004     empty_pem4f.oem4f (.const:xdc_runtime_Startup_execImpl__C)
                  00008ad8    00000004     empty_pem4f.oem4f (.const:xdc_runtime_Startup_maxPasses__C)
                  00008adc    00000004     empty_pem4f.oem4f (.const:xdc_runtime_Startup_sfxnRts__C)
                  00008ae0    00000004     empty_pem4f.oem4f (.const:xdc_runtime_Startup_sfxnTab__C)
                  00008ae4    00000004     empty_pem4f.oem4f (.const:xdc_runtime_SysMin_bufSize__C)
                  00008ae8    00000004     empty_pem4f.oem4f (.const:xdc_runtime_SysMin_outputFunc__C)
                  00008aec    00000004     empty_pem4f.oem4f (.const:xdc_runtime_System_Module__gateObj__C)
                  00008af0    00000004     empty_pem4f.oem4f (.const:xdc_runtime_System_abortFxn__C)
                  00008af4    00000004     empty_pem4f.oem4f (.const:xdc_runtime_System_exitFxn__C)
                  00008af8    00000004     empty_pem4f.oem4f (.const:xdc_runtime_System_extendFxn__C)
                  00008afc    00000004     empty_pem4f.oem4f (.const:xdc_runtime_System_maxAtexitHandlers__C)
                  00008b00    00000004     empty_pem4f.oem4f (.const:xdc_runtime_Text_charTab__C)
                  00008b04    00000004     empty_pem4f.oem4f (.const:xdc_runtime_Text_nameEmpty__C)
                  00008b08    00000004     empty_pem4f.oem4f (.const:xdc_runtime_Text_nameStatic__C)
                  00008b0c    00000004     empty_pem4f.oem4f (.const:xdc_runtime_Text_nameUnknown__C)
                  00008b10    00000004     empty_pem4f.oem4f (.const:xdc_runtime_Text_nodeTab__C)
                  00008b14    00000004     empty_pem4f.oem4f (.const:xdc_runtime_Text_visitRopeFxn__C)
                  00008b18    00000002     empty_pem4f.oem4f (.const:ti_sysbios_gates_GateMutex_Module__id__C)
                  00008b1a    00000002     empty_pem4f.oem4f (.const:ti_sysbios_hal_Hwi_Module__id__C)
                  00008b1c    00000002     empty_pem4f.oem4f (.const:ti_sysbios_heaps_HeapMem_Module__id__C)
                  00008b1e    00000002     empty_pem4f.oem4f (.const:ti_sysbios_knl_Semaphore_Module__id__C)
                  00008b20    00000002     empty_pem4f.oem4f (.const:ti_sysbios_knl_Task_Module__id__C)
                  00008b22    00000002     empty_pem4f.oem4f (.const:xdc_runtime_Core_Module__id__C)
                  00008b24    00000002     empty_pem4f.oem4f (.const:xdc_runtime_Error_Module__loggerDefined__C)
                  00008b26    00000002     empty_pem4f.oem4f (.const:xdc_runtime_Error_maxDepth__C)
                  00008b28    00000002     empty_pem4f.oem4f (.const:xdc_runtime_Memory_Module__id__C)
                  00008b2a    00000002     empty_pem4f.oem4f (.const:xdc_runtime_SysMin_flushAtExit__C)
                  00008b2c    00000002     empty_pem4f.oem4f (.const:xdc_runtime_Text_charCnt__C)
                  00008b2e    00000002     empty_pem4f.oem4f (.const:xdc_runtime_Text_isLoaded__C)
                  00008b30    00000002     empty_pem4f.oem4f (.const:xdc_runtime_Text_registryModsLastId__C)
                  00008b32    00000002     empty_pem4f.oem4f (.const:xdc_runtime_Text_unnamedModsLastId__C)

.cinit     0    00008b38    000001b0     
                  00008b38    00000179     (.cinit..data.load) [load image, compression = lzss]
                  00008cb1    00000003     --HOLE-- [fill = 0]
                  00008cb4    0000000c     (__TI_handler_table)
                  00008cc0    00000008     (.cinit..bss.load) [load image, compression = zero_init]
                  00008cc8    00000008     (.cinit..vecs.load) [load image, compression = zero_init]
                  00008cd0    00000018     (__TI_cinit_table)

.init_array 
*          0    00000000    00000000     UNINITIALIZED

.resetVecs 
*          0    00000000    0000003c     
                  00000000    0000003c     empty_pem4f.oem4f (.resetVecs)

.bss       0    20000360    00000b2a     UNINITIALIZED
                  20000360    00000400     (.common:ti_sysbios_heaps_HeapMem_Instance_State_0_buf__A)
                  20000760    00000360     (.common:ti_sysbios_family_arm_m3_Hwi_dispatchTable)
                  20000ac0    00000200     empty_pem4f.oem4f (.bss:taskStackSection)
                  20000cc0    00000120     rtsv7M4_T_le_v4SPD16_eabi.lib : trgmsg.c.obj (.bss:_CIOBUF_)
                  20000de0    00000080     (.common:xdc_runtime_SysMin_Module_State_0_outbuf__A)
                  20000e60    00000008     (.common:IRdist)
                  20000e68    00000008     (.common:parmbuf)
                  20000e70    00000004     (.common:adcVal)
                  20000e74    00000004     (.common:endTime)
                  20000e78    00000004     (.common:pinValue)
                  20000e7c    00000004     (.common:pwm_clk)
                  20000e80    00000004     (.common:startTime)
                  20000e84    00000004     (.common:val_load)
                  20000e88    00000002     (.common:diff)

.data      0    20000e90    0000037c     UNINITIALIZED
                  20000e90    00000080     empty_pem4f.oem4f (.data:ti_sysbios_knl_Swi_Module_State_0_readyQ__A)
                  20000f10    00000080     empty_pem4f.oem4f (.data:ti_sysbios_knl_Task_Module_State_0_readyQ__A)
                  20000f90    0000004c     empty_pem4f.oem4f (.data:ti_sysbios_knl_Task_Object__table__V)
                  20000fdc    00000048     empty_pem4f.oem4f (.data:ti_sysbios_family_arm_m3_Hwi_Object__table__V)
                  20001024    00000044     empty_pem4f.oem4f (.data:ti_sysbios_knl_Task_Module__state__V)
                  20001068    00000038     empty_pem4f.oem4f (.data:ti_sysbios_gates_GateMutex_Object__table__V)
                  200010a0    00000034     empty_pem4f.oem4f (.data:ti_sysbios_family_arm_m3_Hwi_Module__state__V)
                  200010d4    00000030     empty_pem4f.oem4f (.data:ti_sysbios_knl_Swi_Object__table__V)
                  20001104    0000002c     empty_pem4f.oem4f (.data:ti_sysbios_knl_Clock_Module__state__V)
                  20001130    00000024     empty_pem4f.oem4f (.data:ti_sysbios_BIOS_Module__state__V)
                  20001154    0000001c     empty_pem4f.oem4f (.data:ti_sysbios_knl_Swi_Module__state__V)
                  20001170    00000018     empty_pem4f.oem4f (.data:ti_sysbios_heaps_HeapMem_Object__table__V)
                  20001188    0000000c     empty_pem4f.oem4f (.data:xdc_runtime_SysMin_Module__state__V)
                  20001194    00000008     rtsv7M4_T_le_v4SPD16_eabi.lib : _lock.c.obj (.data:$O1$$)
                  2000119c    00000004                                   : errno.c.obj (.data)
                  200011a0    00000008     sensing.obj (.data)
                  200011a8    00000008     empty_pem4f.oem4f (.data:ti_sysbios_gates_GateHwi_Module__root__V)
                  200011b0    00000008     empty_pem4f.oem4f (.data:ti_sysbios_gates_GateMutex_Module__root__V)
                  200011b8    00000008     empty_pem4f.oem4f (.data:ti_sysbios_heaps_HeapMem_Module__root__V)
                  200011c0    00000008     empty_pem4f.oem4f (.data:ti_sysbios_knl_Queue_Module__root__V)
                  200011c8    00000008     empty_pem4f.oem4f (.data:ti_sysbios_knl_Semaphore_Module__root__V)
                  200011d0    00000008     empty_pem4f.oem4f (.data:xdc_runtime_Registry_Module__state__V)
                  200011d8    00000008     empty_pem4f.oem4f (.data:xdc_runtime_Startup_Module__state__V)
                  200011e0    00000008     empty_pem4f.oem4f (.data:xdc_runtime_System_Module_State_0_atexitHandlers__A)
                  200011e8    00000008     empty_pem4f.oem4f (.data:xdc_runtime_System_Module__state__V)
                  200011f0    00000004     rtsv7M4_T_le_v4SPD16_eabi.lib : stkdepth_vars.c.obj (.data)
                  200011f4    00000004     empty_pem4f.oem4f (.data:ti_sysbios_family_arm_m3_Hwi_Module_State_0_excContext__A)
                  200011f8    00000004     empty_pem4f.oem4f (.data:ti_sysbios_family_arm_m3_Hwi_Module_State_0_excStack__A)
                  200011fc    00000004     empty_pem4f.oem4f (.data:ti_sysbios_gates_GateHwi_Object__table__V)
                  20001200    00000004     empty_pem4f.oem4f (.data:ti_sysbios_knl_Task_Module_State_0_idleTask__A)
                  20001204    00000004     empty_pem4f.oem4f (.data:xdc_runtime_Memory_Module__state__V)
                  20001208    00000002     empty_pem4f.oem4f (.data:ti_sysbios_family_arm_m3_Hwi_Module_State_0_excActive__A)
                  2000120a    00000002     empty_pem4f.oem4f (.data:xdc_runtime_Error_Module__state__V)

.stack     0    20001210    00000300     UNINITIALIZED
                  20001210    00000300     --HOLE--

.bootVecs 
*          0    00000000    00000008     DSECT
                  00000000    00000008     boot.aem4f : boot.oem4f (.bootVecs)

.vecs      0    20000000    00000360     UNINITIALIZED
                  20000000    00000360     empty_pem4f.oem4f (.vecs)

xdc.meta   0    00000000    000000d9     COPY SECTION
                  00000000    000000d9     empty_pem4f.oem4f (xdc.meta)

__llvm_prf_cnts 
*          0    20000000    00000000     UNINITIALIZED

MODULE SUMMARY

       Module                       code    ro data   rw data
       ------                       ----    -------   -------
    .\
       sensing.obj                  740     0         16     
       movement.obj                 482     0         8      
       LightTimer.obj               328     0         12     
       main.obj                     138     0         6      
       uartRW.obj                   92      0         0      
       controlLED.obj               88      0         0      
    +--+----------------------------+-------+---------+---------+
       Total:                       1868    0         42     
                                                             
    C:\Users\txdbo\git\Mechagodzilla\Debug\configPkg\package\cfg\
       empty_pem4f.oem4f            1374    7503      4260   
    +--+----------------------------+-------+---------+---------+
       Total:                       1374    7503      4260   
                                                             
    C:/ti/tirtos_tivac_2_16_01_14/products/TivaWare_C_Series-2.1.1.71b/driverlib/ccs/Debug/driverlib.lib
       sysctl.obj                   622     108       0      
       gpio.obj                     526     144       0      
       adc.obj                      266     0         0      
       interrupt.obj                104     112       0      
       timer.obj                    150     0         0      
       uart.obj                     150     0         0      
       pwm.obj                      110     0         0      
    +--+----------------------------+-------+---------+---------+
       Total:                       1928    364       0      
                                                             
    C:\Users\txdbo\git\Mechagodzilla\src\sysbios\sysbios.aem4f
       BIOS.obj                     8966    0         0      
       m3_Hwi_asm.obj               314     0         0      
       m3_TaskSupport_asm.obj       180     0         0      
       m3_Hwi_asm_switch.obj        118     0         0      
    +--+----------------------------+-------+---------+---------+
       Total:                       9578    0         0      
                                                             
    C:\ti\ccs1040\ccs\tools\compiler\ti-cgt-arm_20.2.5.LTS\lib\rtsv7M4_T_le_v4SPD16_eabi.lib
       _printfi.c.obj               4851    0         0      
       fd_add_t2.asm.obj            438     0         0      
       trgmsg.c.obj                 108     0         288    
       fd_div_t2.asm.obj            310     0         0      
       s_scalbn.c.obj               272     0         0      
       fd_cmp_t2.asm.obj            268     0         0      
       ctype.c.obj                  0       257       0      
       fd_mul_t2.asm.obj            252     0         0      
       memcpy_t2.asm.obj            156     0         0      
       ull_div_t2.asm.obj           150     0         0      
       memset_t2.asm.obj            122     0         0      
       copy_decompress_lzss.c.obj   104     0         0      
       s_frexp.c.obj                100     0         0      
       sprintf.c.obj                98      0         0      
       hostwrite.c.obj              88      0         0      
       _ltoa.c.obj                  84      0         0      
       atoi.c.obj                   76      0         0      
       cpy_tbl.c.obj                76      0         0      
       fd_toi_t2.asm.obj            72      0         0      
       u_divt2.asm.obj              64      0         0      
       i_tofd_t2.asm.obj            46      0         0      
       _lock.c.obj                  26      0         8      
       memccpy.c.obj                28      0         0      
       s_copysign.c.obj             26      0         0      
       args_main.c.obj              24      0         0      
       strchr.c.obj                 22      0         0      
       strlen.c.obj                 20      0         0      
       wcslen.c.obj                 18      0         0      
       copy_decompress_none.c.obj   14      0         0      
       copy_zero_init.c.obj         12      0         0      
       errno.c.obj                  8       0         4      
       hostopen.c.obj               0       0         8      
       exit.c.obj                   4       0         0      
       stkdepth_vars.c.obj          0       0         4      
       div0.asm.obj                 2       0         0      
    +--+----------------------------+-------+---------+---------+
       Total:                       7939    257       312    
                                                             
    C:\ti\tirtos_tivac_2_16_01_14\products\bios_6_45_02_31\packages\ti\catalog\arm\cortexm4\tiva\ce\lib\Boot.aem4f
       Boot_sysctl.oem4f            262     0         0      
       Boot.oem4f                   152     0         0      
    +--+----------------------------+-------+---------+---------+
       Total:                       414     0         0      
                                                             
    C:\ti\tirtos_tivac_2_16_01_14\products\bios_6_45_02_31\packages\ti\targets\arm\rtsarm\lib\auto_init.aem4f
       auto_init.oem4f              160     0         0      
    +--+----------------------------+-------+---------+---------+
       Total:                       160     0         0      
                                                             
    C:\ti\tirtos_tivac_2_16_01_14\products\bios_6_45_02_31\packages\ti\targets\arm\rtsarm\lib\boot.aem4f
       boot.oem4f                   88      0         0      
    +--+----------------------------+-------+---------+---------+
       Total:                       88      0         0      
                                                             
    C:\ti\tirtos_tivac_2_16_01_14\products\bios_6_45_02_31\packages\ti\targets\arm\rtsarm\lib\ti.targets.arm.rtsarm.aem4f
       System.oem4f                 1255    0         0      
       Text.oem4f                   672     0         0      
       Error.oem4f                  524     0         0      
       Core-mem.oem4f               358     0         0      
       Startup.oem4f                328     0         0      
       SysMin.oem4f                 248     0         0      
       Core-smem.oem4f              204     0         0      
       Memory.oem4f                 176     0         0      
       Assert.oem4f                 84      0         0      
       Core-params.oem4f            70      0         0      
       Core-label.oem4f             52      0         0      
       Registry.oem4f               32      0         0      
       Gate.oem4f                   28      0         0      
    +--+----------------------------+-------+---------+---------+
       Total:                       4031    0         0      
                                                             
       Stack:                       0       0         768    
       Linker Generated:            0       429       0      
    +--+----------------------------+-------+---------+---------+
       Grand Total:                 27380   8553      5382   


LINKER GENERATED COPY TABLES

__TI_cinit_table @ 00008cd0 records: 3, size/record: 8, table size: 24
	.data: load addr=00008b38, load size=00000179 bytes, run addr=20000e90, run size=0000037c bytes, compression=lzss
	.bss: load addr=00008cc0, load size=00000008 bytes, run addr=20000360, run size=00000b2a bytes, compression=zero_init
	.vecs: load addr=00008cc8, load size=00000008 bytes, run addr=20000000, run size=00000360 bytes, compression=zero_init


LINKER GENERATED HANDLER TABLE

__TI_handler_table @ 00008cb4 records: 3, size/record: 4, table size: 12
	index: 0, handler: __TI_decompress_lzss
	index: 1, handler: __TI_decompress_none
	index: 2, handler: __TI_zero_init


GLOBAL SYMBOLS: SORTED ALPHABETICALLY BY Name 

address   name                                                              
-------   ----                                                              
0000666f  ADCProcessorTrigger                                               
000059cd  ADCSequenceConfigure                                              
000063f1  ADCSequenceDataGet                                                
000069f9  ADCSequenceDisable                                                
00006a07  ADCSequenceEnable                                                 
000047a1  ADCSequenceStepConfigure                                          
00004895  Board_Init                                                        
00002305  C$$EXIT                                                           
00005bab  C$$IO$$                                                           
000037ed  CalculateSpeed                                                    
000060a9  GPIODirModeSet                                                    
00002aa3  GPIOPadConfigSet                                                  
00005645  GPIOPinConfigure                                                  
0000218b  GPIOPinRead                                                       
0000685d  GPIOPinTypeADC                                                    
0000686f  GPIOPinTypeGPIOInput                                              
00006687  GPIOPinTypeGPIOOutput                                             
00006881  GPIOPinTypePWM                                                    
00006893  GPIOPinTypeUART                                                   
000053cb  GPIOPinWrite                                                      
000051c9  HOSTwrite                                                         
00006291  IRDistanceCollect                                                 
00004725  IRDistanceDisplay                                                 
20000e60  IRdist                                                            
00004c0d  IntEnable                                                         
0000644d  LED_Init                                                          
000057b1  LightTimerReload                                                  
00004d45  LightTimer_Init                                                   
000041a1  Movement_Init                                                     
000025b9  PID                                                               
0000624d  PWMGenConfigure                                                   
00006a6d  PWMGenEnable                                                      
00006917  PWMGenPeriodSet                                                   
000068a5  PWMOutputState                                                    
0000640f  PWMPulseWidthSet                                                  
UNDEFED   SHT$$INIT_ARRAY$$Base                                             
UNDEFED   SHT$$INIT_ARRAY$$Limit                                            
0000461d  Sensing_Init                                                      
00002f21  SysCtlClockGet                                                    
0000360d  SysCtlClockSet                                                    
000068db  SysCtlDelay                                                       
00005c99  SysCtlPeripheralEnable                                            
00005b45  SysCtlPeripheralReady                                             
00006a79  Timeout_50MS                                                      
00004e75  TimerConfigure                                                    
00006a15  TimerEnable                                                       
0000120d  TimerIntClear                                                     
00006b3d  TimerIntEnable                                                    
000068b7  TimerLoadSet                                                      
00006b01  TimerValueGet                                                     
00006a23  UARTCharPutNonBlocking                                            
00005909  UARTConfigSetExpClk                                               
00006469  UARTDisable                                                       
000067a5  UARTEnable                                                        
000019bd  UARTIntClear                                                      
00006b45  UARTIntEnable                                                     
00006b0b  UARTIntStatus                                                     
00004f39  UART_Init                                                         
00004489  Uturn                                                             
00000000  __ASM__                                                           
20000cc0  __CIOBUF_                                                         
00000057  __ISA__                                                           
0000006a  __PLAT__                                                          
20001510  __STACK_END                                                       
00000300  __STACK_SIZE                                                      
0000008b  __TARG__                                                          
00008cd0  __TI_CINIT_Base                                                   
00008ce8  __TI_CINIT_Limit                                                  
00008cb4  __TI_Handler_Table_Base                                           
00008cc0  __TI_Handler_Table_Limit                                          
00003de9  __TI_auto_init                                                    
00004c75  __TI_decompress_lzss                                              
00006a31  __TI_decompress_none                                              
000052cf  __TI_ltoa                                                         
ffffffff  __TI_pprof_out_hndl                                               
00000041  __TI_printfi                                                      
ffffffff  __TI_prof_data_size                                               
ffffffff  __TI_prof_data_start                                              
00005ccd  __TI_readmsg                                                      
00008b38  __TI_static_base__                                                
00005b7d  __TI_writemsg                                                     
00006a9d  __TI_zero_init                                                    
000000b1  __TRDR__                                                          
00004511  __aeabi_cdcmpeq                                                   
00004511  __aeabi_cdcmple                                                   
00004597  __aeabi_cdrcmple                                                  
0000568d  __aeabi_d2iz                                                      
00001fdf  __aeabi_dadd                                                      
0000296d  __aeabi_ddiv                                                      
0000322d  __aeabi_dmul                                                      
00001fd5  __aeabi_dsub                                                      
00006b4d  __aeabi_errno_addr                                                
00005ff1  __aeabi_i2d                                                       
00002bd3  __aeabi_idiv0                                                     
00002bd3  __aeabi_ldiv0                                                     
0000481b  __aeabi_memclr                                                    
0000481b  __aeabi_memclr4                                                   
0000481b  __aeabi_memclr8                                                   
00003fc9  __aeabi_memcpy                                                    
00003fc9  __aeabi_memcpy4                                                   
00003fc9  __aeabi_memcpy8                                                   
0000481d  __aeabi_memset                                                    
0000481d  __aeabi_memset4                                                   
0000481d  __aeabi_memset8                                                   
0000594b  __aeabi_uidiv                                                     
0000594b  __aeabi_uidivmod                                                  
000042d1  __aeabi_uldivmod                                                  
ffffffff  __binit__                                                         
ffffffff  __c_args__                                                        
20001210  __stack                                                           
20000000  __start___llvm_prf_cnts                                           
20000000  __stop___llvm_prf_cnts                                            
000066a1  _args_main                                                        
00005171  _c_int00                                                          
00008448  _ctypes_                                                          
20001194  _lock                                                             
00000a8f  _nop                                                              
00006a85  _register_lock                                                    
00006a91  _register_unlock                                                  
20001198  _unlock                                                           
00002305  abort                                                             
20000e70  adcVal                                                            
000054c1  atoi                                                              
ffffffff  binit                                                             
0000550d  copy_in                                                           
00006585  copysign                                                          
00006585  copysignl                                                         
20000e88  diff                                                              
20000e74  endTime                                                           
2000119c  errno                                                             
200011a0  errorPrev                                                         
00006b1f  fastSpeed                                                         
00004da9  frexp                                                             
00004da9  frexpl                                                            
000067b9  gLED                                                              
00003e89  identify_color                                                    
00002e11  ldexp                                                             
00002e11  ldexpl                                                            
00006a3f  main                                                              
200011f0  main_func_sp                                                      
00006485  memccpy                                                           
00003fc9  memcpy                                                            
00004823  memset                                                            
000067cd  offLED                                                            
20000e68  parmbuf                                                           
20000e78  pinValue                                                          
20000e7c  pwm_clk                                                           
000067e1  rLED                                                              
00002e11  scalbn                                                            
00002e11  scalbnl                                                           
00005a49  setSpeed                                                          
0000598d  sprintf                                                           
20000e80  startTime                                                         
000064a1  stop                                                              
00006779  strchr                                                            
000067f5  strlen                                                            
000089b4  ti_catalog_arm_cortexm4_tiva_ce_Boot_A_mustUseEnhancedClockMode__C
000089b8  ti_catalog_arm_cortexm4_tiva_ce_Boot_Module__diagsEnabled__C      
000089bc  ti_catalog_arm_cortexm4_tiva_ce_Boot_Module__diagsIncluded__C     
000089c0  ti_catalog_arm_cortexm4_tiva_ce_Boot_Module__diagsMask__C         
00008602  ti_catalog_arm_cortexm4_tiva_ce_Boot_Module__id__C                
00006a61  ti_catalog_arm_cortexm4_tiva_ce_Boot_init__I                      
0000302d  ti_catalog_arm_cortexm4_tiva_ce_Boot_sysCtlClockSetI__I           
00004239  ti_catalog_arm_cortexm4_tiva_ce_Boot_sysCtlClockSet__E            
00006b69  ti_catalog_arm_cortexm4_tiva_ce_Boot_sysCtlDelayI__I              
20001130  ti_sysbios_BIOS_Module__state__V                                  
000065d3  ti_sysbios_BIOS_RtsGateProxy_Handle__label__S                     
00006205  ti_sysbios_BIOS_RtsGateProxy_Object__delete__S                    
0000246d  ti_sysbios_BIOS_RtsGateProxy_enter__E                             
000036fd  ti_sysbios_BIOS_RtsGateProxy_leave__E                             
00006ba1  ti_sysbios_BIOS_RtsGateProxy_query__E                             
00005e0d  ti_sysbios_BIOS_atExitFunc__I                                     
00006175  ti_sysbios_BIOS_errorRaiseHook__I                                 
0000678f  ti_sysbios_BIOS_exitFunc__I                                       
00003d3f  ti_sysbios_BIOS_nullFunc__I                                       
00006199  ti_sysbios_BIOS_registerRTSLock__I                                
000061bd  ti_sysbios_BIOS_removeRTSLock__I                                  
000062b1  ti_sysbios_BIOS_rtsLock__I                                        
000066d1  ti_sysbios_BIOS_rtsUnlock__I                                      
00006929  ti_sysbios_BIOS_setThreadType__E                                  
000062d1  ti_sysbios_BIOS_startFunc__I                                      
00006939  ti_sysbios_BIOS_start__E                                          
000089c4  ti_sysbios_family_arm_m3_Hwi_E_NMI__C                             
000089c8  ti_sysbios_family_arm_m3_Hwi_E_busFault__C                        
000089cc  ti_sysbios_family_arm_m3_Hwi_E_debugMon__C                        
000089d0  ti_sysbios_family_arm_m3_Hwi_E_hardFault__C                       
000089d4  ti_sysbios_family_arm_m3_Hwi_E_memFault__C                        
000089d8  ti_sysbios_family_arm_m3_Hwi_E_noIsr__C                           
000089dc  ti_sysbios_family_arm_m3_Hwi_E_reserved__C                        
000089e0  ti_sysbios_family_arm_m3_Hwi_E_svCall__C                          
000089e4  ti_sysbios_family_arm_m3_Hwi_E_usageFault__C                      
0000659f  ti_sysbios_family_arm_m3_Hwi_Handle__label__S                     
20001208  ti_sysbios_family_arm_m3_Hwi_Module_State_0_excActive__A          
200011f4  ti_sysbios_family_arm_m3_Hwi_Module_State_0_excContext__A         
[...]
00006905  xdc_runtime_Startup_exec__I                                       
00006917  PWMGenPeriodSet                                                   
00006929  ti_sysbios_BIOS_setThreadType__E                                  
00006939  ti_sysbios_BIOS_start__E                                          
00006949  ti_sysbios_family_arm_m3_TaskSupport_glue                         
00006959  ti_sysbios_gates_GateMutex_Instance_finalize__E                   
00006969  ti_sysbios_knl_Semaphore_Instance_finalize__E                     
00006979  ti_sysbios_knl_Swi_disable__E                                     
00006989  ti_sysbios_knl_Task_Object__get__S                                
00006999  ti_sysbios_knl_Task_disable__E                                    
000069a9  xdc_runtime_Gate_leaveSystem__E                                   
000069b9  xdc_runtime_Memory_free__E                                        
000069c9  xdc_runtime_SysMin_ready__E                                       
000069c9  xdc_runtime_System_SupportProxy_ready__E                          
000069d9  xdc_runtime_System_vsnprintf__E                                   
000069e9  xdc_runtime_Text_visitRope__I                                     
000069f9  ADCSequenceDisable                                                
00006a07  ADCSequenceEnable                                                 
00006a15  TimerEnable                                                       
00006a23  UARTCharPutNonBlocking                                            
00006a31  __TI_decompress_none                                              
00006a3f  main                                                              
00006a51  ti_sysbios_knl_Idle_loop__E                                       
00006a61  ti_catalog_arm_cortexm4_tiva_ce_Boot_init__I                      
00006a6d  PWMGenEnable                                                      
00006a79  Timeout_50MS                                                      
00006a85  _register_lock                                                    
00006a91  _register_unlock                                                  
00006a9d  __TI_zero_init                                                    
00006aa9  ti_sysbios_family_arm_m3_TaskSupport_checkStack__E                
00006aa9  ti_sysbios_knl_Task_SupportProxy_checkStack__E                    
00006ab9  ti_sysbios_gates_GateHwi_enter__E                                 
00006ac5  ti_sysbios_knl_Queue_Object__get__S                               
00006ad1  xdc_runtime_Error_init__E                                         
00006add  xdc_runtime_Gate_enterSystem__E                                   
00006ae9  xdc_runtime_Memory_calloc__E                                      
00006af5  xdc_runtime_Memory_getMaxDefaultTypeAlign__E                      
00006b01  TimerValueGet                                                     
00006b0b  UARTIntStatus                                                     
00006b1f  fastSpeed                                                         
00006b29  xdc_runtime_Memory_HeapProxy_alloc__E                             
00006b33  xdc_runtime_Memory_HeapProxy_free__E                              
00006b3d  TimerIntEnable                                                    
00006b45  UARTIntEnable                                                     
00006b4d  __aeabi_errno_addr                                                
00006b59  ti_sysbios_family_arm_m3_Hwi_doSwiRestore__I                      
00006b61  ti_sysbios_family_arm_m3_Hwi_startup__E                           
00006b61  ti_sysbios_hal_Hwi_HwiProxy_startup__E                            
00006b61  ti_sysbios_hal_Hwi_startup__E                                     
00006b69  ti_catalog_arm_cortexm4_tiva_ce_Boot_sysCtlDelayI__I              
00006b71  ti_sysbios_gates_GateHwi_leave__E                                 
00006b79  ti_sysbios_heaps_HeapMem_isBlocking__E                            
00006b81  ti_sysbios_knl_Queue_Instance_init__E                             
00006b89  ti_sysbios_knl_Swi_startup__E                                     
00006b8f  xdc_runtime_System_Module_startup__E                              
00006b99  ti_sysbios_gates_GateHwi_query__E                                 
00006b99  xdc_runtime_Main_Module_GateProxy_query__E                        
00006b99  xdc_runtime_System_Module_GateProxy_query__E                      
00006ba1  ti_sysbios_BIOS_RtsGateProxy_query__E                             
00006ba1  ti_sysbios_gates_GateMutex_query__E                               
00006ba1  ti_sysbios_heaps_HeapMem_Module_GateProxy_query__E                
00006ba9  ti_sysbios_knl_Task_startup__E                                    
00006bb1  ti_sysbios_gates_GateHwi_Instance_init__E                         
00006bb4  xdc_runtime_Text_charTab__A                                       
00008448  _ctypes_                                                          
00008549  xdc_runtime_Error_policy__C                                       
0000854a  xdc_runtime_Text_nodeTab__A                                       
00008602  ti_catalog_arm_cortexm4_tiva_ce_Boot_Module__id__C                
000087b8  ti_sysbios_heaps_HeapMem_Module__FXNS__C                          
000087e0  ti_sysbios_gates_GateHwi_Module__FXNS__C                          
00008804  ti_sysbios_gates_GateMutex_Module__FXNS__C                        
00008828  ti_sysbios_heaps_HeapMem_Object__PARAMS__C                        
0000884c  ti_sysbios_knl_Semaphore_Object__PARAMS__C                        
00008870  ti_sysbios_gates_GateHwi_Object__DESC__C                          
00008890  ti_sysbios_gates_GateMutex_Object__DESC__C                        
000088b0  ti_sysbios_heaps_HeapMem_Object__DESC__C                          
000088d0  ti_sysbios_knl_Queue_Object__DESC__C                              
000088f0  ti_sysbios_knl_Semaphore_Object__DESC__C                          
00008910  xdc_runtime_Startup_sfxnTab__A                                    
0000892c  ti_sysbios_gates_GateHwi_Object__PARAMS__C                        
00008944  ti_sysbios_gates_GateMutex_Object__PARAMS__C                      
0000895c  ti_sysbios_knl_Queue_Object__PARAMS__C                            
00008974  xdc_runtime_Startup_firstFxns__A                                  
00008984  xdc_runtime_Startup_sfxnRts__A                                    
00008992  ti_sysbios_family_arm_m3_Hwi_Module__id__C                        
00008994  ti_sysbios_family_arm_m3_Hwi_excHookFuncs__A                      
0000899c  ti_sysbios_knl_Idle_funcList__C                                   
000089a4  xdc_runtime_Startup_firstFxns__C                                  
000089ac  xdc_runtime_Startup_lastFxns__C                                   
000089b4  ti_catalog_arm_cortexm4_tiva_ce_Boot_A_mustUseEnhancedClockMode__C
000089b8  ti_catalog_arm_cortexm4_tiva_ce_Boot_Module__diagsEnabled__C      
000089bc  ti_catalog_arm_cortexm4_tiva_ce_Boot_Module__diagsIncluded__C     
000089c0  ti_catalog_arm_cortexm4_tiva_ce_Boot_Module__diagsMask__C         
000089c4  ti_sysbios_family_arm_m3_Hwi_E_NMI__C                             
000089c8  ti_sysbios_family_arm_m3_Hwi_E_busFault__C                        
000089cc  ti_sysbios_family_arm_m3_Hwi_E_debugMon__C                        
000089d0  ti_sysbios_family_arm_m3_Hwi_E_hardFault__C                       
000089d4  ti_sysbios_family_arm_m3_Hwi_E_memFault__C                        
000089d8  ti_sysbios_family_arm_m3_Hwi_E_noIsr__C                           
000089dc  ti_sysbios_family_arm_m3_Hwi_E_reserved__C                        
000089e0  ti_sysbios_family_arm_m3_Hwi_E_svCall__C                          
000089e4  ti_sysbios_family_arm_m3_Hwi_E_usageFault__C                      
000089e8  ti_sysbios_family_arm_m3_Hwi_NUM_INTERRUPTS__C                    
000089ec  ti_sysbios_family_arm_m3_Hwi_Object__count__C                     
000089f0  ti_sysbios_family_arm_m3_Hwi_ccr__C                               
000089f4  ti_sysbios_family_arm_m3_Hwi_excHandlerFunc__C                    
000089f8  ti_sysbios_family_arm_m3_Hwi_excHookFuncs__C                      
000089fc  ti_sysbios_family_arm_m3_Hwi_nullIsrFunc__C                       
00008a00  ti_sysbios_family_arm_m3_Hwi_priGroup__C                          
00008a04  ti_sysbios_gates_GateMutex_A_badContext__C                        
00008a08  ti_sysbios_gates_GateMutex_Instance_State_sem__O                  
00008a0c  ti_sysbios_gates_GateMutex_Module__diagsEnabled__C                
00008a10  ti_sysbios_gates_GateMutex_Module__diagsIncluded__C               
00008a14  ti_sysbios_gates_GateMutex_Module__diagsMask__C                   
00008a18  ti_sysbios_hal_Hwi_E_stackOverflow__C                             
00008a1c  ti_sysbios_heaps_HeapMem_A_align__C                               
00008a20  ti_sysbios_heaps_HeapMem_A_heapSize__C                            
00008a24  ti_sysbios_heaps_HeapMem_A_invalidFree__C                         
00008a28  ti_sysbios_heaps_HeapMem_A_zeroBlock__C                           
00008a2c  ti_sysbios_heaps_HeapMem_E_memory__C                              
00008a30  ti_sysbios_heaps_HeapMem_Module__diagsEnabled__C                  
00008a34  ti_sysbios_heaps_HeapMem_Module__diagsIncluded__C                 
00008a38  ti_sysbios_heaps_HeapMem_Module__diagsMask__C                     
00008a3c  ti_sysbios_heaps_HeapMem_Module__gateObj__C                       
00008a40  ti_sysbios_heaps_HeapMem_Object__count__C                         
00008a44  ti_sysbios_heaps_HeapMem_reqAlign__C                              
00008a48  ti_sysbios_knl_Clock_Module_State_clockQ__O                       
00008a4c  ti_sysbios_knl_Idle_funcList__A                                   
00008a50  ti_sysbios_knl_Semaphore_A_badContext__C                          
00008a54  ti_sysbios_knl_Semaphore_A_noEvents__C                            
00008a58  ti_sysbios_knl_Semaphore_A_overflow__C                            
00008a5c  ti_sysbios_knl_Semaphore_A_pendTaskDisabled__C                    
00008a60  ti_sysbios_knl_Semaphore_Instance_State_pendQ__O                  
00008a64  ti_sysbios_knl_Semaphore_Module__diagsEnabled__C                  
00008a68  ti_sysbios_knl_Semaphore_Module__diagsIncluded__C                 
00008a6c  ti_sysbios_knl_Semaphore_Module__diagsMask__C                     
00008a70  ti_sysbios_knl_Swi_Object__count__C                               
00008a74  ti_sysbios_knl_Task_E_spOutOfBounds__C                            
00008a78  ti_sysbios_knl_Task_E_stackOverflow__C                            
00008a7c  ti_sysbios_knl_Task_Module_State_inactiveQ__O                     
00008a80  ti_sysbios_knl_Task_Object__count__C                              
00008a84  ti_sysbios_knl_Task_allBlockedFunc__C                             
00008a88  ti_sysbios_knl_Task_numConstructedTasks__C                        
00008a8c  xdc_runtime_Assert_E_assertFailed__C                              
00008a90  xdc_runtime_Core_A_initializedParams__C                           
00008a94  xdc_runtime_Core_Module__diagsEnabled__C                          
00008a98  xdc_runtime_Core_Module__diagsIncluded__C                         
00008a9c  xdc_runtime_Core_Module__diagsMask__C                             
00008aa0  xdc_runtime_Error_E_memory__C                                     
00008aa4  xdc_runtime_Error_Module__diagsEnabled__C                         
00008aa8  xdc_runtime_Error_Module__diagsIncluded__C                        
00008aac  xdc_runtime_Error_Module__diagsMask__C                            
00008ab0  xdc_runtime_Error_Module__loggerFxn8__C                           
00008ab4  xdc_runtime_Error_Module__loggerObj__C                            
00008ab8  xdc_runtime_Error_policyFxn__C                                    
00008abc  xdc_runtime_Error_raiseHook__C                                    
00008ac0  xdc_runtime_IGateProvider_Interface__BASE__C                      
00008ac4  xdc_runtime_IHeap_Interface__BASE__C                              
00008ac8  xdc_runtime_IModule_Interface__BASE__C                            
00008acc  xdc_runtime_Log_L_error__C                                        
00008ad0  xdc_runtime_Memory_defaultHeapInstance__C                         
00008ad4  xdc_runtime_Startup_execImpl__C                                   
00008ad8  xdc_runtime_Startup_maxPasses__C                                  
00008adc  xdc_runtime_Startup_sfxnRts__C                                    
00008ae0  xdc_runtime_Startup_sfxnTab__C                                    
00008ae4  xdc_runtime_SysMin_bufSize__C                                     
00008ae8  xdc_runtime_SysMin_outputFunc__C                                  
00008aec  xdc_runtime_System_Module__gateObj__C                             
00008af0  xdc_runtime_System_abortFxn__C                                    
00008af4  xdc_runtime_System_exitFxn__C                                     
00008af8  xdc_runtime_System_extendFxn__C                                   
00008afc  xdc_runtime_System_maxAtexitHandlers__C                           
00008b00  xdc_runtime_Text_charTab__C                                       
00008b04  xdc_runtime_Text_nameEmpty__C                                     
00008b08  xdc_runtime_Text_nameStatic__C                                    
00008b0c  xdc_runtime_Text_nameUnknown__C                                   
00008b10  xdc_runtime_Text_nodeTab__C                                       
00008b14  xdc_runtime_Text_visitRopeFxn__C                                  
00008b18  ti_sysbios_gates_GateMutex_Module__id__C                          
00008b1a  ti_sysbios_hal_Hwi_Module__id__C                                  
00008b1c  ti_sysbios_heaps_HeapMem_Module__id__C                            
00008b1e  ti_sysbios_knl_Semaphore_Module__id__C                            
00008b20  ti_sysbios_knl_Task_Module__id__C                                 
00008b22  xdc_runtime_Core_Module__id__C                                    
00008b24  xdc_runtime_Error_Module__loggerDefined__C                        
00008b26  xdc_runtime_Error_maxDepth__C                                     
00008b28  xdc_runtime_Memory_Module__id__C                                  
00008b2a  xdc_runtime_SysMin_flushAtExit__C                                 
00008b2c  xdc_runtime_Text_charCnt__C                                       
00008b2e  xdc_runtime_Text_isLoaded__C                                      
00008b30  xdc_runtime_Text_registryModsLastId__C                            
00008b32  xdc_runtime_Text_unnamedModsLastId__C                             
00008b38  __TI_static_base__                                                
00008cb4  __TI_Handler_Table_Base                                           
00008cc0  __TI_Handler_Table_Limit                                          
00008cd0  __TI_CINIT_Base                                                   
00008ce8  __TI_CINIT_Limit                                                  
20000000  __start___llvm_prf_cnts                                           
20000000  __stop___llvm_prf_cnts                                            
20000000  ti_sysbios_family_arm_m3_Hwi_ramVectors                           
20000360  ti_sysbios_heaps_HeapMem_Instance_State_0_buf__A                  
20000760  ti_sysbios_family_arm_m3_Hwi_dispatchTable                        
20000ac0  ti_sysbios_knl_Task_Instance_State_0_stack__A                     
20000cc0  __CIOBUF_                                                         
20000de0  xdc_runtime_SysMin_Module_State_0_outbuf__A                       
20000e60  IRdist                                                            
20000e68  parmbuf                                                           
20000e70  adcVal                                                            
20000e74  endTime                                                           
20000e78  pinValue                                                          
20000e7c  pwm_clk                                                           
20000e80  startTime                                                         
20000e84  val_load                                                          
20000e88  diff                                                              
20000e90  ti_sysbios_knl_Swi_Module_State_0_readyQ__A                       
20000f10  ti_sysbios_knl_Task_Module_State_0_readyQ__A                      
20000f90  ti_sysbios_knl_Task_Object__table__V                              
20000fdc  ti_sysbios_family_arm_m3_Hwi_Object__table__V                     
20001024  ti_sysbios_knl_Task_Module__state__V                              
20001068  ti_sysbios_gates_GateMutex_Object__table__V                       
200010a0  ti_sysbios_family_arm_m3_Hwi_Module__state__V                     
200010d4  ti_sysbios_knl_Swi_Object__table__V                               
20001104  ti_sysbios_knl_Clock_Module__state__V                             
20001130  ti_sysbios_BIOS_Module__state__V                                  
20001154  ti_sysbios_knl_Swi_Module__state__V                               
20001170  ti_sysbios_heaps_HeapMem_Object__table__V                         
20001188  xdc_runtime_SysMin_Module__state__V                               
20001194  _lock                                                             
20001198  _unlock                                                           
2000119c  errno                                                             
200011a0  errorPrev                                                         
200011a8  ti_sysbios_gates_GateHwi_Module__root__V                          
200011b0  ti_sysbios_gates_GateMutex_Module__root__V                        
200011b8  ti_sysbios_heaps_HeapMem_Module__root__V                          
200011c0  ti_sysbios_knl_Queue_Module__root__V                              
200011c8  ti_sysbios_knl_Semaphore_Module__root__V                          
200011d0  xdc_runtime_Registry_Module__state__V                             
200011d8  xdc_runtime_Startup_Module__state__V                              
200011e0  xdc_runtime_System_Module_State_0_atexitHandlers__A               
200011e8  xdc_runtime_System_Module__state__V                               
200011f0  main_func_sp                                                      
200011f4  ti_sysbios_family_arm_m3_Hwi_Module_State_0_excContext__A         
200011f8  ti_sysbios_family_arm_m3_Hwi_Module_State_0_excStack__A           
200011fc  ti_sysbios_gates_GateHwi_Object__table__V                         
20001200  ti_sysbios_knl_Task_Module_State_0_idleTask__A                    
20001204  xdc_runtime_Memory_Module__state__V                               
20001208  ti_sysbios_family_arm_m3_Hwi_Module_State_0_excActive__A          
2000120a  xdc_runtime_Error_Module__state__V                                
20001210  __stack                                                           
20001510  __STACK_END                                                       
e000e000  ti_sysbios_family_arm_m3_Hwi_nvic                                 
ffffffff  __TI_pprof_out_hndl                                               
ffffffff  __TI_prof_data_size                                               
ffffffff  __TI_prof_data_start                                              
ffffffff  __binit__                                                         
ffffffff  __c_args__                                                        
ffffffff  binit                                                             
UNDEFED   SHT$$INIT_ARRAY$$Base                                             
UNDEFED   SHT$$INIT_ARRAY$$Limit                                            

[551 symbols]
