******************************************************************************
                  TI ARM Linker PC v20.2.5                     
******************************************************************************
>> Linked Tue Oct  5 11:41:11 2021

OUTPUT FILE NAME:   <Rev_1.out>
ENTRY POINT SYMBOL: "_c_int00"  address: 00003571


MEMORY CONFIGURATION

         name            origin    length      used     unused   attr    fill
----------------------  --------  ---------  --------  --------  ----  --------
  FLASH                 00000000   00040000  00006c9f  00039361  R  X
  SRAM                  20000000   00008000  000015c0  00006a40  RW X


SEGMENT ALLOCATION MAP

run origin  load origin   length   init length attrs members
----------  ----------- ---------- ----------- ----- -------
00000000    00000000    00006ca8   00006ca8    r-x
  00000000    00000000    0000003c   0000003c    r-- .resetVecs
  00000040    00000040    00004be2   00004be2    r-x .text
  00004c24    00004c24    00001e39   00001e39    r-- .const
  00006a60    00006a60    00000248   00000248    r-- .cinit
20000000    20000000    000015c0   00000000    rw-
  20000000    20000000    00000360   00000000    rw- .vecs
  20000360    20000360    00000b0c   00000000    rw- .bss
  20000e6c    20000e6c    00000454   00000000    rw- .data
  200012c0    200012c0    00000300   00000000    rw- .stack


SECTION ALLOCATION MAP

 output                                  attributes/
section   page    origin      length       input sections
--------  ----  ----------  ----------   ----------------
.text      0    00000040    00004be2     
                  00000040    00000430     sysbios.aem4f : BIOS.obj (.text:ti_sysbios_family_arm_m3_Hwi_excDumpRegs__I)
                  00000470    0000034c     ti.targets.arm.rtsarm.aem4f : System.oem4f (.text:xdc_runtime_System_doPrint__I)
                  000007bc    00000004     driverlib.lib : uart.obj (.text:UARTIntClear)
                  000007c0    000002d0     sysbios.aem4f : BIOS.obj (.text:ti_sysbios_knl_Semaphore_pend__E)
                  00000a90    0000026c                   : BIOS.obj (.text:ti_sysbios_heaps_HeapMem_free__E)
                  00000cfc    00000004     rtsv7M4_T_le_v4SPD16_eabi.lib : exit.c.obj (.text:abort:abort)
                  00000d00    00000250     sysbios.aem4f : BIOS.obj (.text:ti_sysbios_heaps_HeapMem_alloc__E)
                  00000f50    000001f4                   : BIOS.obj (.text:ti_sysbios_family_arm_m3_Hwi_excHandlerMax__I)
                  00001144    00000004     empty_pem4f.oem4f (.text:ti_sysbios_BIOS_RtsGateProxy_enter__E)
                  00001148    00000174     sysbios.aem4f : BIOS.obj (.text:ti_sysbios_family_arm_m3_Hwi_excBusFault__I)
                  000012bc    00000004     empty_pem4f.oem4f (.text:ti_sysbios_BIOS_RtsGateProxy_leave__E)
                  000012c0    00000164     sysbios.aem4f : BIOS.obj (.text:ti_sysbios_family_arm_m3_Hwi_excUsageFault__I)
                  00001424    00000004                   : BIOS.obj (.text:ti_sysbios_family_arm_lm4_Timer_masterEnable__I)
                  00001428    00000148                   : BIOS.obj (.text:ti_sysbios_family_arm_m3_Hwi_excMemFault__I)
                  00001570    0000013c                   : BIOS.obj (.text:ti_sysbios_heaps_HeapMem_Instance_init__E)
                  000016ac    00000004     empty_pem4f.oem4f (.text:ti_sysbios_family_arm_m3_TaskSupport_Module__startupDone__S)
                  000016b0    00000134     sysbios.aem4f : BIOS.obj (.text:ti_sysbios_family_arm_lm4_Timer_start__E)
                  000017e4    00000130     driverlib.lib : gpio.obj (.text:GPIOPadConfigSet)
                  00001914    00000118     ti.targets.arm.rtsarm.aem4f : Error.oem4f (.text:xdc_runtime_Error_policyDefault__E)
                  00001a2c    0000010c     driverlib.lib : sysctl.obj (.text:SysCtlClockGet)
                  00001b38    00000100     Boot.aem4f : Boot_sysctl.oem4f (.text:ti_catalog_arm_cortexm4_tiva_ce_Boot_sysCtlClockSetI__I)
                  00001c38    00000100     ti.targets.arm.rtsarm.aem4f : Core-mem.oem4f (.text:xdc_runtime_Core_createObject__I)
                  00001d38    000000f8                                 : Startup.oem4f (.text:xdc_runtime_Startup_startMods__I)
                  00001e30    000000f8     empty_pem4f.oem4f (.text:xdc_runtime_System_printfExtend__I)
                  00001f28    000000f4     sysbios.aem4f : m3_Hwi_asm.obj (.text:ti_sysbios_family_arm_m3_Hwi_dispatch__I)
                  0000201c    000000f0     driverlib.lib : sysctl.obj (.text:SysCtlClockSet)
                  0000210c    00000004     empty_pem4f.oem4f (.text:ti_sysbios_heaps_HeapMem_Module_GateProxy_enter__E)
                  00002110    000000ec     sysbios.aem4f : BIOS.obj (.text:ti_sysbios_knl_Semaphore_post__E)
                  000021fc    000000cc     ti.targets.arm.rtsarm.aem4f : Core-smem.oem4f (.text:xdc_runtime_Core_constructObject__I)
                  000022c8    000000bc     sysbios.aem4f : BIOS.obj (.text:ti_sysbios_family_arm_m3_Hwi_excDebugMon__I)
                  00002384    00000004     empty_pem4f.oem4f (.text:ti_sysbios_heaps_HeapMem_Module_GateProxy_leave__E)
                  00002388    000000bc     sysbios.aem4f : BIOS.obj (.text:ti_sysbios_family_arm_m3_Hwi_excHardFault__I)
                  00002444    00000004     empty_pem4f.oem4f (.text:ti_sysbios_knl_Clock_TimerProxy_getMaxTicks__E)
                  00002448    000000b4     sysbios.aem4f : BIOS.obj (.text:ti_sysbios_gates_GateMutex_enter__E)
                  000024fc    00000004     empty_pem4f.oem4f (.text:ti_sysbios_knl_Queue_destruct)
                  00002500    000000b4     sysbios.aem4f : BIOS.obj (.text:ti_sysbios_knl_Task_checkStacks__E)
                  000025b4    00000004     empty_pem4f.oem4f (.text:ti_sysbios_knl_Semaphore_destruct)
                  000025b8    000000ac     sysbios.aem4f : BIOS.obj (.text:ti_sysbios_family_arm_lm4_Timer_enableTiva__I)
                  00002664    00000004     ti.targets.arm.rtsarm.aem4f : Error.oem4f (.text:xdc_runtime_Error_getSite__E)
                  00002668    000000a8     sysbios.aem4f : BIOS.obj (.text:ti_sysbios_family_arm_lm4_Timer_enableTimers__I)
                  00002710    000000a8                   : BIOS.obj (.text:ti_sysbios_knl_Task_postInit__I)
                  000027b8    000000a0     auto_init.aem4f : auto_init.oem4f (.text)
                  00002858    000000a0     ti.targets.arm.rtsarm.aem4f : Text.oem4f (.text:xdc_runtime_Text_putMod__E)
                  000028f8    0000009c     empty.obj (.text:UART_Read)
                  00002994    0000009c     rtsv7M4_T_le_v4SPD16_eabi.lib : memcpy_t2.asm.obj (.text)
                  00002a30    0000009c     sysbios.aem4f : BIOS.obj (.text:ti_sysbios_knl_Semaphore_Instance_init__E)
                  00002acc    0000009a     ti.targets.arm.rtsarm.aem4f : Text.oem4f (.text:xdc_runtime_Text_putSite__E)
                  00002b66    00000002     rtsv7M4_T_le_v4SPD16_eabi.lib : _lock.c.obj (.text:_nop)
                  00002b68    00000098     Boot.aem4f : Boot.oem4f (.text:ti_catalog_arm_cortexm4_tiva_ce_Boot_sysCtlClockSet__E)
                  00002c00    00000094     sysbios.aem4f : BIOS.obj (.text:ti_sysbios_family_arm_m3_Hwi_initNVIC__E)
                  00002c94    0000008c                   : m3_TaskSupport_asm.obj (.text:ti_sysbios_family_arm_m3_TaskSupport_buildTaskStack)
                  00002d20    00000084                   : BIOS.obj (.text:ti_sysbios_family_arm_m3_Hwi_postInit__I)
                  00002da4    0000007c     empty.obj (.text:Board_Init)
                  00002e20    0000007a     rtsv7M4_T_le_v4SPD16_eabi.lib : memset_t2.asm.obj (.text)
                  00002e9a    00000006     driverlib.lib : gpio.obj (.text:GPIOPinWrite)
                  00002ea0    00000070     sysbios.aem4f : BIOS.obj (.text:ti_sysbios_knl_Clock_workFunc__E)
                  00002f10    00000070                   : BIOS.obj (.text:ti_sysbios_knl_Task_exit__E)
                  00002f80    0000006d     ti.targets.arm.rtsarm.aem4f : System.oem4f (.text:xdc_runtime_System_formatNum__I)
                  00002fed    00000001     --HOLE-- [fill = 0]
                  00002fee    00000002     empty.obj (.text:dist)
                  00002ff0    0000006c     sysbios.aem4f : BIOS.obj (.text:ti_sysbios_knl_Swi_restoreHwi__E)
                  0000305c    0000006c     ti.targets.arm.rtsarm.aem4f : Error.oem4f (.text:xdc_runtime_Error_print__E)
                  000030c8    0000006c                                 : Memory.oem4f (.text:xdc_runtime_Memory_alloc__E)
                  00003134    00000068     rtsv7M4_T_le_v4SPD16_eabi.lib : copy_decompress_lzss.c.obj (.text:decompress:lzss:__TI_decompress_lzss)
                  0000319c    00000066     ti.targets.arm.rtsarm.aem4f : Core-mem.oem4f (.text:xdc_runtime_Core_deleteObject__I)
                  00003202    00000006     driverlib.lib : sysctl.obj (.text:SysCtlDelay)
                  00003208    00000064     sysbios.aem4f : BIOS.obj (.text:ti_sysbios_family_arm_lm4_Timer_Module_startup__E)
                  0000326c    00000004     empty_pem4f.oem4f (.text:xdc_runtime_System_Module_GateProxy_enter__E)
                  00003270    00000064     sysbios.aem4f : BIOS.obj (.text:ti_sysbios_family_arm_m3_Hwi_dispatchC__I)
                  000032d4    00000004     empty_pem4f.oem4f (.text:xdc_runtime_System_Module_GateProxy_leave__E)
                  000032d8    00000060     sysbios.aem4f : BIOS.obj (.text:ti_sysbios_family_arm_lm4_Timer_isrStub__E)
                  00003338    00000060                   : BIOS.obj (.text:ti_sysbios_knl_Task_schedule__I)
                  00003398    0000005c                   : BIOS.obj (.text:ti_sysbios_knl_Swi_run__I)
                  000033f4    00000004     ti.targets.arm.rtsarm.aem4f : System.oem4f (.text:xdc_runtime_System_aprintf_va__F)
                  000033f8    0000005c     sysbios.aem4f : BIOS.obj (.text:ti_sysbios_knl_Swi_schedule__I)
                  00003454    00000004     ti.targets.arm.rtsarm.aem4f : System.oem4f (.text:xdc_runtime_System_printf_va__F)
                  00003458    0000005c     sysbios.aem4f : BIOS.obj (.text:ti_sysbios_knl_Task_Module_startup__E)
                  000034b4    00000002     empty.obj (.text:frontDistPrnt)
                  000034b6    00000002     empty.obj (.text:reverse)
                  000034b8    0000005c     sysbios.aem4f : BIOS.obj (.text:ti_sysbios_knl_Task_startCore__E)
                  00003514    0000005b     ti.targets.arm.rtsarm.aem4f : Text.oem4f (.text:xdc_runtime_Text_putLab__E)
                  0000356f    00000001     --HOLE-- [fill = 0]
                  00003570    00000058     boot.aem4f : boot.oem4f (.text)
                  000035c8    00000058     rtsv7M4_T_le_v4SPD16_eabi.lib : hostwrite.c.obj (.text:HOSTwrite)
                  00003620    00000058     sysbios.aem4f : m3_Hwi_asm_switch.obj (.text:ti_sysbios_family_arm_m3_Hwi_initStacks__E)
                  00003678    00000054     ti.targets.arm.rtsarm.aem4f : Assert.oem4f (.text:xdc_runtime_Assert_raise__I)
                  000036cc    00000002     empty.obj (.text:rightDistPrnt)
                  000036ce    00000002     rtsv7M4_T_le_v4SPD16_eabi.lib : div0.asm.obj (.text)
                  000036d0    00000050     sysbios.aem4f : BIOS.obj (.text:ti_sysbios_family_arm_m3_Hwi_Module_startup__E)
                  00003720    00000050     ti.targets.arm.rtsarm.aem4f : Startup.oem4f (.text:xdc_runtime_Startup_exec__E)
                  00003770    00000050                                 : Text.oem4f (.text:xdc_runtime_Text_visitRope2__I)
                  000037c0    0000004c     rtsv7M4_T_le_v4SPD16_eabi.lib : cpy_tbl.c.obj (.text:copy_in)
                  0000380c    00000002     empty.obj (.text:run)
                  0000380e    00000002     empty.obj (.text:set)
                  00003810    0000004c     sysbios.aem4f : BIOS.obj (.text:ti_sysbios_heaps_HeapMem_getStats__E)
                  0000385c    00000002     empty.obj (.text:stop)
                  0000385e    00000002     empty_pem4f.oem4f (.text:ti_sysbios_BIOS_nullFunc__I)
                  00003860    0000004c     sysbios.aem4f : BIOS.obj (.text:ti_sysbios_knl_Swi_runLoop__I)
                  000038ac    00000002     empty.obj (.text:uturn)
                  000038ae    00000002     empty_pem4f.oem4f (.text:xdc_runtime_Startup_reset__I)
                  000038b0    0000004c     sysbios.aem4f : BIOS.obj (.text:ti_sysbios_knl_Task_allBlockedFunction__I)
                  000038fc    00000048     driverlib.lib : gpio.obj (.text:GPIOPinConfigure)
                  00003944    00000004     --HOLE-- [fill = 0]
                  00003948    00000048     sysbios.aem4f : BIOS.obj (.text:ti_sysbios_family_arm_m3_Hwi_disableInterrupt__E)
                  00003990    00000048                   : BIOS.obj (.text:ti_sysbios_family_arm_m3_Hwi_enableInterrupt__E)
                  000039d8    00000048                   : BIOS.obj (.text:ti_sysbios_family_arm_m3_Hwi_excReserved__I)
                  00003a20    00000046     ti.targets.arm.rtsarm.aem4f : Core-params.oem4f (.text:xdc_runtime_Core_assignParams__I)
                  00003a66    00000002     --HOLE-- [fill = 0]
                  00003a68    00000044     sysbios.aem4f : BIOS.obj (.text:ti_sysbios_family_arm_m3_Hwi_getStackInfo__E)
                  00003aac    00000004     --HOLE-- [fill = 0]
                  00003ab0    00000044                   : BIOS.obj (.text:ti_sysbios_knl_Swi_post__E)
                  00003af4    00000044     ti.targets.arm.rtsarm.aem4f : Error.oem4f (.text:xdc_runtime_Error_setX__E)
                  00003b38    00000044                                 : SysMin.oem4f (.text:xdc_runtime_SysMin_flush__E)
                  00003b7c    00000044                                 : Text.oem4f (.text:xdc_runtime_Text_xprintf__I)
                  00003bc0    00000042     driverlib.lib : uart.obj (.text:UARTConfigSetExpClk)
                  00003c02    00000040     rtsv7M4_T_le_v4SPD16_eabi.lib : u_divt2.asm.obj (.text)
                  00003c42    00000006     Boot.aem4f : Boot_sysctl.oem4f (.text:ti_catalog_arm_cortexm4_tiva_ce_Boot_sysCtlDelayI__I)
                  00003c48    00000040     sysbios.aem4f : BIOS.obj (.text:ti_sysbios_family_arm_lm4_Timer_startup__E)
                  00003c88    0000003c                   : BIOS.obj (.text:ti_sysbios_family_arm_m3_Hwi_excSvCall__I)
                  00003cc4    00000004     --HOLE-- [fill = 0]
                  00003cc8    0000003c                   : BIOS.obj (.text:ti_sysbios_heaps_HeapMem_init__I)
                  00003d04    00000004     --HOLE-- [fill = 0]
                  00003d08    0000003c                   : BIOS.obj (.text:ti_sysbios_knl_Swi_restore__E)
                  00003d44    00000038     rtsv7M4_T_le_v4SPD16_eabi.lib : trgmsg.c.obj (.text:__TI_writemsg)
                  00003d7c    00000004     --HOLE-- [fill = 0]
                  00003d80    00000038     sysbios.aem4f : BIOS.obj (.text:ti_sysbios_family_arm_m3_Hwi_excNoIsr__I)
                  00003db8    00000038                   : BIOS.obj (.text:ti_sysbios_knl_Task_processVitalTaskFlag__I)
                  00003df0    00000038     ti.targets.arm.rtsarm.aem4f : SysMin.oem4f (.text:xdc_runtime_SysMin_putch__E)
                  00003e28    00000038                                 : System.oem4f (.text:xdc_runtime_System_atexit__E)
                  00003e60    00000034     driverlib.lib : sysctl.obj (.text:SysCtlPeripheralEnable)
                  00003e94    00000034     rtsv7M4_T_le_v4SPD16_eabi.lib : trgmsg.c.obj (.text:__TI_readmsg)
                  00003ec8    00000034     sysbios.aem4f : BIOS.obj (.text:ti_sysbios_family_arm_m3_Hwi_excNmi__I)
                  00003efc    00000004     --HOLE-- [fill = 0]
                  00003f00    00000034                   : BIOS.obj (.text:ti_sysbios_hal_Hwi_checkStack)
                  00003f34    00000034     ti.targets.arm.rtsarm.aem4f : Core-label.oem4f (.text:xdc_runtime_Core_assignLabel__I)
                  00003f68    00000033                                 : Text.oem4f (.text:xdc_runtime_Text_printVisFxn__I)
                  00003f9b    00000005     --HOLE-- [fill = 0]
                  00003fa0    00000032     sysbios.aem4f : BIOS.obj (.text:ti_sysbios_hal_Hwi_initStack)
                  00003fd2    00000002     --HOLE-- [fill = 0]
                  00003fd4    00000030     empty_pem4f.oem4f (.text:ti_sysbios_BIOS_atExitFunc__I)
                  00004004    00000004     --HOLE-- [fill = 0]
                  00004008    00000030     sysbios.aem4f : BIOS.obj (.text:ti_sysbios_family_arm_lm4_Timer_stop__E)
                  00004038    00000030                   : BIOS.obj (.text:ti_sysbios_family_arm_m3_TaskSupport_start__E)
                  00004068    00000030     empty_pem4f.oem4f (.text:ti_sysbios_gates_GateHwi_Object__create__S)
                  00004098    00000030     empty_pem4f.oem4f (.text:ti_sysbios_gates_GateMutex_Object__create__S)
                  000040c8    00000030     empty_pem4f.oem4f (.text:ti_sysbios_heaps_HeapMem_Object__create__S)
                  000040f8    00000030     empty_pem4f.oem4f (.text:ti_sysbios_knl_Semaphore_construct)
                  00004128    00000030     sysbios.aem4f : BIOS.obj (.text:ti_sysbios_knl_Semaphore_pendTimeout__I)
                  00004158    00000030                   : BIOS.obj (.text:ti_sysbios_knl_Task_unblockI__E)
                  00004188    00000030     ti.targets.arm.rtsarm.aem4f : SysMin.oem4f (.text:xdc_runtime_SysMin_abort__E)
                  000041b8    00000030                                 : System.oem4f (.text:xdc_runtime_System_processAtExit__E)
                  000041e8    0000002c     empty_pem4f.oem4f (.text:ti_sysbios_knl_Clock_doTick__I)
                  00004214    0000002c     empty_pem4f.oem4f (.text:ti_sysbios_knl_Queue_construct)
                  00004240    0000002c     sysbios.aem4f : BIOS.obj (.text:ti_sysbios_knl_Task_restore__E)
                  0000426c    0000002c     ti.targets.arm.rtsarm.aem4f : Text.oem4f (.text:xdc_runtime_Text_cordText__E)
                  00004298    0000002a     driverlib.lib : gpio.obj (.text:GPIODirModeSet)
                  000042c2    0000002a     ti.targets.arm.rtsarm.aem4f : System.oem4f (.text:xdc_runtime_System_putchar__I)
                  000042ec    00000004     --HOLE-- [fill = 0]
                  000042f0    00000028     sysbios.aem4f : BIOS.obj (.text:ti_sysbios_knl_Swi_Module_startup__E)
                  00004318    00000026                   : m3_Hwi_asm.obj (.text:ti_sysbios_family_arm_m3_Hwi_pendSV__I)
                  0000433e    00000026     ti.targets.arm.rtsarm.aem4f : System.oem4f (.text:xdc_runtime_System_avprintf__E)
                  00004364    00000024     empty_pem4f.oem4f (.text:ti_sysbios_BIOS_errorRaiseHook__I)
                  00004388    00000024     empty_pem4f.oem4f (.text:ti_sysbios_BIOS_registerRTSLock__I)
                  000043ac    00000024     empty_pem4f.oem4f (.text:ti_sysbios_BIOS_removeRTSLock__I)
                  000043d0    00000024     empty_pem4f.oem4f (.text:ti_sysbios_BIOS_startFunc__I)
                  000043f4    00000024     empty_pem4f.oem4f (.text:ti_sysbios_gates_GateMutex_Object__delete__S)
                  00004418    00000024     sysbios.aem4f : BIOS.obj (.text:ti_sysbios_knl_Clock_Module_startup__E)
                  0000443c    00000004     --HOLE-- [fill = 0]
                  00004440    00000024                   : BIOS.obj (.text:ti_sysbios_knl_Task_restoreHwi__E)
                  00004464    00000024     ti.targets.arm.rtsarm.aem4f : System.oem4f (.text:xdc_runtime_System_vprintf__E)
                  00004488    00000022     sysbios.aem4f : BIOS.obj (.text:ti_sysbios_family_arm_lm4_Timer_write__I)
                  000044aa    00000022     empty_pem4f.oem4f (.text:xdc_runtime_SysMin_output__I)
                  000044cc    00000020     empty_pem4f.oem4f (.text:ti_sysbios_BIOS_rtsLock__I)
                  000044ec    00000020     sysbios.aem4f : m3_Hwi_asm.obj (.text:ti_sysbios_family_arm_m3_Hwi_excHandlerAsm__I)
                  0000450c    00000004     --HOLE-- [fill = 0]
                  00004510    00000020                   : BIOS.obj (.text:ti_sysbios_family_arm_m3_Hwi_excHandler__I)
                  00004530    00000020     empty_pem4f.oem4f (.text:ti_sysbios_gates_GateHwi_Object__delete__S)
                  00004550    00000020     empty_pem4f.oem4f (.text:ti_sysbios_heaps_HeapMem_Object__delete__S)
                  00004570    00000020     sysbios.aem4f : BIOS.obj (.text:ti_sysbios_knl_Idle_run__E)
                  00004590    00000020     empty_pem4f.oem4f (.text:ti_sysbios_knl_Semaphore_Object__destruct__S)
                  000045b0    00000020     ti.targets.arm.rtsarm.aem4f : Registry.oem4f (.text:xdc_runtime_Registry_findById__E)
                  000045d0    00000020                                 : SysMin.oem4f (.text:xdc_runtime_SysMin_Module_startup__E)
                  000045f0    0000001e     sysbios.aem4f : m3_Hwi_asm_switch.obj (.text:ti_sysbios_family_xxx_Hwi_switchAndRunFunc)
                  0000460e    00000002     --HOLE-- [fill = 0]
                  00004610    0000001c     driverlib.lib : uart.obj (.text:UARTDisable)
                  0000462c    00000004     --HOLE-- [fill = 0]
                  00004630    0000001c     sysbios.aem4f : BIOS.obj (.text:ti_sysbios_gates_GateMutex_Instance_init__E)
                  0000464c    0000001c     empty_pem4f.oem4f (.text:ti_sysbios_knl_Queue_Object__destruct__S)
                  00004668    0000001c     sysbios.aem4f : BIOS.obj (.text:ti_sysbios_knl_Task_enter__I)
                  00004684    0000001c     ti.targets.arm.rtsarm.aem4f : Error.oem4f (.text:xdc_runtime_Error_raiseX__E)
                  000046a0    0000001c                                 : Memory.oem4f (.text:xdc_runtime_Memory_valloc__E)
                  000046bc    0000001c                                 : SysMin.oem4f (.text:xdc_runtime_SysMin_exit__E)
                  000046d8    0000001c                                 : System.oem4f (.text:xdc_runtime_System_abort__E)
                  000046f4    0000001a     empty_pem4f.oem4f (.text:ti_sysbios_family_arm_m3_Hwi_Handle__label__S)
                  0000470e    0000001a     empty_pem4f.oem4f (.text:ti_sysbios_gates_GateHwi_Handle__label__S)
                  00004728    0000001a     empty_pem4f.oem4f (.text:ti_sysbios_gates_GateMutex_Handle__label__S)
                  00004742    0000001a     empty_pem4f.oem4f (.text:ti_sysbios_heaps_HeapMem_Handle__label__S)
                  0000475c    0000001a     empty_pem4f.oem4f (.text:ti_sysbios_knl_Swi_Handle__label__S)
                  00004776    0000001a     empty_pem4f.oem4f (.text:ti_sysbios_knl_Task_Handle__label__S)
                  00004790    0000001a     empty_pem4f.oem4f (.text:xdc_runtime_System_aprintf__E)
                  000047aa    0000001a     empty_pem4f.oem4f (.text:xdc_runtime_System_printf__E)
                  000047c4    00000018     driverlib.lib : gpio.obj (.text:GPIOPinTypeGPIOOutput)
                  000047dc    00000018     rtsv7M4_T_le_v4SPD16_eabi.lib : args_main.c.obj (.text:_args_main)
                  000047f4    00000018     empty_pem4f.oem4f (.text:ti_sysbios_BIOS_rtsUnlock__I)
                  0000480c    00000018     empty_pem4f.oem4f (.text:ti_sysbios_family_arm_lm4_Timer_Module__startupDone__F)
                  00004824    00000018     empty_pem4f.oem4f (.text:ti_sysbios_family_arm_m3_Hwi_Module__startupDone__F)
                  0000483c    00000018     sysbios.aem4f : m3_TaskSupport_asm.obj (.text:ti_sysbios_family_arm_m3_TaskSupport_swap__E)
                  00004854    00000004     --HOLE-- [fill = 0]
                  00004858    00000018                   : BIOS.obj (.text:ti_sysbios_gates_GateMutex_leave__E)
                  00004870    00000018     ti.targets.arm.rtsarm.aem4f : Error.oem4f (.text:xdc_runtime_Error_check__E)
                  00004888    00000018                                 : System.oem4f (.text:xdc_runtime_System_exit__E)
                  000048a0    00000018                                 : Text.oem4f (.text:xdc_runtime_Text_ropeText__E)
                  000048b8    00000016     empty_pem4f.oem4f (.text:ti_sysbios_BIOS_exitFunc__I)
                  000048ce    00000014     driverlib.lib : uart.obj (.text:UARTEnable)
                  000048e2    00000002     --HOLE-- [fill = 0]
                  000048e4    00000014     empty.obj (.text:bLED)
                  000048f8    00000014     empty.obj (.text:gLED)
                  0000490c    00000014     empty.obj (.text:offLED)
                  00004920    00000014     empty.obj (.text:rLED)
                  00004934    00000014     rtsv7M4_T_le_v4SPD16_eabi.lib : strlen.c.obj (.text:strlen)
                  00004948    00000014     empty_pem4f.oem4f (.text:ti_sysbios_family_arm_m3_Hwi_Object__get__S)
                  0000495c    00000004     --HOLE-- [fill = 0]
                  00004960    00000014     sysbios.aem4f : BIOS.obj (.text:ti_sysbios_family_arm_m3_Hwi_switchFromBootStack__E)
                  00004974    00000014     empty_pem4f.oem4f (.text:ti_sysbios_heaps_HeapMem_Object__get__S)
                  00004988    00000014     empty_pem4f.oem4f (.text:ti_sysbios_knl_Swi_Object__get__S)
                  0000499c    00000014     empty.obj (.text:wLED)
                  000049b0    00000012     driverlib.lib : gpio.obj (.text:GPIOPinTypeUART)
                  000049c2    00000006     ti.targets.arm.rtsarm.aem4f : System.oem4f (.text:xdc_runtime_System_Module_startup__E)
                  000049c8    00000012     sysbios.aem4f : BIOS.obj (.text:ti_sysbios_hal_Hwi_Module_startup__E)
                  000049da    00000012     empty_pem4f.oem4f (.text:xdc_runtime_Startup_exec__I)
                  000049ec    00000004     --HOLE-- [fill = 0]
                  000049f0    00000010     sysbios.aem4f : BIOS.obj (.text:ti_sysbios_BIOS_setThreadType__E)
                  00004a00    00000010                   : m3_TaskSupport_asm.obj (.text:ti_sysbios_family_arm_m3_TaskSupport_glue)
                  00004a10    00000010                   : BIOS.obj (.text:ti_sysbios_gates_GateMutex_Instance_finalize__E)
                  00004a20    00000010                   : BIOS.obj (.text:ti_sysbios_knl_Semaphore_Instance_finalize__E)
                  00004a30    00000010                   : BIOS.obj (.text:ti_sysbios_knl_Swi_disable__E)
                  00004a40    00000010     empty_pem4f.oem4f (.text:ti_sysbios_knl_Task_Object__get__S)
                  00004a50    00000010     sysbios.aem4f : BIOS.obj (.text:ti_sysbios_knl_Task_disable__E)
                  00004a60    00000010     ti.targets.arm.rtsarm.aem4f : Gate.oem4f (.text:xdc_runtime_Gate_leaveSystem__E)
                  00004a70    00000010                                 : Memory.oem4f (.text:xdc_runtime_Memory_free__E)
                  00004a80    00000010                                 : SysMin.oem4f (.text:xdc_runtime_SysMin_ready__E)
                  00004a90    00000010                                 : System.oem4f (.text:xdc_runtime_System_vsnprintf__E)
                  00004aa0    00000010     empty_pem4f.oem4f (.text:xdc_runtime_Text_visitRope__I)
                  00004ab0    0000000e     driverlib.lib : uart.obj (.text:UARTCharPutNonBlocking)
                  00004abe    0000000e     rtsv7M4_T_le_v4SPD16_eabi.lib : copy_decompress_none.c.obj (.text:decompress:none:__TI_decompress_none)
                  00004acc    00000004     --HOLE-- [fill = 0]
                  00004ad0    0000000e     sysbios.aem4f : BIOS.obj (.text:ti_sysbios_knl_Idle_loop__E)
                  00004ade    00000002     --HOLE-- [fill = 0]
                  00004ae0    0000000e                   : BIOS.obj (.text:ti_sysbios_knl_Queue_empty__E)
                  00004aee    00000002     --HOLE-- [fill = 0]
                  00004af0    0000000c     empty_pem4f.oem4f (.text:.bootCodeSection:ti_catalog_arm_cortexm4_tiva_ce_Boot_init__I)
                  00004afc    0000000c     rtsv7M4_T_le_v4SPD16_eabi.lib : _lock.c.obj (.text:_register_lock)
                  00004b08    0000000c                                   : _lock.c.obj (.text:_register_unlock)
                  00004b14    0000000c                                   : copy_zero_init.c.obj (.text:decompress:ZI:__TI_zero_init)
                  00004b20    0000000c     sysbios.aem4f : BIOS.obj (.text:ti_sysbios_family_arm_lm4_Timer_getMaxTicks__E)
                  00004b2c    00000004     --HOLE-- [fill = 0]
                  00004b30    0000000c                   : BIOS.obj (.text:ti_sysbios_family_arm_m3_TaskSupport_checkStack__E)
                  00004b3c    00000004     --HOLE-- [fill = 0]
                  00004b40    0000000c                   : BIOS.obj (.text:ti_sysbios_gates_GateHwi_enter__E)
                  00004b4c    0000000c     empty_pem4f.oem4f (.text:ti_sysbios_knl_Queue_Object__get__S)
                  00004b58    0000000c     ti.targets.arm.rtsarm.aem4f : Error.oem4f (.text:xdc_runtime_Error_init__E)
                  00004b64    0000000c                                 : Gate.oem4f (.text:xdc_runtime_Gate_enterSystem__E)
                  00004b70    0000000c                                 : Memory.oem4f (.text:xdc_runtime_Memory_calloc__E)
                  00004b7c    0000000c                                 : Memory.oem4f (.text:xdc_runtime_Memory_getMaxDefaultTypeAlign__E)
                  00004b88    0000000a     driverlib.lib : uart.obj (.text:UARTCharGet)
                  00004b92    0000000a                   : uart.obj (.text:UARTIntStatus)
                  00004b9c    0000000a     empty_pem4f.oem4f (.text:xdc_runtime_IHeap_alloc)
                  00004ba6    0000000a     empty_pem4f.oem4f (.text:xdc_runtime_IHeap_free)
                  00004bb0    00000008     driverlib.lib : uart.obj (.text:UARTIntEnable)
                  00004bb8    00000008     empty.obj (.text:main)
                  00004bc0    00000008     sysbios.aem4f : BIOS.obj (.text:ti_sysbios_family_arm_lm4_Timer_masterDisable__I)
                  00004bc8    00000008                   : BIOS.obj (.text:ti_sysbios_family_arm_m3_Hwi_doSwiRestore__I)
                  00004bd0    00000008                   : BIOS.obj (.text:ti_sysbios_family_arm_m3_Hwi_startup__E)
                  00004bd8    00000006                   : BIOS.obj (.text:ti_sysbios_family_arm_m3_Hwi_doTaskRestore__I)
                  00004bde    00000002     --HOLE-- [fill = 0]
                  00004be0    00000006                   : BIOS.obj (.text:ti_sysbios_gates_GateHwi_leave__E)
                  00004be6    00000002     --HOLE-- [fill = 0]
                  00004be8    00000006                   : BIOS.obj (.text:ti_sysbios_heaps_HeapMem_isBlocking__E)
                  00004bee    00000002     --HOLE-- [fill = 0]
                  00004bf0    00000006                   : BIOS.obj (.text:ti_sysbios_knl_Queue_Instance_init__E)
                  00004bf6    00000002     --HOLE-- [fill = 0]
                  00004bf8    00000006                   : BIOS.obj (.text:ti_sysbios_knl_Swi_startup__E)
                  00004bfe    00000002     --HOLE-- [fill = 0]
                  00004c00    00000004                   : BIOS.obj (.text:ti_sysbios_gates_GateHwi_query__E)
                  00004c04    00000004     --HOLE-- [fill = 0]
                  00004c08    00000004                   : BIOS.obj (.text:ti_sysbios_gates_GateMutex_query__E)
                  00004c0c    00000004     --HOLE-- [fill = 0]
                  00004c10    00000004                   : BIOS.obj (.text:ti_sysbios_knl_Task_startup__E)
                  00004c14    00000004     --HOLE-- [fill = 0]
                  00004c18    00000002                   : BIOS.obj (.text:ti_sysbios_gates_GateHwi_Instance_init__E)
                  00004c1a    00000006     --HOLE-- [fill = 0]
                  00004c20    00000002                   : BIOS.obj (.text:ti_sysbios_knl_Clock_logTick__E)

.const     0    00004c24    00001e39     
                  00004c24    00001870     empty_pem4f.oem4f (.const:xdc_runtime_Text_charTab__A)
                  00006494    000000bc     empty_pem4f.oem4f (.const:xdc_runtime_Text_nodeTab__A)
                  00006550    00000090     driverlib.lib : gpio.obj (.const:g_pui32GPIOBaseAddrs)
                  000065e0    0000006c                   : sysctl.obj (.const:g_pui32Xtals)
                  0000664c    00000048     empty_pem4f.oem4f (.const:.string)
                  00006694    00000034     empty.obj (.const:.string)
                  000066c8    00000028     empty_pem4f.oem4f (.const:ti_sysbios_heaps_HeapMem_Module__FXNS__C)
                  000066f0    00000024     empty_pem4f.oem4f (.const:ti_sysbios_gates_GateHwi_Module__FXNS__C)
                  00006714    00000024     empty_pem4f.oem4f (.const:ti_sysbios_gates_GateMutex_Module__FXNS__C)
                  00006738    00000024     empty_pem4f.oem4f (.const:ti_sysbios_heaps_HeapMem_Object__PARAMS__C)
                  0000675c    00000024     empty_pem4f.oem4f (.const:ti_sysbios_knl_Semaphore_Object__PARAMS__C)
                  00006780    00000020     empty_pem4f.oem4f (.const:ti_sysbios_gates_GateHwi_Object__DESC__C)
                  000067a0    00000020     empty_pem4f.oem4f (.const:ti_sysbios_gates_GateMutex_Object__DESC__C)
                  000067c0    00000020     empty_pem4f.oem4f (.const:ti_sysbios_heaps_HeapMem_Object__DESC__C)
                  000067e0    00000020     empty_pem4f.oem4f (.const:ti_sysbios_knl_Queue_Object__DESC__C)
                  00006800    00000020     empty_pem4f.oem4f (.const:ti_sysbios_knl_Semaphore_Object__DESC__C)
                  00006820    00000020     empty_pem4f.oem4f (.const:xdc_runtime_Startup_sfxnTab__A)
                  00006840    00000018     empty_pem4f.oem4f (.const:ti_sysbios_gates_GateHwi_Object__PARAMS__C)
                  00006858    00000018     empty_pem4f.oem4f (.const:ti_sysbios_gates_GateMutex_Object__PARAMS__C)
                  00006870    00000018     empty_pem4f.oem4f (.const:ti_sysbios_knl_Queue_Object__PARAMS__C)
                  00006888    00000014     empty_pem4f.oem4f (.const:xdc_runtime_Startup_firstFxns__A)
                  0000689c    00000010     empty_pem4f.oem4f (.const:xdc_runtime_Startup_sfxnRts__A)
                  000068ac    00000008     empty_pem4f.oem4f (.const:ti_sysbios_family_arm_m3_Hwi_excHookFuncs__A)
                  000068b4    00000008     empty_pem4f.oem4f (.const:ti_sysbios_knl_Idle_funcList__C)
                  000068bc    00000008     empty_pem4f.oem4f (.const:xdc_runtime_Startup_firstFxns__C)
                  000068c4    00000008     empty_pem4f.oem4f (.const:xdc_runtime_Startup_lastFxns__C)
                  000068cc    00000004     empty_pem4f.oem4f (.const:ti_catalog_arm_cortexm4_tiva_ce_Boot_A_mustUseEnhancedClockMode__C)
                  000068d0    00000004     empty_pem4f.oem4f (.const:ti_catalog_arm_cortexm4_tiva_ce_Boot_Module__diagsEnabled__C)
                  000068d4    00000004     empty_pem4f.oem4f (.const:ti_catalog_arm_cortexm4_tiva_ce_Boot_Module__diagsIncluded__C)
                  000068d8    00000004     empty_pem4f.oem4f (.const:ti_catalog_arm_cortexm4_tiva_ce_Boot_Module__diagsMask__C)
                  000068dc    00000004     empty_pem4f.oem4f (.const:ti_sysbios_family_arm_lm4_Timer_enableFunc__C)
                  000068e0    00000004     empty_pem4f.oem4f (.const:ti_sysbios_family_arm_lm4_Timer_numTimerDevices__C)
                  000068e4    00000004     empty_pem4f.oem4f (.const:ti_sysbios_family_arm_lm4_Timer_startupNeeded__C)
                  000068e8    00000004     empty_pem4f.oem4f (.const:ti_sysbios_family_arm_m3_Hwi_E_NMI__C)
                  000068ec    00000004     empty_pem4f.oem4f (.const:ti_sysbios_family_arm_m3_Hwi_E_busFault__C)
                  000068f0    00000004     empty_pem4f.oem4f (.const:ti_sysbios_family_arm_m3_Hwi_E_debugMon__C)
                  000068f4    00000004     empty_pem4f.oem4f (.const:ti_sysbios_family_arm_m3_Hwi_E_hardFault__C)
                  000068f8    00000004     empty_pem4f.oem4f (.const:ti_sysbios_family_arm_m3_Hwi_E_memFault__C)
                  000068fc    00000004     empty_pem4f.oem4f (.const:ti_sysbios_family_arm_m3_Hwi_E_noIsr__C)
                  00006900    00000004     empty_pem4f.oem4f (.const:ti_sysbios_family_arm_m3_Hwi_E_reserved__C)
                  00006904    00000004     empty_pem4f.oem4f (.const:ti_sysbios_family_arm_m3_Hwi_E_svCall__C)
                  00006908    00000004     empty_pem4f.oem4f (.const:ti_sysbios_family_arm_m3_Hwi_E_usageFault__C)
                  0000690c    00000004     empty_pem4f.oem4f (.const:ti_sysbios_family_arm_m3_Hwi_NUM_INTERRUPTS__C)
                  00006910    00000004     empty_pem4f.oem4f (.const:ti_sysbios_family_arm_m3_Hwi_Object__count__C)
                  00006914    00000004     empty_pem4f.oem4f (.const:ti_sysbios_family_arm_m3_Hwi_ccr__C)
                  00006918    00000004     empty_pem4f.oem4f (.const:ti_sysbios_family_arm_m3_Hwi_excHandlerFunc__C)
                  0000691c    00000004     empty_pem4f.oem4f (.const:ti_sysbios_family_arm_m3_Hwi_excHookFuncs__C)
                  00006920    00000004     empty_pem4f.oem4f (.const:ti_sysbios_family_arm_m3_Hwi_nullIsrFunc__C)
                  00006924    00000004     empty_pem4f.oem4f (.const:ti_sysbios_family_arm_m3_Hwi_priGroup__C)
                  00006928    00000004     empty_pem4f.oem4f (.const:ti_sysbios_gates_GateMutex_A_badContext__C)
                  0000692c    00000004     empty_pem4f.oem4f (.const:ti_sysbios_gates_GateMutex_Instance_State_sem__O)
                  00006930    00000004     empty_pem4f.oem4f (.const:ti_sysbios_gates_GateMutex_Module__diagsEnabled__C)
                  00006934    00000004     empty_pem4f.oem4f (.const:ti_sysbios_gates_GateMutex_Module__diagsIncluded__C)
                  00006938    00000004     empty_pem4f.oem4f (.const:ti_sysbios_gates_GateMutex_Module__diagsMask__C)
                  0000693c    00000004     empty_pem4f.oem4f (.const:ti_sysbios_hal_Hwi_E_stackOverflow__C)
                  00006940    00000004     empty_pem4f.oem4f (.const:ti_sysbios_heaps_HeapMem_A_align__C)
                  00006944    00000004     empty_pem4f.oem4f (.const:ti_sysbios_heaps_HeapMem_A_heapSize__C)
                  00006948    00000004     empty_pem4f.oem4f (.const:ti_sysbios_heaps_HeapMem_A_invalidFree__C)
                  0000694c    00000004     empty_pem4f.oem4f (.const:ti_sysbios_heaps_HeapMem_A_zeroBlock__C)
                  00006950    00000004     empty_pem4f.oem4f (.const:ti_sysbios_heaps_HeapMem_E_memory__C)
                  00006954    00000004     empty_pem4f.oem4f (.const:ti_sysbios_heaps_HeapMem_Module__diagsEnabled__C)
                  00006958    00000004     empty_pem4f.oem4f (.const:ti_sysbios_heaps_HeapMem_Module__diagsIncluded__C)
                  0000695c    00000004     empty_pem4f.oem4f (.const:ti_sysbios_heaps_HeapMem_Module__diagsMask__C)
                  00006960    00000004     empty_pem4f.oem4f (.const:ti_sysbios_heaps_HeapMem_Module__gateObj__C)
                  00006964    00000004     empty_pem4f.oem4f (.const:ti_sysbios_heaps_HeapMem_Object__count__C)
                  00006968    00000004     empty_pem4f.oem4f (.const:ti_sysbios_heaps_HeapMem_reqAlign__C)
                  0000696c    00000004     empty_pem4f.oem4f (.const:ti_sysbios_knl_Clock_Module_State_clockQ__O)
                  00006970    00000004     empty_pem4f.oem4f (.const:ti_sysbios_knl_Idle_funcList__A)
                  00006974    00000004     empty_pem4f.oem4f (.const:ti_sysbios_knl_Semaphore_A_badContext__C)
                  00006978    00000004     empty_pem4f.oem4f (.const:ti_sysbios_knl_Semaphore_A_noEvents__C)
                  0000697c    00000004     empty_pem4f.oem4f (.const:ti_sysbios_knl_Semaphore_A_overflow__C)
                  00006980    00000004     empty_pem4f.oem4f (.const:ti_sysbios_knl_Semaphore_A_pendTaskDisabled__C)
                  00006984    00000004     empty_pem4f.oem4f (.const:ti_sysbios_knl_Semaphore_Instance_State_pendQ__O)
                  00006988    00000004     empty_pem4f.oem4f (.const:ti_sysbios_knl_Semaphore_Module__diagsEnabled__C)
                  0000698c    00000004     empty_pem4f.oem4f (.const:ti_sysbios_knl_Semaphore_Module__diagsIncluded__C)
                  00006990    00000004     empty_pem4f.oem4f (.const:ti_sysbios_knl_Semaphore_Module__diagsMask__C)
                  00006994    00000004     empty_pem4f.oem4f (.const:ti_sysbios_knl_Swi_Object__count__C)
                  00006998    00000004     empty_pem4f.oem4f (.const:ti_sysbios_knl_Task_E_spOutOfBounds__C)
                  0000699c    00000004     empty_pem4f.oem4f (.const:ti_sysbios_knl_Task_E_stackOverflow__C)
                  000069a0    00000004     empty_pem4f.oem4f (.const:ti_sysbios_knl_Task_Module_State_inactiveQ__O)
                  000069a4    00000004     empty_pem4f.oem4f (.const:ti_sysbios_knl_Task_Object__count__C)
                  000069a8    00000004     empty_pem4f.oem4f (.const:ti_sysbios_knl_Task_allBlockedFunc__C)
                  000069ac    00000004     empty_pem4f.oem4f (.const:ti_sysbios_knl_Task_numConstructedTasks__C)
                  000069b0    00000004     empty_pem4f.oem4f (.const:xdc_runtime_Assert_E_assertFailed__C)
                  000069b4    00000004     empty_pem4f.oem4f (.const:xdc_runtime_Core_A_initializedParams__C)
                  000069b8    00000004     empty_pem4f.oem4f (.const:xdc_runtime_Core_Module__diagsEnabled__C)
                  000069bc    00000004     empty_pem4f.oem4f (.const:xdc_runtime_Core_Module__diagsIncluded__C)
                  000069c0    00000004     empty_pem4f.oem4f (.const:xdc_runtime_Core_Module__diagsMask__C)
                  000069c4    00000004     empty_pem4f.oem4f (.const:xdc_runtime_Error_E_memory__C)
                  000069c8    00000004     empty_pem4f.oem4f (.const:xdc_runtime_Error_Module__diagsEnabled__C)
                  000069cc    00000004     empty_pem4f.oem4f (.const:xdc_runtime_Error_Module__diagsIncluded__C)
                  000069d0    00000004     empty_pem4f.oem4f (.const:xdc_runtime_Error_Module__diagsMask__C)
                  000069d4    00000004     empty_pem4f.oem4f (.const:xdc_runtime_Error_Module__loggerFxn8__C)
                  000069d8    00000004     empty_pem4f.oem4f (.const:xdc_runtime_Error_Module__loggerObj__C)
                  000069dc    00000004     empty_pem4f.oem4f (.const:xdc_runtime_Error_policyFxn__C)
                  000069e0    00000004     empty_pem4f.oem4f (.const:xdc_runtime_Error_raiseHook__C)
                  000069e4    00000004     empty_pem4f.oem4f (.const:xdc_runtime_IGateProvider_Interface__BASE__C)
                  000069e8    00000004     empty_pem4f.oem4f (.const:xdc_runtime_IHeap_Interface__BASE__C)
                  000069ec    00000004     empty_pem4f.oem4f (.const:xdc_runtime_IModule_Interface__BASE__C)
                  000069f0    00000004     empty_pem4f.oem4f (.const:xdc_runtime_Log_L_error__C)
                  000069f4    00000004     empty_pem4f.oem4f (.const:xdc_runtime_Memory_defaultHeapInstance__C)
                  000069f8    00000004     empty_pem4f.oem4f (.const:xdc_runtime_Startup_execImpl__C)
                  000069fc    00000004     empty_pem4f.oem4f (.const:xdc_runtime_Startup_maxPasses__C)
                  00006a00    00000004     empty_pem4f.oem4f (.const:xdc_runtime_Startup_sfxnRts__C)
                  00006a04    00000004     empty_pem4f.oem4f (.const:xdc_runtime_Startup_sfxnTab__C)
                  00006a08    00000004     empty_pem4f.oem4f (.const:xdc_runtime_SysMin_bufSize__C)
                  00006a0c    00000004     empty_pem4f.oem4f (.const:xdc_runtime_SysMin_outputFunc__C)
                  00006a10    00000004     empty_pem4f.oem4f (.const:xdc_runtime_System_Module__gateObj__C)
                  00006a14    00000004     empty_pem4f.oem4f (.const:xdc_runtime_System_abortFxn__C)
                  00006a18    00000004     empty_pem4f.oem4f (.const:xdc_runtime_System_exitFxn__C)
                  00006a1c    00000004     empty_pem4f.oem4f (.const:xdc_runtime_System_extendFxn__C)
                  00006a20    00000004     empty_pem4f.oem4f (.const:xdc_runtime_System_maxAtexitHandlers__C)
                  00006a24    00000004     empty_pem4f.oem4f (.const:xdc_runtime_Text_charTab__C)
                  00006a28    00000004     empty_pem4f.oem4f (.const:xdc_runtime_Text_nameEmpty__C)
                  00006a2c    00000004     empty_pem4f.oem4f (.const:xdc_runtime_Text_nameStatic__C)
                  00006a30    00000004     empty_pem4f.oem4f (.const:xdc_runtime_Text_nameUnknown__C)
                  00006a34    00000004     empty_pem4f.oem4f (.const:xdc_runtime_Text_nodeTab__C)
                  00006a38    00000004     empty_pem4f.oem4f (.const:xdc_runtime_Text_visitRopeFxn__C)
                  00006a3c    00000002     empty_pem4f.oem4f (.const:ti_catalog_arm_cortexm4_tiva_ce_Boot_Module__id__C)
                  00006a3e    00000002     empty_pem4f.oem4f (.const:ti_sysbios_family_arm_m3_Hwi_Module__id__C)
                  00006a40    00000002     empty_pem4f.oem4f (.const:ti_sysbios_gates_GateMutex_Module__id__C)
                  00006a42    00000002     empty_pem4f.oem4f (.const:ti_sysbios_hal_Hwi_Module__id__C)
                  00006a44    00000002     empty_pem4f.oem4f (.const:ti_sysbios_heaps_HeapMem_Module__id__C)
                  00006a46    00000002     empty_pem4f.oem4f (.const:ti_sysbios_knl_Semaphore_Module__id__C)
                  00006a48    00000002     empty_pem4f.oem4f (.const:ti_sysbios_knl_Task_Module__id__C)
                  00006a4a    00000002     empty_pem4f.oem4f (.const:xdc_runtime_Core_Module__id__C)
                  00006a4c    00000002     empty_pem4f.oem4f (.const:xdc_runtime_Error_Module__loggerDefined__C)
                  00006a4e    00000002     empty_pem4f.oem4f (.const:xdc_runtime_Error_maxDepth__C)
                  00006a50    00000002     empty_pem4f.oem4f (.const:xdc_runtime_Memory_Module__id__C)
                  00006a52    00000002     empty_pem4f.oem4f (.const:xdc_runtime_SysMin_flushAtExit__C)
                  00006a54    00000002     empty_pem4f.oem4f (.const:xdc_runtime_Text_charCnt__C)
                  00006a56    00000002     empty_pem4f.oem4f (.const:xdc_runtime_Text_isLoaded__C)
                  00006a58    00000002     empty_pem4f.oem4f (.const:xdc_runtime_Text_registryModsLastId__C)
                  00006a5a    00000002     empty_pem4f.oem4f (.const:xdc_runtime_Text_unnamedModsLastId__C)
                  00006a5c    00000001     empty_pem4f.oem4f (.const:xdc_runtime_Error_policy__C)

.cinit     0    00006a60    00000248     
                  00006a60    00000214     (.cinit..data.load) [load image, compression = lzss]
                  00006c74    0000000c     (__TI_handler_table)
                  00006c80    00000008     (.cinit..bss.load) [load image, compression = zero_init]
                  00006c88    00000008     (.cinit..vecs.load) [load image, compression = zero_init]
                  00006c90    00000018     (__TI_cinit_table)

.init_array 
*          0    00000000    00000000     UNINITIALIZED

.resetVecs 
*          0    00000000    0000003c     
                  00000000    0000003c     empty_pem4f.oem4f (.resetVecs)

.bss       0    20000360    00000b0c     UNINITIALIZED
                  20000360    00000400     (.common:ti_sysbios_heaps_HeapMem_Instance_State_0_buf__A)
                  20000760    00000360     (.common:ti_sysbios_family_arm_m3_Hwi_dispatchTable)
                  20000ac0    00000200     empty_pem4f.oem4f (.bss:taskStackSection)
                  20000cc0    00000120     rtsv7M4_T_le_v4SPD16_eabi.lib : trgmsg.c.obj (.bss:_CIOBUF_)
                  20000de0    00000080     (.common:xdc_runtime_SysMin_Module_State_0_outbuf__A)
                  20000e60    00000008     (.common:parmbuf)
                  20000e68    00000004     (.common:instructions)

.data      0    20000e6c    00000454     UNINITIALIZED
                  20000e6c    00000080     empty_pem4f.oem4f (.data:ti_sysbios_knl_Swi_Module_State_0_readyQ__A)
                  20000eec    00000080     empty_pem4f.oem4f (.data:ti_sysbios_knl_Task_Module_State_0_readyQ__A)
                  20000f6c    00000068     empty.obj (.data:arr_cmd)
                  20000fd4    0000004c     empty_pem4f.oem4f (.data:ti_sysbios_knl_Task_Object__table__V)
                  20001020    00000044     empty_pem4f.oem4f (.data:ti_sysbios_knl_Task_Module__state__V)
                  20001064    00000040     empty_pem4f.oem4f (.data:ti_sysbios_family_arm_lm4_Timer_Object__table__V)
                  200010a4    00000038     empty_pem4f.oem4f (.data:ti_sysbios_gates_GateMutex_Object__table__V)
                  200010dc    00000034     empty_pem4f.oem4f (.data:ti_sysbios_family_arm_m3_Hwi_Module__state__V)
                  20001110    00000030     empty_pem4f.oem4f (.data:ti_sysbios_family_arm_lm4_Timer_Module_State_0_device__A)
                  20001140    00000030     empty_pem4f.oem4f (.data:ti_sysbios_family_arm_m3_Hwi_Object__table__V)
                  20001170    00000030     empty_pem4f.oem4f (.data:ti_sysbios_knl_Swi_Object__table__V)
                  200011a0    0000002c     empty_pem4f.oem4f (.data:ti_sysbios_knl_Clock_Module__state__V)
                  200011cc    00000024     empty_pem4f.oem4f (.data:ti_sysbios_BIOS_Module__state__V)
                  200011f0    0000001c     empty_pem4f.oem4f (.data:ti_sysbios_knl_Swi_Module__state__V)
                  2000120c    00000018     empty_pem4f.oem4f (.data:ti_sysbios_family_arm_lm4_Timer_Module_State_0_handles__A)
                  20001224    00000018     empty_pem4f.oem4f (.data:ti_sysbios_heaps_HeapMem_Object__table__V)
                  2000123c    0000000c     empty_pem4f.oem4f (.data:ti_sysbios_family_arm_lm4_Timer_Module__state__V)
                  20001248    0000000c     empty_pem4f.oem4f (.data:xdc_runtime_SysMin_Module__state__V)
                  20001254    00000008     rtsv7M4_T_le_v4SPD16_eabi.lib : _lock.c.obj (.data:$O1$$)
                  2000125c    00000008     empty_pem4f.oem4f (.data:ti_sysbios_gates_GateHwi_Module__root__V)
                  20001264    00000008     empty_pem4f.oem4f (.data:ti_sysbios_gates_GateMutex_Module__root__V)
                  2000126c    00000008     empty_pem4f.oem4f (.data:ti_sysbios_heaps_HeapMem_Module__root__V)
                  20001274    00000008     empty_pem4f.oem4f (.data:ti_sysbios_knl_Queue_Module__root__V)
                  2000127c    00000008     empty_pem4f.oem4f (.data:ti_sysbios_knl_Semaphore_Module__root__V)
                  20001284    00000008     empty_pem4f.oem4f (.data:xdc_runtime_Registry_Module__state__V)
                  2000128c    00000008     empty_pem4f.oem4f (.data:xdc_runtime_Startup_Module__state__V)
                  20001294    00000008     empty_pem4f.oem4f (.data:xdc_runtime_System_Module_State_0_atexitHandlers__A)
                  2000129c    00000008     empty_pem4f.oem4f (.data:xdc_runtime_System_Module__state__V)
                  200012a4    00000004     rtsv7M4_T_le_v4SPD16_eabi.lib : stkdepth_vars.c.obj (.data)
                  200012a8    00000004     empty_pem4f.oem4f (.data:ti_sysbios_family_arm_m3_Hwi_Module_State_0_excContext__A)
                  200012ac    00000004     empty_pem4f.oem4f (.data:ti_sysbios_family_arm_m3_Hwi_Module_State_0_excStack__A)
                  200012b0    00000004     empty_pem4f.oem4f (.data:ti_sysbios_gates_GateHwi_Object__table__V)
                  200012b4    00000004     empty_pem4f.oem4f (.data:ti_sysbios_knl_Task_Module_State_0_idleTask__A)
                  200012b8    00000004     empty_pem4f.oem4f (.data:xdc_runtime_Memory_Module__state__V)
                  200012bc    00000002     empty_pem4f.oem4f (.data:ti_sysbios_family_arm_m3_Hwi_Module_State_0_excActive__A)
                  200012be    00000002     empty_pem4f.oem4f (.data:xdc_runtime_Error_Module__state__V)

.stack     0    200012c0    00000300     UNINITIALIZED
                  200012c0    00000300     --HOLE--

.bootVecs 
*          0    00000000    00000008     DSECT
                  00000000    00000008     boot.aem4f : boot.oem4f (.bootVecs)

.vecs      0    20000000    00000360     UNINITIALIZED
                  20000000    00000360     empty_pem4f.oem4f (.vecs)

xdc.meta   0    00000000    000000e2     COPY SECTION
                  00000000    000000e2     empty_pem4f.oem4f (xdc.meta)

__llvm_prf_cnts 
*          0    20000000    00000000     UNINITIALIZED

MODULE SUMMARY

       Module                       code    ro data   rw data
       ------                       ----    -------   -------
    .\
       empty.obj                    404     52        108    
    +--+----------------------------+-------+---------+---------+
       Total:                       404     52        108    
                                                             
    C:\Users\colby\OneDrive\Milestone_2\Rev_1\Debug\configPkg\package\cfg\
       empty_pem4f.oem4f            1446    7493      4384   
    +--+----------------------------+-------+---------+---------+
       Total:                       1446    7493      4384   
                                                             
    C:/ti/tirtos_tivac_2_16_01_14/products/TivaWare_C_Series-2.1.1.71b/driverlib/ccs/Debug/driverlib.lib
       sysctl.obj                   566     108       0      
       gpio.obj                     466     144       0      
       uart.obj                     160     0         0      
    +--+----------------------------+-------+---------+---------+
       Total:                       1192    252       0      
                                                             
    C:\Users\colby\OneDrive\Milestone_2\Rev_1\src\sysbios\sysbios.aem4f
       BIOS.obj                     10144   0         0      
       m3_Hwi_asm.obj               314     0         0      
       m3_TaskSupport_asm.obj       180     0         0      
       m3_Hwi_asm_switch.obj        118     0         0      
    +--+----------------------------+-------+---------+---------+
       Total:                       10756   0         0      
                                                             
    C:\ti\ccs1040\ccs\tools\compiler\ti-cgt-arm_20.2.5.LTS\lib\rtsv7M4_T_le_v4SPD16_eabi.lib
       trgmsg.c.obj                 108     0         288    
       memcpy_t2.asm.obj            156     0         0      
       memset_t2.asm.obj            122     0         0      
       copy_decompress_lzss.c.obj   104     0         0      
       hostwrite.c.obj              88      0         0      
       cpy_tbl.c.obj                76      0         0      
       u_divt2.asm.obj              64      0         0      
       _lock.c.obj                  26      0         8      
       args_main.c.obj              24      0         0      
       strlen.c.obj                 20      0         0      
       copy_decompress_none.c.obj   14      0         0      
       copy_zero_init.c.obj         12      0         0      
       hostopen.c.obj               0       0         8      
       exit.c.obj                   4       0         0      
       stkdepth_vars.c.obj          0       0         4      
       div0.asm.obj                 2       0         0      
    +--+----------------------------+-------+---------+---------+
       Total:                       820     0         308    
                                                             
    C:\ti\tirtos_tivac_2_16_01_14\products\bios_6_45_02_31\packages\ti\catalog\arm\cortexm4\tiva\ce\lib\Boot.aem4f
       Boot_sysctl.oem4f            262     0         0      
       Boot.oem4f                   152     0         0      
    +--+----------------------------+-------+---------+---------+
       Total:                       414     0         0      
                                                             
    C:\ti\tirtos_tivac_2_16_01_14\products\bios_6_45_02_31\packages\ti\targets\arm\rtsarm\lib\auto_init.aem4f
       auto_init.oem4f              160     0         0      
    +--+----------------------------+-------+---------+---------+
       Total:                       160     0         0      
                                                             
    C:\ti\tirtos_tivac_2_16_01_14\products\bios_6_45_02_31\packages\ti\targets\arm\rtsarm\lib\boot.aem4f
       boot.oem4f                   88      0         0      
    +--+----------------------------+-------+---------+---------+
       Total:                       88      0         0      
                                                             
    C:\ti\tirtos_tivac_2_16_01_14\products\bios_6_45_02_31\packages\ti\targets\arm\rtsarm\lib\ti.targets.arm.rtsarm.aem4f
       System.oem4f                 1255    0         0      
       Text.oem4f                   672     0         0      
       Error.oem4f                  524     0         0      
       Core-mem.oem4f               358     0         0      
       Startup.oem4f                328     0         0      
       SysMin.oem4f                 248     0         0      
       Core-smem.oem4f              204     0         0      
       Memory.oem4f                 176     0         0      
       Assert.oem4f                 84      0         0      
       Core-params.oem4f            70      0         0      
       Core-label.oem4f             52      0         0      
       Registry.oem4f               32      0         0      
       Gate.oem4f                   28      0         0      
    +--+----------------------------+-------+---------+---------+
       Total:                       4031    0         0      
                                                             
       Stack:                       0       0         768    
       Linker Generated:            0       584       0      
    +--+----------------------------+-------+---------+---------+
       Grand Total:                 19311   8381      5568   


LINKER GENERATED COPY TABLES

__TI_cinit_table @ 00006c90 records: 3, size/record: 8, table size: 24
	.data: load addr=00006a60, load size=00000214 bytes, run addr=20000e6c, run size=00000454 bytes, compression=lzss
	.bss: load addr=00006c80, load size=00000008 bytes, run addr=20000360, run size=00000b0c bytes, compression=zero_init
	.vecs: load addr=00006c88, load size=00000008 bytes, run addr=20000000, run size=00000360 bytes, compression=zero_init


LINKER GENERATED HANDLER TABLE

__TI_handler_table @ 00006c74 records: 3, size/record: 4, table size: 12
	index: 0, handler: __TI_decompress_lzss
	index: 1, handler: __TI_decompress_none
	index: 2, handler: __TI_zero_init


GLOBAL SYMBOLS: SORTED ALPHABETICALLY BY Name 

address   name                                                              
-------   ----                                                              
00002da5  Board_Init                                                        
00000cfd  C$$EXIT                                                           
00003d73  C$$IO$$                                                           
00004299  GPIODirModeSet                                                    
000017e5  GPIOPadConfigSet                                                  
000038fd  GPIOPinConfigure                                                  
000047c5  GPIOPinTypeGPIOOutput                                             
000049b1  GPIOPinTypeUART                                                   
00002e9b  GPIOPinWrite                                                      
000035c9  HOSTwrite                                                         
UNDEFED   SHT$$INIT_ARRAY$$Base                                             
UNDEFED   SHT$$INIT_ARRAY$$Limit                                            
00001a2d  SysCtlClockGet                                                    
0000201d  SysCtlClockSet                                                    
00003203  SysCtlDelay                                                       
00003e61  SysCtlPeripheralEnable                                            
00004b89  UARTCharGet                                                       
00004ab1  UARTCharPutNonBlocking                                            
00003bc1  UARTConfigSetExpClk                                               
00004611  UARTDisable                                                       
000048cf  UARTEnable                                                        
000007bd  UARTIntClear                                                      
00004bb1  UARTIntEnable                                                     
00004b93  UARTIntStatus                                                     
000028f9  UART_Read                                                         
00000000  __ASM__                                                           
20000cc0  __CIOBUF_                                                         
00000060  __ISA__                                                           
00000073  __PLAT__                                                          
200015c0  __STACK_END                                                       
00000300  __STACK_SIZE                                                      
00000094  __TARG__                                                          
00006c90  __TI_CINIT_Base                                                   
00006ca8  __TI_CINIT_Limit                                                  
00006c74  __TI_Handler_Table_Base                                           
00006c80  __TI_Handler_Table_Limit                                          
000027b9  __TI_auto_init                                                    
00003135  __TI_decompress_lzss                                              
00004abf  __TI_decompress_none                                              
ffffffff  __TI_pprof_out_hndl                                               
ffffffff  __TI_prof_data_size                                               
ffffffff  __TI_prof_data_start                                              
00003e95  __TI_readmsg                                                      
00006a60  __TI_static_base__                                                
00003d45  __TI_writemsg                                                     
00004b15  __TI_zero_init                                                    
000000ba  __TRDR__                                                          
000036cf  __aeabi_idiv0                                                     
000036cf  __aeabi_ldiv0                                                     
00002e21  __aeabi_memclr                                                    
00002e21  __aeabi_memclr4                                                   
00002e21  __aeabi_memclr8                                                   
00002995  __aeabi_memcpy                                                    
00002995  __aeabi_memcpy4                                                   
00002995  __aeabi_memcpy8                                                   
00002e23  __aeabi_memset                                                    
00002e23  __aeabi_memset4                                                   
00002e23  __aeabi_memset8                                                   
00003c03  __aeabi_uidiv                                                     
00003c03  __aeabi_uidivmod                                                  
ffffffff  __binit__                                                         
ffffffff  __c_args__                                                        
200012c0  __stack                                                           
20000000  __start___llvm_prf_cnts                                           
20000000  __stop___llvm_prf_cnts                                            
000047dd  _args_main                                                        
00003571  _c_int00                                                          
20001254  _lock                                                             
00002b67  _nop                                                              
00004afd  _register_lock                                                    
00004b09  _register_unlock                                                  
20001258  _unlock                                                           
00000cfd  abort                                                             
20000f6c  arr_cmd                                                           
000048e5  bLED                                                              
ffffffff  binit                                                             
000037c1  copy_in                                                           
00002fef  dist                                                              
000034b5  frontDistPrnt                                                     
000048f9  gLED                                                              
20000e68  instructions                                                      
00004bb9  main                                                              
200012a4  main_func_sp                                                      
00002995  memcpy                                                            
00002e29  memset                                                            
0000490d  offLED                                                            
20000e60  parmbuf                                                           
00004921  rLED                                                              
000034b7  reverse                                                           
000036cd  rightDistPrnt                                                     
0000380d  run                                                               
0000380f  set                                                               
0000385d  stop                                                              
00004935  strlen                                                            
000068cc  ti_catalog_arm_cortexm4_tiva_ce_Boot_A_mustUseEnhancedClockMode__C
000068d0  ti_catalog_arm_cortexm4_tiva_ce_Boot_Module__diagsEnabled__C      
000068d4  ti_catalog_arm_cortexm4_tiva_ce_Boot_Module__diagsIncluded__C     
000068d8  ti_catalog_arm_cortexm4_tiva_ce_Boot_Module__diagsMask__C         
00006a3c  ti_catalog_arm_cortexm4_tiva_ce_Boot_Module__id__C                
00004af1  ti_catalog_arm_cortexm4_tiva_ce_Boot_init__I                      
00001b39  ti_catalog_arm_cortexm4_tiva_ce_Boot_sysCtlClockSetI__I           
00002b69  ti_catalog_arm_cortexm4_tiva_ce_Boot_sysCtlClockSet__E            
00003c43  ti_catalog_arm_cortexm4_tiva_ce_Boot_sysCtlDelayI__I              
200011cc  ti_sysbios_BIOS_Module__state__V                                  
00004729  ti_sysbios_BIOS_RtsGateProxy_Handle__label__S                     
000043f5  ti_sysbios_BIOS_RtsGateProxy_Object__delete__S                    
00001145  ti_sysbios_BIOS_RtsGateProxy_enter__E                             
000012bd  ti_sysbios_BIOS_RtsGateProxy_leave__E                             
00004c09  ti_sysbios_BIOS_RtsGateProxy_query__E                             
00003fd5  ti_sysbios_BIOS_atExitFunc__I                                     
00004365  ti_sysbios_BIOS_errorRaiseHook__I                                 
000048b9  ti_sysbios_BIOS_exitFunc__I                                       
0000385f  ti_sysbios_BIOS_nullFunc__I                                       
00004389  ti_sysbios_BIOS_registerRTSLock__I                                
000043ad  ti_sysbios_BIOS_removeRTSLock__I                                  
000044cd  ti_sysbios_BIOS_rtsLock__I                                        
000047f5  ti_sysbios_BIOS_rtsUnlock__I                                      
000049f1  ti_sysbios_BIOS_setThreadType__E                                  
000043d1  ti_sysbios_BIOS_startFunc__I                                      
20001110  ti_sysbios_family_arm_lm4_Timer_Module_State_0_device__A          
2000120c  ti_sysbios_family_arm_lm4_Timer_Module_State_0_handles__A         
0000480d  ti_sysbios_family_arm_lm4_Timer_Module__startupDone__F            
0000480d  ti_sysbios_family_arm_lm4_Timer_Module__startupDone__S            
2000123c  ti_sysbios_family_arm_lm4_Timer_Module__state__V                  
00003209  ti_sysbios_family_arm_lm4_Timer_Module_startup__E                 
20001064  ti_sysbios_family_arm_lm4_Timer_Object__table__V                  
000068dc  ti_sysbios_family_arm_lm4_Timer_enableFunc__C                     
00002669  ti_sysbios_family_arm_lm4_Timer_enableTimers__I                   
000025b9  ti_sysbios_family_arm_lm4_Timer_enableTiva__I                     
00004b21  ti_sysbios_family_arm_lm4_Timer_getMaxTicks__E                    
000032d9  ti_sysbios_family_arm_lm4_Timer_isrStub__E                        
00004bc1  ti_sysbios_family_arm_lm4_Timer_masterDisable__I                  
00001425  ti_sysbios_family_arm_lm4_Timer_masterEnable__I                   
000068e0  ti_sysbios_family_arm_lm4_Timer_numTimerDevices__C                
000016b1  ti_sysbios_family_arm_lm4_Timer_start__E                          
000068e4  ti_sysbios_family_arm_lm4_Timer_startupNeeded__C                  
00003c49  ti_sysbios_family_arm_lm4_Timer_startup__E                        
00004009  ti_sysbios_family_arm_lm4_Timer_stop__E                           
00004489  ti_sysbios_family_arm_lm4_Timer_write__I                          
000068e8  ti_sysbios_family_arm_m3_Hwi_E_NMI__C                             
000068ec  ti_sysbios_family_arm_m3_Hwi_E_busFault__C                        
000068f0  ti_sysbios_family_arm_m3_Hwi_E_debugMon__C                        
000068f4  ti_sysbios_family_arm_m3_Hwi_E_hardFault__C                       
000068f8  ti_sysbios_family_arm_m3_Hwi_E_memFault__C                        
000068fc  ti_sysbios_family_arm_m3_Hwi_E_noIsr__C                           
00006900  ti_sysbios_family_arm_m3_Hwi_E_reserved__C                        
00006904  ti_sysbios_family_arm_m3_Hwi_E_svCall__C                          
00006908  ti_sysbios_family_arm_m3_Hwi_E_usageFault__C                      
000046f5  ti_sysbios_family_arm_m3_Hwi_Handle__label__S                     
200012bc  ti_sysbios_family_arm_m3_Hwi_Module_State_0_excActive__A          
200012a8  ti_sysbios_family_arm_m3_Hwi_Module_State_0_excContext__A         
200012ac  ti_sysbios_family_arm_m3_Hwi_Module_State_0_excStack__A           
00006a3e  ti_sysbios_family_arm_m3_Hwi_Module__id__C                        
00004825  ti_sysbios_family_arm_m3_Hwi_Module__startupDone__F               
00004825  ti_sysbios_family_arm_m3_Hwi_Module__startupDone__S               
200010dc  ti_sysbios_family_arm_m3_Hwi_Module__state__V                     
000036d1  ti_sysbios_family_arm_m3_Hwi_Module_startup__E                    
0000690c  ti_sysbios_family_arm_m3_Hwi_NUM_INTERRUPTS__C                    
00006910  ti_sysbios_family_arm_m3_Hwi_Object__count__C                     
00004949  ti_sysbios_family_arm_m3_Hwi_Object__get__S                       
20001140  ti_sysbios_family_arm_m3_Hwi_Object__table__V                     
00006914  ti_sysbios_family_arm_m3_Hwi_ccr__C                               
00003949  ti_sysbios_family_arm_m3_Hwi_disableInterrupt__E                  
00003271  ti_sysbios_family_arm_m3_Hwi_dispatchC__I                         
20000760  ti_sysbios_family_arm_m3_Hwi_dispatchTable                        
00001f29  ti_sysbios_family_arm_m3_Hwi_dispatch__I                          
00004bc9  ti_sysbios_family_arm_m3_Hwi_doSwiRestore__I                      
00004bd9  ti_sysbios_family_arm_m3_Hwi_doTaskRestore__I                     
00003991  ti_sysbios_family_arm_m3_Hwi_enableInterrupt__E                   
00001149  ti_sysbios_family_arm_m3_Hwi_excBusFault__I                       
000022c9  ti_sysbios_family_arm_m3_Hwi_excDebugMon__I                       
00000041  ti_sysbios_family_arm_m3_Hwi_excDumpRegs__I                       
000044ed  ti_sysbios_family_arm_m3_Hwi_excHandlerAsm__I                     
00006918  ti_sysbios_family_arm_m3_Hwi_excHandlerFunc__C                    
00000f51  ti_sysbios_family_arm_m3_Hwi_excHandlerMax__I                     
00004511  ti_sysbios_family_arm_m3_Hwi_excHandler__I                        
00002389  ti_sysbios_family_arm_m3_Hwi_excHardFault__I                      
000068ac  ti_sysbios_family_arm_m3_Hwi_excHookFuncs__A                      
0000691c  ti_sysbios_family_arm_m3_Hwi_excHookFuncs__C                      
00001429  ti_sysbios_family_arm_m3_Hwi_excMemFault__I                       
00003ec9  ti_sysbios_family_arm_m3_Hwi_excNmi__I                            
00003d81  ti_sysbios_family_arm_m3_Hwi_excNoIsr__I                          
000039d9  ti_sysbios_family_arm_m3_Hwi_excReserved__I                       
00003c89  ti_sysbios_family_arm_m3_Hwi_excSvCall__I                         
000012c1  ti_sysbios_family_arm_m3_Hwi_excUsageFault__I                     
00003a69  ti_sysbios_family_arm_m3_Hwi_getStackInfo__E                      
00002c01  ti_sysbios_family_arm_m3_Hwi_initNVIC__E                          
00003621  ti_sysbios_family_arm_m3_Hwi_initStacks__E                        
00006920  ti_sysbios_family_arm_m3_Hwi_nullIsrFunc__C                       
e000e000  ti_sysbios_family_arm_m3_Hwi_nvic                                 
00004319  ti_sysbios_family_arm_m3_Hwi_pendSV__I                            
00002d21  ti_sysbios_family_arm_m3_Hwi_postInit__I                          
00006924  ti_sysbios_family_arm_m3_Hwi_priGroup__C                          
20000000  ti_sysbios_family_arm_m3_Hwi_ramVectors                           
00000000  ti_sysbios_family_arm_m3_Hwi_resetVectors                         
0000433d  ti_sysbios_family_arm_m3_Hwi_return                               
00004bd1  ti_sysbios_family_arm_m3_Hwi_startup__E                           
00004961  ti_sysbios_family_arm_m3_Hwi_switchFromBootStack__E               
000016ad  ti_sysbios_family_arm_m3_TaskSupport_Module__startupDone__S       
00002c95  ti_sysbios_family_arm_m3_TaskSupport_buildTaskStack               
00004b31  ti_sysbios_family_arm_m3_TaskSupport_checkStack__E                
00004a01  ti_sysbios_family_arm_m3_TaskSupport_glue                         
00004039  ti_sysbios_family_arm_m3_TaskSupport_start__E                     
0000483d  ti_sysbios_family_arm_m3_TaskSupport_swap__E                      
000045f1  ti_sysbios_family_xxx_Hwi_switchAndRunFunc                        
0000470f  ti_sysbios_gates_GateHwi_Handle__label__S                         
00004c19  ti_sysbios_gates_GateHwi_Instance_init__E                         
000066f0  ti_sysbios_gates_GateHwi_Module__FXNS__C                          
2000125c  ti_sysbios_gates_GateHwi_Module__root__V                          
00006780  ti_sysbios_gates_GateHwi_Object__DESC__C                          
00006840  ti_sysbios_gates_GateHwi_Object__PARAMS__C                        
00004069  ti_sysbios_gates_GateHwi_Object__create__S                        
00004531  ti_sysbios_gates_GateHwi_Object__delete__S                        
200012b0  ti_sysbios_gates_GateHwi_Object__table__V                         
00004b41  ti_sysbios_gates_GateHwi_enter__E                                 
00004be1  ti_sysbios_gates_GateHwi_leave__E                                 
00004c01  ti_sysbios_gates_GateHwi_query__E                                 
00006928  ti_sysbios_gates_GateMutex_A_badContext__C                        
00004729  ti_sysbios_gates_GateMutex_Handle__label__S                       
0000692c  ti_sysbios_gates_GateMutex_Instance_State_sem__O                  
00004a11  ti_sysbios_gates_GateMutex_Instance_finalize__E                   
00004631  ti_sysbios_gates_GateMutex_Instance_init__E                       
00006714  ti_sysbios_gates_GateMutex_Module__FXNS__C                        
00006930  ti_sysbios_gates_GateMutex_Module__diagsEnabled__C                
00006934  ti_sysbios_gates_GateMutex_Module__diagsIncluded__C               
00006938  ti_sysbios_gates_GateMutex_Module__diagsMask__C                   
00006a40  ti_sysbios_gates_GateMutex_Module__id__C                          
20001264  ti_sysbios_gates_GateMutex_Module__root__V                        
000067a0  ti_sysbios_gates_GateMutex_Object__DESC__C                        
00006858  ti_sysbios_gates_GateMutex_Object__PARAMS__C                      
00004099  ti_sysbios_gates_GateMutex_Object__create__S                      
000043f5  ti_sysbios_gates_GateMutex_Object__delete__S                      
200010a4  ti_sysbios_gates_GateMutex_Object__table__V                       
00002449  ti_sysbios_gates_GateMutex_enter__E                               
00004859  ti_sysbios_gates_GateMutex_leave__E                               
00004c09  ti_sysbios_gates_GateMutex_query__E                               
0000693c  ti_sysbios_hal_Hwi_E_stackOverflow__C                             
000046f5  ti_sysbios_hal_Hwi_HwiProxy_Handle__label__S                      
00004825  ti_sysbios_hal_Hwi_HwiProxy_Module__startupDone__S                
00003949  ti_sysbios_hal_Hwi_HwiProxy_disableInterrupt__E                   
00003991  ti_sysbios_hal_Hwi_HwiProxy_enableInterrupt__E                    
00003a69  ti_sysbios_hal_Hwi_HwiProxy_getStackInfo__E                       
00004bd1  ti_sysbios_hal_Hwi_HwiProxy_startup__E                            
00004961  ti_sysbios_hal_Hwi_HwiProxy_switchFromBootStack__E                
00006a42  ti_sysbios_hal_Hwi_Module__id__C                                  
000049c9  ti_sysbios_hal_Hwi_Module_startup__E                              
00003f01  ti_sysbios_hal_Hwi_checkStack                                     
00003949  ti_sysbios_hal_Hwi_disableInterrupt__E                            
00003991  ti_sysbios_hal_Hwi_enableInterrupt__E                             
00003a69  ti_sysbios_hal_Hwi_getStackInfo__E                                
00003fa1  ti_sysbios_hal_Hwi_initStack                                      
00004bd1  ti_sysbios_hal_Hwi_startup__E                                     
00004961  ti_sysbios_hal_Hwi_switchFromBootStack__E                         
00006940  ti_sysbios_heaps_HeapMem_A_align__C                               
00006944  ti_sysbios_heaps_HeapMem_A_heapSize__C                            
00006948  ti_sysbios_heaps_HeapMem_A_invalidFree__C                         
0000694c  ti_sysbios_heaps_HeapMem_A_zeroBlock__C                           
00006950  ti_sysbios_heaps_HeapMem_E_memory__C                              
00004743  ti_sysbios_heaps_HeapMem_Handle__label__S                         
20000360  ti_sysbios_heaps_HeapMem_Instance_State_0_buf__A                  
00001571  ti_sysbios_heaps_HeapMem_Instance_init__E                         
00004729  ti_sysbios_heaps_HeapMem_Module_GateProxy_Handle__label__S        
000043f5  ti_sysbios_heaps_HeapMem_Module_GateProxy_Object__delete__S       
0000210d  ti_sysbios_heaps_HeapMem_Module_GateProxy_enter__E                
00002385  ti_sysbios_heaps_HeapMem_Module_GateProxy_leave__E                
00004c09  ti_sysbios_heaps_HeapMem_Module_GateProxy_query__E                
000066c8  ti_sysbios_heaps_HeapMem_Module__FXNS__C                          
[...]
00004961  ti_sysbios_family_arm_m3_Hwi_switchFromBootStack__E               
00004961  ti_sysbios_hal_Hwi_HwiProxy_switchFromBootStack__E                
00004961  ti_sysbios_hal_Hwi_switchFromBootStack__E                         
00004975  ti_sysbios_heaps_HeapMem_Object__get__S                           
00004989  ti_sysbios_knl_Swi_Object__get__S                                 
0000499d  wLED                                                              
000049b1  GPIOPinTypeUART                                                   
000049c3  xdc_runtime_System_Module_startup__E                              
000049c9  ti_sysbios_hal_Hwi_Module_startup__E                              
000049db  xdc_runtime_Startup_exec__I                                       
000049f1  ti_sysbios_BIOS_setThreadType__E                                  
00004a01  ti_sysbios_family_arm_m3_TaskSupport_glue                         
00004a11  ti_sysbios_gates_GateMutex_Instance_finalize__E                   
00004a21  ti_sysbios_knl_Semaphore_Instance_finalize__E                     
00004a31  ti_sysbios_knl_Swi_disable__E                                     
00004a41  ti_sysbios_knl_Task_Object__get__S                                
00004a51  ti_sysbios_knl_Task_disable__E                                    
00004a61  xdc_runtime_Gate_leaveSystem__E                                   
00004a71  xdc_runtime_Memory_free__E                                        
00004a81  xdc_runtime_SysMin_ready__E                                       
00004a81  xdc_runtime_System_SupportProxy_ready__E                          
00004a91  xdc_runtime_System_vsnprintf__E                                   
00004aa1  xdc_runtime_Text_visitRope__I                                     
00004ab1  UARTCharPutNonBlocking                                            
00004abf  __TI_decompress_none                                              
00004ad1  ti_sysbios_knl_Idle_loop__E                                       
00004ae1  ti_sysbios_knl_Queue_empty__E                                     
00004af1  ti_catalog_arm_cortexm4_tiva_ce_Boot_init__I                      
00004afd  _register_lock                                                    
00004b09  _register_unlock                                                  
00004b15  __TI_zero_init                                                    
00004b21  ti_sysbios_family_arm_lm4_Timer_getMaxTicks__E                    
00004b31  ti_sysbios_family_arm_m3_TaskSupport_checkStack__E                
00004b31  ti_sysbios_knl_Task_SupportProxy_checkStack__E                    
00004b41  ti_sysbios_gates_GateHwi_enter__E                                 
00004b4d  ti_sysbios_knl_Queue_Object__get__S                               
00004b59  xdc_runtime_Error_init__E                                         
00004b65  xdc_runtime_Gate_enterSystem__E                                   
00004b71  xdc_runtime_Memory_calloc__E                                      
00004b7d  xdc_runtime_Memory_getMaxDefaultTypeAlign__E                      
00004b89  UARTCharGet                                                       
00004b93  UARTIntStatus                                                     
00004b9d  xdc_runtime_Memory_HeapProxy_alloc__E                             
00004ba7  xdc_runtime_Memory_HeapProxy_free__E                              
00004bb1  UARTIntEnable                                                     
00004bb9  main                                                              
00004bc1  ti_sysbios_family_arm_lm4_Timer_masterDisable__I                  
00004bc9  ti_sysbios_family_arm_m3_Hwi_doSwiRestore__I                      
00004bd1  ti_sysbios_family_arm_m3_Hwi_startup__E                           
00004bd1  ti_sysbios_hal_Hwi_HwiProxy_startup__E                            
00004bd1  ti_sysbios_hal_Hwi_startup__E                                     
00004bd9  ti_sysbios_family_arm_m3_Hwi_doTaskRestore__I                     
00004be1  ti_sysbios_gates_GateHwi_leave__E                                 
00004be9  ti_sysbios_heaps_HeapMem_isBlocking__E                            
00004bf1  ti_sysbios_knl_Queue_Instance_init__E                             
00004bf9  ti_sysbios_knl_Swi_startup__E                                     
00004c01  ti_sysbios_gates_GateHwi_query__E                                 
00004c01  xdc_runtime_Main_Module_GateProxy_query__E                        
00004c01  xdc_runtime_System_Module_GateProxy_query__E                      
00004c09  ti_sysbios_BIOS_RtsGateProxy_query__E                             
00004c09  ti_sysbios_gates_GateMutex_query__E                               
00004c09  ti_sysbios_heaps_HeapMem_Module_GateProxy_query__E                
00004c11  ti_sysbios_knl_Task_startup__E                                    
00004c19  ti_sysbios_gates_GateHwi_Instance_init__E                         
00004c21  ti_sysbios_knl_Clock_logTick__E                                   
00004c24  xdc_runtime_Text_charTab__A                                       
00006494  xdc_runtime_Text_nodeTab__A                                       
000066c8  ti_sysbios_heaps_HeapMem_Module__FXNS__C                          
000066f0  ti_sysbios_gates_GateHwi_Module__FXNS__C                          
00006714  ti_sysbios_gates_GateMutex_Module__FXNS__C                        
00006738  ti_sysbios_heaps_HeapMem_Object__PARAMS__C                        
0000675c  ti_sysbios_knl_Semaphore_Object__PARAMS__C                        
00006780  ti_sysbios_gates_GateHwi_Object__DESC__C                          
000067a0  ti_sysbios_gates_GateMutex_Object__DESC__C                        
000067c0  ti_sysbios_heaps_HeapMem_Object__DESC__C                          
000067e0  ti_sysbios_knl_Queue_Object__DESC__C                              
00006800  ti_sysbios_knl_Semaphore_Object__DESC__C                          
00006820  xdc_runtime_Startup_sfxnTab__A                                    
00006840  ti_sysbios_gates_GateHwi_Object__PARAMS__C                        
00006858  ti_sysbios_gates_GateMutex_Object__PARAMS__C                      
00006870  ti_sysbios_knl_Queue_Object__PARAMS__C                            
00006888  xdc_runtime_Startup_firstFxns__A                                  
0000689c  xdc_runtime_Startup_sfxnRts__A                                    
000068ac  ti_sysbios_family_arm_m3_Hwi_excHookFuncs__A                      
000068b4  ti_sysbios_knl_Idle_funcList__C                                   
000068bc  xdc_runtime_Startup_firstFxns__C                                  
000068c4  xdc_runtime_Startup_lastFxns__C                                   
000068cc  ti_catalog_arm_cortexm4_tiva_ce_Boot_A_mustUseEnhancedClockMode__C
000068d0  ti_catalog_arm_cortexm4_tiva_ce_Boot_Module__diagsEnabled__C      
000068d4  ti_catalog_arm_cortexm4_tiva_ce_Boot_Module__diagsIncluded__C     
000068d8  ti_catalog_arm_cortexm4_tiva_ce_Boot_Module__diagsMask__C         
000068dc  ti_sysbios_family_arm_lm4_Timer_enableFunc__C                     
000068e0  ti_sysbios_family_arm_lm4_Timer_numTimerDevices__C                
000068e4  ti_sysbios_family_arm_lm4_Timer_startupNeeded__C                  
000068e8  ti_sysbios_family_arm_m3_Hwi_E_NMI__C                             
000068ec  ti_sysbios_family_arm_m3_Hwi_E_busFault__C                        
000068f0  ti_sysbios_family_arm_m3_Hwi_E_debugMon__C                        
000068f4  ti_sysbios_family_arm_m3_Hwi_E_hardFault__C                       
000068f8  ti_sysbios_family_arm_m3_Hwi_E_memFault__C                        
000068fc  ti_sysbios_family_arm_m3_Hwi_E_noIsr__C                           
00006900  ti_sysbios_family_arm_m3_Hwi_E_reserved__C                        
00006904  ti_sysbios_family_arm_m3_Hwi_E_svCall__C                          
00006908  ti_sysbios_family_arm_m3_Hwi_E_usageFault__C                      
0000690c  ti_sysbios_family_arm_m3_Hwi_NUM_INTERRUPTS__C                    
00006910  ti_sysbios_family_arm_m3_Hwi_Object__count__C                     
00006914  ti_sysbios_family_arm_m3_Hwi_ccr__C                               
00006918  ti_sysbios_family_arm_m3_Hwi_excHandlerFunc__C                    
0000691c  ti_sysbios_family_arm_m3_Hwi_excHookFuncs__C                      
00006920  ti_sysbios_family_arm_m3_Hwi_nullIsrFunc__C                       
00006924  ti_sysbios_family_arm_m3_Hwi_priGroup__C                          
00006928  ti_sysbios_gates_GateMutex_A_badContext__C                        
0000692c  ti_sysbios_gates_GateMutex_Instance_State_sem__O                  
00006930  ti_sysbios_gates_GateMutex_Module__diagsEnabled__C                
00006934  ti_sysbios_gates_GateMutex_Module__diagsIncluded__C               
00006938  ti_sysbios_gates_GateMutex_Module__diagsMask__C                   
0000693c  ti_sysbios_hal_Hwi_E_stackOverflow__C                             
00006940  ti_sysbios_heaps_HeapMem_A_align__C                               
00006944  ti_sysbios_heaps_HeapMem_A_heapSize__C                            
00006948  ti_sysbios_heaps_HeapMem_A_invalidFree__C                         
0000694c  ti_sysbios_heaps_HeapMem_A_zeroBlock__C                           
00006950  ti_sysbios_heaps_HeapMem_E_memory__C                              
00006954  ti_sysbios_heaps_HeapMem_Module__diagsEnabled__C                  
00006958  ti_sysbios_heaps_HeapMem_Module__diagsIncluded__C                 
0000695c  ti_sysbios_heaps_HeapMem_Module__diagsMask__C                     
00006960  ti_sysbios_heaps_HeapMem_Module__gateObj__C                       
00006964  ti_sysbios_heaps_HeapMem_Object__count__C                         
00006968  ti_sysbios_heaps_HeapMem_reqAlign__C                              
0000696c  ti_sysbios_knl_Clock_Module_State_clockQ__O                       
00006970  ti_sysbios_knl_Idle_funcList__A                                   
00006974  ti_sysbios_knl_Semaphore_A_badContext__C                          
00006978  ti_sysbios_knl_Semaphore_A_noEvents__C                            
0000697c  ti_sysbios_knl_Semaphore_A_overflow__C                            
00006980  ti_sysbios_knl_Semaphore_A_pendTaskDisabled__C                    
00006984  ti_sysbios_knl_Semaphore_Instance_State_pendQ__O                  
00006988  ti_sysbios_knl_Semaphore_Module__diagsEnabled__C                  
0000698c  ti_sysbios_knl_Semaphore_Module__diagsIncluded__C                 
00006990  ti_sysbios_knl_Semaphore_Module__diagsMask__C                     
00006994  ti_sysbios_knl_Swi_Object__count__C                               
00006998  ti_sysbios_knl_Task_E_spOutOfBounds__C                            
0000699c  ti_sysbios_knl_Task_E_stackOverflow__C                            
000069a0  ti_sysbios_knl_Task_Module_State_inactiveQ__O                     
000069a4  ti_sysbios_knl_Task_Object__count__C                              
000069a8  ti_sysbios_knl_Task_allBlockedFunc__C                             
000069ac  ti_sysbios_knl_Task_numConstructedTasks__C                        
000069b0  xdc_runtime_Assert_E_assertFailed__C                              
000069b4  xdc_runtime_Core_A_initializedParams__C                           
000069b8  xdc_runtime_Core_Module__diagsEnabled__C                          
000069bc  xdc_runtime_Core_Module__diagsIncluded__C                         
000069c0  xdc_runtime_Core_Module__diagsMask__C                             
000069c4  xdc_runtime_Error_E_memory__C                                     
000069c8  xdc_runtime_Error_Module__diagsEnabled__C                         
000069cc  xdc_runtime_Error_Module__diagsIncluded__C                        
000069d0  xdc_runtime_Error_Module__diagsMask__C                            
000069d4  xdc_runtime_Error_Module__loggerFxn8__C                           
000069d8  xdc_runtime_Error_Module__loggerObj__C                            
000069dc  xdc_runtime_Error_policyFxn__C                                    
000069e0  xdc_runtime_Error_raiseHook__C                                    
000069e4  xdc_runtime_IGateProvider_Interface__BASE__C                      
000069e8  xdc_runtime_IHeap_Interface__BASE__C                              
000069ec  xdc_runtime_IModule_Interface__BASE__C                            
000069f0  xdc_runtime_Log_L_error__C                                        
000069f4  xdc_runtime_Memory_defaultHeapInstance__C                         
000069f8  xdc_runtime_Startup_execImpl__C                                   
000069fc  xdc_runtime_Startup_maxPasses__C                                  
00006a00  xdc_runtime_Startup_sfxnRts__C                                    
00006a04  xdc_runtime_Startup_sfxnTab__C                                    
00006a08  xdc_runtime_SysMin_bufSize__C                                     
00006a0c  xdc_runtime_SysMin_outputFunc__C                                  
00006a10  xdc_runtime_System_Module__gateObj__C                             
00006a14  xdc_runtime_System_abortFxn__C                                    
00006a18  xdc_runtime_System_exitFxn__C                                     
00006a1c  xdc_runtime_System_extendFxn__C                                   
00006a20  xdc_runtime_System_maxAtexitHandlers__C                           
00006a24  xdc_runtime_Text_charTab__C                                       
00006a28  xdc_runtime_Text_nameEmpty__C                                     
00006a2c  xdc_runtime_Text_nameStatic__C                                    
00006a30  xdc_runtime_Text_nameUnknown__C                                   
00006a34  xdc_runtime_Text_nodeTab__C                                       
00006a38  xdc_runtime_Text_visitRopeFxn__C                                  
00006a3c  ti_catalog_arm_cortexm4_tiva_ce_Boot_Module__id__C                
00006a3e  ti_sysbios_family_arm_m3_Hwi_Module__id__C                        
00006a40  ti_sysbios_gates_GateMutex_Module__id__C                          
00006a42  ti_sysbios_hal_Hwi_Module__id__C                                  
00006a44  ti_sysbios_heaps_HeapMem_Module__id__C                            
00006a46  ti_sysbios_knl_Semaphore_Module__id__C                            
00006a48  ti_sysbios_knl_Task_Module__id__C                                 
00006a4a  xdc_runtime_Core_Module__id__C                                    
00006a4c  xdc_runtime_Error_Module__loggerDefined__C                        
00006a4e  xdc_runtime_Error_maxDepth__C                                     
00006a50  xdc_runtime_Memory_Module__id__C                                  
00006a52  xdc_runtime_SysMin_flushAtExit__C                                 
00006a54  xdc_runtime_Text_charCnt__C                                       
00006a56  xdc_runtime_Text_isLoaded__C                                      
00006a58  xdc_runtime_Text_registryModsLastId__C                            
00006a5a  xdc_runtime_Text_unnamedModsLastId__C                             
00006a5c  xdc_runtime_Error_policy__C                                       
00006a60  __TI_static_base__                                                
00006c74  __TI_Handler_Table_Base                                           
00006c80  __TI_Handler_Table_Limit                                          
00006c90  __TI_CINIT_Base                                                   
00006ca8  __TI_CINIT_Limit                                                  
20000000  __start___llvm_prf_cnts                                           
20000000  __stop___llvm_prf_cnts                                            
20000000  ti_sysbios_family_arm_m3_Hwi_ramVectors                           
20000360  ti_sysbios_heaps_HeapMem_Instance_State_0_buf__A                  
20000760  ti_sysbios_family_arm_m3_Hwi_dispatchTable                        
20000ac0  ti_sysbios_knl_Task_Instance_State_0_stack__A                     
20000cc0  __CIOBUF_                                                         
20000de0  xdc_runtime_SysMin_Module_State_0_outbuf__A                       
20000e60  parmbuf                                                           
20000e68  instructions                                                      
20000e6c  ti_sysbios_knl_Swi_Module_State_0_readyQ__A                       
20000eec  ti_sysbios_knl_Task_Module_State_0_readyQ__A                      
20000f6c  arr_cmd                                                           
20000fd4  ti_sysbios_knl_Task_Object__table__V                              
20001020  ti_sysbios_knl_Task_Module__state__V                              
20001064  ti_sysbios_family_arm_lm4_Timer_Object__table__V                  
200010a4  ti_sysbios_gates_GateMutex_Object__table__V                       
200010dc  ti_sysbios_family_arm_m3_Hwi_Module__state__V                     
20001110  ti_sysbios_family_arm_lm4_Timer_Module_State_0_device__A          
20001140  ti_sysbios_family_arm_m3_Hwi_Object__table__V                     
20001170  ti_sysbios_knl_Swi_Object__table__V                               
200011a0  ti_sysbios_knl_Clock_Module__state__V                             
200011cc  ti_sysbios_BIOS_Module__state__V                                  
200011f0  ti_sysbios_knl_Swi_Module__state__V                               
2000120c  ti_sysbios_family_arm_lm4_Timer_Module_State_0_handles__A         
20001224  ti_sysbios_heaps_HeapMem_Object__table__V                         
2000123c  ti_sysbios_family_arm_lm4_Timer_Module__state__V                  
20001248  xdc_runtime_SysMin_Module__state__V                               
20001254  _lock                                                             
20001258  _unlock                                                           
2000125c  ti_sysbios_gates_GateHwi_Module__root__V                          
20001264  ti_sysbios_gates_GateMutex_Module__root__V                        
2000126c  ti_sysbios_heaps_HeapMem_Module__root__V                          
20001274  ti_sysbios_knl_Queue_Module__root__V                              
2000127c  ti_sysbios_knl_Semaphore_Module__root__V                          
20001284  xdc_runtime_Registry_Module__state__V                             
2000128c  xdc_runtime_Startup_Module__state__V                              
20001294  xdc_runtime_System_Module_State_0_atexitHandlers__A               
2000129c  xdc_runtime_System_Module__state__V                               
200012a4  main_func_sp                                                      
200012a8  ti_sysbios_family_arm_m3_Hwi_Module_State_0_excContext__A         
200012ac  ti_sysbios_family_arm_m3_Hwi_Module_State_0_excStack__A           
200012b0  ti_sysbios_gates_GateHwi_Object__table__V                         
200012b4  ti_sysbios_knl_Task_Module_State_0_idleTask__A                    
200012b8  xdc_runtime_Memory_Module__state__V                               
200012bc  ti_sysbios_family_arm_m3_Hwi_Module_State_0_excActive__A          
200012be  xdc_runtime_Error_Module__state__V                                
200012c0  __stack                                                           
200015c0  __STACK_END                                                       
e000e000  ti_sysbios_family_arm_m3_Hwi_nvic                                 
ffffffff  __TI_pprof_out_hndl                                               
ffffffff  __TI_prof_data_size                                               
ffffffff  __TI_prof_data_start                                              
ffffffff  __binit__                                                         
ffffffff  __c_args__                                                        
ffffffff  binit                                                             
UNDEFED   SHT$$INIT_ARRAY$$Base                                             
UNDEFED   SHT$$INIT_ARRAY$$Limit                                            

[517 symbols]
